<html>
<body>
<pre>
<h1>µVision Build Log</h1>
<h2>Tool Versions:</h2>
IDE-Version: µVision V5.13.0.0
Copyright (C) 2014 ARM Ltd and ARM Germany GmbH. All rights reserved.
License Information: Slawomir Pab, AGH student, LIC=----
 
Tool Versions:
Toolchain:       MDK-Lite  Version: 5.13.0.0
Toolchain Path:  C:\Keil_v5\ARM\ARMCC\Bin
C Compiler:      Armcc.exe V5.05 update 1 (build 106)
Assembler:       Armasm.exe V5.05 update 1 (build 106)
Linker/Locator:  ArmLink.exe V5.05 update 1 (build 106)
Library Manager: ArmAr.exe V5.05 update 1 (build 106)
Hex Converter:   FromElf.exe V5.05 update 1 (build 106)
CPU DLL:         SARMCM3.DLL V5.13.0.0
Dialog DLL:      DCM.DLL V1.13.1.0
Target DLL:      STLink\ST-LINKIII-KEIL_SWO.dll V2.0.14.0_KEIL
Dialog DLL:      TCM.DLL V1.14.4.0
 
<h2>Project:</h2>
C:\Users\Scott\Documents\lab_proj_code\future_Tomek\Projects\MDK-ARM\Laboratorium_projektowe_kod.uvprojx
Project File Date:  02/12/2015

<h2>Output:</h2>
Build target 'Laboratorium_projektowe_kod Configuration'
compiling main.c...
..\..\Src\main.c(99): warning:  #177-D: variable "temp8" was declared but never referenced
        uint8_t temp8 ;
..\..\Src\main.c(102): warning:  #177-D: variable "pipe" was declared but never referenced
        uint8_t pipe, length, r2buff[20];
..\..\Src\main.c(102): warning:  #177-D: variable "length" was declared but never referenced
        uint8_t pipe, length, r2buff[20];
..\..\Src\main.c(102): warning:  #177-D: variable "r2buff" was declared but never referenced
        uint8_t pipe, length, r2buff[20];
..\..\Src\main.c: 4 warnings, 0 errors
compiling stm32f4xx_it.c...
compiling rfm73_callbacks.c...
..\..\Src\rfm73_callbacks.c(58): warning:  #177-D: variable "i" was declared but never referenced
                uint8_t i;
..\..\Src\rfm73_callbacks.c: 1 warning, 0 errors
compiling sys_connect.c...
compiling dac.c...
linking...
Program Size: Code=10564 RO-data=580 RW-data=32 ZI-data=1752  
"Laboratorium_projektowe_kod Configuration\Laboratorium_projektowe_kod Configuration.axf" - 0 Error(s), 5 Warning(s).

<h2>Collection of Component include folders:</h2>
  C:\Users\Scott\Documents\lab_proj_code\future_Tomek\Projects\MDK-ARM\RTE
  C:\Keil_v5\ARM\PACK\Keil\STM32F4xx_DFP\2.3.0\Drivers\CMSIS\Device\ST\STM32F4xx\Include

<h2>Collection of Component Files used:</h2>
</pre>
</body>
</html>
