Component: ARM Compiler 5.05 update 1 (build 106) Tool: armlink [4d0efa]

==============================================================================

Section Cross References

    main.o(i.MX_TIM2_Init) refers to stm32f4xx_hal_tim.o(i.HAL_TIM_Base_Init) for HAL_TIM_Base_Init
    main.o(i.MX_TIM2_Init) refers to main.o(.bss) for htim2
    main.o(i.SystemClock_Config) refers to stm32f4xx_hal_rcc.o(i.HAL_RCC_OscConfig) for HAL_RCC_OscConfig
    main.o(i.SystemClock_Config) refers to stm32f4xx_hal_rcc.o(i.HAL_RCC_ClockConfig) for HAL_RCC_ClockConfig
    main.o(i.main) refers to stm32f4xx_hal.o(i.HAL_Init) for HAL_Init
    main.o(i.main) refers to main.o(i.SystemClock_Config) for SystemClock_Config
    main.o(i.main) refers to gpio.o(i.MX_GPIO_Init) for MX_GPIO_Init
    main.o(i.main) refers to spi.o(i.MX_SPI1_Init) for MX_SPI1_Init
    main.o(i.main) refers to spi.o(i.MX_SPI3_Init) for MX_SPI3_Init
    main.o(i.main) refers to adc.o(i.MX_ADC3_Init) for MX_ADC3_Init
    main.o(i.main) refers to dac.o(i.MX_DAC_Init) for MX_DAC_Init
    main.o(i.main) refers to main.o(i.MX_TIM2_Init) for MX_TIM2_Init
    main.o(i.main) refers to radio_lib.o(i.rfm73_init) for rfm73_init
    main.o(i.main) refers to adc.o(i.adc_data_ready) for adc_data_ready
    main.o(i.main) refers to dac.o(i.dac_data_ready) for dac_data_ready
    main.o(i.main) refers to radio_lib.o(i.rfm73_check) for rfm73_check
    main.o(i.main) refers to stm32f4xx_hal_gpio.o(i.HAL_GPIO_ReadPin) for HAL_GPIO_ReadPin
    main.o(i.main) refers to sys_connect.o(i.try_connect) for try_connect
    main.o(i.main) refers to stm32f4xx_hal.o(i.HAL_GetTick) for HAL_GetTick
    main.o(i.main) refers to sys_connect.o(i.master_disconnect_main) for master_disconnect_main
    main.o(i.main) refers to main.o(.data) for system
    main.o(i.main) refers to spi.o(.bss) for hspi1
    main.o(i.main) refers to main.o(.bss) for radio1
    main.o(i.main) refers to rfm73_callbacks.o(i.disc_rcv_data_callback) for disc_rcv_data_callback
    main.o(i.main) refers to rfm73_callbacks.o(i.disc_cant_send_callback) for disc_cant_send_callback
    main.o(i.main) refers to rfm73_callbacks.o(i.disc_packet_sent_callback) for disc_packet_sent_callback
    main.o(i.main) refers to radio_lib.o(.constdata) for RX2_Address
    stm32f4xx_hal_msp.o(i.HAL_ADC_MspDeInit) refers to stm32f4xx_hal_gpio.o(i.HAL_GPIO_DeInit) for HAL_GPIO_DeInit
    stm32f4xx_hal_msp.o(i.HAL_ADC_MspDeInit) refers to stm32f4xx_hal_cortex.o(i.HAL_NVIC_DisableIRQ) for HAL_NVIC_DisableIRQ
    stm32f4xx_hal_msp.o(i.HAL_ADC_MspInit) refers to stm32f4xx_hal_gpio.o(i.HAL_GPIO_Init) for HAL_GPIO_Init
    stm32f4xx_hal_msp.o(i.HAL_ADC_MspInit) refers to stm32f4xx_hal_cortex.o(i.HAL_NVIC_SetPriority) for HAL_NVIC_SetPriority
    stm32f4xx_hal_msp.o(i.HAL_ADC_MspInit) refers to stm32f4xx_hal_cortex.o(i.HAL_NVIC_EnableIRQ) for HAL_NVIC_EnableIRQ
    stm32f4xx_hal_msp.o(i.HAL_DAC_MspDeInit) refers to stm32f4xx_hal_gpio.o(i.HAL_GPIO_DeInit) for HAL_GPIO_DeInit
    stm32f4xx_hal_msp.o(i.HAL_DAC_MspInit) refers to stm32f4xx_hal_gpio.o(i.HAL_GPIO_Init) for HAL_GPIO_Init
    stm32f4xx_hal_msp.o(i.HAL_MspInit) refers to stm32f4xx_hal_cortex.o(i.HAL_NVIC_SetPriorityGrouping) for HAL_NVIC_SetPriorityGrouping
    stm32f4xx_hal_msp.o(i.HAL_MspInit) refers to stm32f4xx_hal_cortex.o(i.HAL_NVIC_SetPriority) for HAL_NVIC_SetPriority
    stm32f4xx_hal_msp.o(i.HAL_MspInit) refers to stm32f4xx_hal_cortex.o(i.HAL_NVIC_EnableIRQ) for HAL_NVIC_EnableIRQ
    stm32f4xx_hal_msp.o(i.HAL_TIM_Base_MspDeInit) refers to stm32f4xx_hal_cortex.o(i.HAL_NVIC_DisableIRQ) for HAL_NVIC_DisableIRQ
    stm32f4xx_hal_msp.o(i.HAL_TIM_Base_MspInit) refers to stm32f4xx_hal_cortex.o(i.HAL_NVIC_SetPriority) for HAL_NVIC_SetPriority
    stm32f4xx_hal_msp.o(i.HAL_TIM_Base_MspInit) refers to stm32f4xx_hal_cortex.o(i.HAL_NVIC_EnableIRQ) for HAL_NVIC_EnableIRQ
    gpio.o(i.MX_GPIO_Init) refers to stm32f4xx_hal_gpio.o(i.HAL_GPIO_Init) for HAL_GPIO_Init
    gpio.o(i.MX_GPIO_Init) refers to stm32f4xx_hal_cortex.o(i.HAL_NVIC_SetPriority) for HAL_NVIC_SetPriority
    gpio.o(i.MX_GPIO_Init) refers to stm32f4xx_hal_cortex.o(i.HAL_NVIC_EnableIRQ) for HAL_NVIC_EnableIRQ
    gpio.o(i.MX_GPIO_Init) refers to gpio.o(.bss) for gpio_init_struct
    stm32f4xx_it.o(i.ADC_IRQHandler) refers to adc.o(i.adc_buff_append) for adc_buff_append
    stm32f4xx_it.o(i.ADC_IRQHandler) refers to stm32f4xx_hal_adc.o(i.HAL_ADC_IRQHandler) for HAL_ADC_IRQHandler
    stm32f4xx_it.o(i.ADC_IRQHandler) refers to adc.o(.bss) for hadc3
    stm32f4xx_it.o(i.EXTI3_IRQHandler) refers to main.o(.bss) for radio1
    stm32f4xx_it.o(i.EXTI9_5_IRQHandler) refers to main.o(.bss) for radio2
    stm32f4xx_it.o(i.SPI1_IRQHandler) refers to radio_lib.o(i.rfm73_rx_interrupt_handle) for rfm73_rx_interrupt_handle
    stm32f4xx_it.o(i.SPI1_IRQHandler) refers to main.o(.bss) for radio1
    stm32f4xx_it.o(i.SPI3_IRQHandler) refers to radio_lib.o(i.rfm73_rx_interrupt_handle) for rfm73_rx_interrupt_handle
[...]
    Removing stm32f4xx_hal_rcc_ex.o(.revsh_text), (4 bytes).
    Removing stm32f4xx_hal_rcc_ex.o(i.HAL_RCCEx_GetPeriphCLKConfig), (268 bytes).
    Removing stm32f4xx_hal_rcc_ex.o(i.HAL_RCCEx_PeriphCLKConfig), (776 bytes).
    Removing stm32f4xx_hal_flash_ex.o(.rev16_text), (4 bytes).
    Removing stm32f4xx_hal_flash_ex.o(.revsh_text), (4 bytes).
    Removing stm32f4xx_hal_flash_ex.o(i.FLASH_Erase_Sector), (108 bytes).
    Removing stm32f4xx_hal_flash_ex.o(i.FLASH_MassErase), (92 bytes).
    Removing stm32f4xx_hal_flash_ex.o(i.FLASH_OB_BOR_LevelConfig), (32 bytes).
    Removing stm32f4xx_hal_flash_ex.o(i.FLASH_OB_BootConfig), (48 bytes).
    Removing stm32f4xx_hal_flash_ex.o(i.FLASH_OB_DisablePCROP), (100 bytes).
    Removing stm32f4xx_hal_flash_ex.o(i.FLASH_OB_DisableWRP), (148 bytes).
    Removing stm32f4xx_hal_flash_ex.o(i.FLASH_OB_EnablePCROP), (104 bytes).
    Removing stm32f4xx_hal_flash_ex.o(i.FLASH_OB_EnableWRP), (140 bytes).
    Removing stm32f4xx_hal_flash_ex.o(i.FLASH_OB_GetBOR), (16 bytes).
    Removing stm32f4xx_hal_flash_ex.o(i.FLASH_OB_GetRDP), (20 bytes).
    Removing stm32f4xx_hal_flash_ex.o(i.FLASH_OB_GetUser), (16 bytes).
    Removing stm32f4xx_hal_flash_ex.o(i.FLASH_OB_GetWRP), (12 bytes).
    Removing stm32f4xx_hal_flash_ex.o(i.FLASH_OB_RDP_LevelConfig), (32 bytes).
    Removing stm32f4xx_hal_flash_ex.o(i.FLASH_OB_UserConfig), (60 bytes).
    Removing stm32f4xx_hal_flash_ex.o(i.HAL_FLASHEx_AdvOBGetConfig), (28 bytes).
    Removing stm32f4xx_hal_flash_ex.o(i.HAL_FLASHEx_AdvOBProgram), (68 bytes).
    Removing stm32f4xx_hal_flash_ex.o(i.HAL_FLASHEx_Erase), (180 bytes).
    Removing stm32f4xx_hal_flash_ex.o(i.HAL_FLASHEx_Erase_IT), (120 bytes).
    Removing stm32f4xx_hal_flash_ex.o(i.HAL_FLASHEx_OBGetConfig), (34 bytes).
    Removing stm32f4xx_hal_flash_ex.o(i.HAL_FLASHEx_OBProgram), (148 bytes).
    Removing stm32f4xx_hal_flash_ex.o(i.HAL_FLASHEx_OB_DeSelectPCROP), (24 bytes).
    Removing stm32f4xx_hal_flash_ex.o(i.HAL_FLASHEx_OB_GetBank2WRP), (12 bytes).
    Removing stm32f4xx_hal_flash_ex.o(i.HAL_FLASHEx_OB_SelectPCROP), (28 bytes).
    Removing stm32f4xx_hal_flash_ramfunc.o(.rev16_text), (4 bytes).
    Removing stm32f4xx_hal_flash_ramfunc.o(.revsh_text), (4 bytes).
    Removing stm32f4xx_hal_gpio.o(.rev16_text), (4 bytes).
    Removing stm32f4xx_hal_gpio.o(.revsh_text), (4 bytes).
    Removing stm32f4xx_hal_gpio.o(i.HAL_GPIO_DeInit), (208 bytes).
    Removing stm32f4xx_hal_gpio.o(i.HAL_GPIO_EXTI_Callback), (2 bytes).
    Removing stm32f4xx_hal_gpio.o(i.HAL_GPIO_EXTI_IRQHandler), (28 bytes).
    Removing stm32f4xx_hal_gpio.o(i.HAL_GPIO_LockPin), (46 bytes).
    Removing stm32f4xx_hal_gpio.o(i.HAL_GPIO_TogglePin), (8 bytes).
    Removing stm32f4xx_hal_gpio.o(i.HAL_GPIO_WritePin), (10 bytes).
    Removing stm32f4xx_hal_pwr.o(.rev16_text), (4 bytes).
    Removing stm32f4xx_hal_pwr.o(.revsh_text), (4 bytes).
    Removing stm32f4xx_hal_pwr.o(i.HAL_PWR_DeInit), (28 bytes).
    Removing stm32f4xx_hal_pwr.o(i.HAL_PWR_DisableBkUpAccess), (12 bytes).
    Removing stm32f4xx_hal_pwr.o(i.HAL_PWR_DisablePVD), (12 bytes).
    Removing stm32f4xx_hal_pwr.o(i.HAL_PWR_DisableWakeUpPin), (12 bytes).
    Removing stm32f4xx_hal_pwr.o(i.HAL_PWR_EnableBkUpAccess), (12 bytes).
    Removing stm32f4xx_hal_pwr.o(i.HAL_PWR_EnablePVD), (12 bytes).
    Removing stm32f4xx_hal_pwr.o(i.HAL_PWR_EnableWakeUpPin), (12 bytes).
    Removing stm32f4xx_hal_pwr.o(i.HAL_PWR_EnterSLEEPMode), (16 bytes).
    Removing stm32f4xx_hal_pwr.o(i.HAL_PWR_EnterSTANDBYMode), (40 bytes).
    Removing stm32f4xx_hal_pwr.o(i.HAL_PWR_EnterSTOPMode), (64 bytes).
    Removing stm32f4xx_hal_pwr.o(i.HAL_PWR_PVDCallback), (2 bytes).
    Removing stm32f4xx_hal_pwr.o(i.HAL_PWR_PVDConfig), (144 bytes).
    Removing stm32f4xx_hal_pwr.o(i.HAL_PWR_PVD_IRQHandler), (32 bytes).
    Removing stm32f4xx_hal_flash.o(.rev16_text), (4 bytes).
    Removing stm32f4xx_hal_flash.o(.revsh_text), (4 bytes).
    Removing stm32f4xx_hal_flash.o(i.FLASH_Program_Byte), (36 bytes).
    Removing stm32f4xx_hal_flash.o(i.FLASH_Program_DoubleWord), (44 bytes).
    Removing stm32f4xx_hal_flash.o(i.FLASH_Program_HalfWord), (40 bytes).
    Removing stm32f4xx_hal_flash.o(i.FLASH_Program_Word), (40 bytes).
    Removing stm32f4xx_hal_flash.o(i.FLASH_SetErrorCode), (136 bytes).
    Removing stm32f4xx_hal_flash.o(i.FLASH_WaitForLastOperation), (72 bytes).
    Removing stm32f4xx_hal_flash.o(i.HAL_FLASH_EndOfOperationCallback), (2 bytes).
    Removing stm32f4xx_hal_flash.o(i.HAL_FLASH_GetError), (12 bytes).
    Removing stm32f4xx_hal_flash.o(i.HAL_FLASH_IRQHandler), (320 bytes).
    Removing stm32f4xx_hal_flash.o(i.HAL_FLASH_Lock), (20 bytes).
    Removing stm32f4xx_hal_flash.o(i.HAL_FLASH_OB_Launch), (28 bytes).
    Removing stm32f4xx_hal_flash.o(i.HAL_FLASH_OB_Lock), (20 bytes).
    Removing stm32f4xx_hal_flash.o(i.HAL_FLASH_OB_Unlock), (44 bytes).
    Removing stm32f4xx_hal_flash.o(i.HAL_FLASH_OperationErrorCallback), (2 bytes).
    Removing stm32f4xx_hal_flash.o(i.HAL_FLASH_Program), (152 bytes).
    Removing stm32f4xx_hal_flash.o(i.HAL_FLASH_Program_IT), (140 bytes).
    Removing stm32f4xx_hal_flash.o(i.HAL_FLASH_Unlock), (44 bytes).
    Removing stm32f4xx_hal_flash.o(.bss), (28 bytes).
    Removing stm32f4xx_hal.o(.rev16_text), (4 bytes).
    Removing stm32f4xx_hal.o(.revsh_text), (4 bytes).
    Removing stm32f4xx_hal.o(i.HAL_DeInit), (68 bytes).
    Removing stm32f4xx_hal.o(i.HAL_Delay), (26 bytes).
    Removing stm32f4xx_hal.o(i.HAL_DisableCompensationCell), (12 bytes).
    Removing stm32f4xx_hal.o(i.HAL_DisableDBGSleepMode), (20 bytes).
    Removing stm32f4xx_hal.o(i.HAL_DisableDBGStandbyMode), (20 bytes).
    Removing stm32f4xx_hal.o(i.HAL_DisableDBGStopMode), (20 bytes).
    Removing stm32f4xx_hal.o(i.HAL_DisableMemorySwappingBank), (12 bytes).
    Removing stm32f4xx_hal.o(i.HAL_EnableCompensationCell), (12 bytes).
    Removing stm32f4xx_hal.o(i.HAL_EnableDBGSleepMode), (20 bytes).
    Removing stm32f4xx_hal.o(i.HAL_EnableDBGStandbyMode), (20 bytes).
    Removing stm32f4xx_hal.o(i.HAL_EnableDBGStopMode), (20 bytes).
    Removing stm32f4xx_hal.o(i.HAL_EnableMemorySwappingBank), (12 bytes).
    Removing stm32f4xx_hal.o(i.HAL_GetDEVID), (16 bytes).
    Removing stm32f4xx_hal.o(i.HAL_GetHalVersion), (8 bytes).
    Removing stm32f4xx_hal.o(i.HAL_GetREVID), (12 bytes).
    Removing stm32f4xx_hal.o(i.HAL_MspDeInit), (2 bytes).
    Removing stm32f4xx_hal.o(i.HAL_MspInit), (2 bytes).
    Removing stm32f4xx_hal.o(i.HAL_ResumeTick), (18 bytes).
    Removing stm32f4xx_hal.o(i.HAL_SuspendTick), (18 bytes).
    Removing stm32f4xx_hal_rcc.o(.rev16_text), (4 bytes).
    Removing stm32f4xx_hal_rcc.o(.revsh_text), (4 bytes).
    Removing stm32f4xx_hal_rcc.o(i.HAL_RCC_CCSCallback), (2 bytes).
    Removing stm32f4xx_hal_rcc.o(i.HAL_RCC_DeInit), (112 bytes).
    Removing stm32f4xx_hal_rcc.o(i.HAL_RCC_DisableCSS), (12 bytes).
    Removing stm32f4xx_hal_rcc.o(i.HAL_RCC_EnableCSS), (12 bytes).
    Removing stm32f4xx_hal_rcc.o(i.HAL_RCC_GetClockConfig), (68 bytes).
    Removing stm32f4xx_hal_rcc.o(i.HAL_RCC_GetOscConfig), (292 bytes).
    Removing stm32f4xx_hal_rcc.o(i.HAL_RCC_GetPCLK1Freq), (44 bytes).
    Removing stm32f4xx_hal_rcc.o(i.HAL_RCC_GetPCLK2Freq), (44 bytes).
    Removing stm32f4xx_hal_rcc.o(i.HAL_RCC_MCOConfig), (152 bytes).
    Removing stm32f4xx_hal_rcc.o(i.HAL_RCC_NMI_IRQHandler), (32 bytes).
    Removing stm32f4xx_hal_dma_ex.o(.rev16_text), (4 bytes).
    Removing stm32f4xx_hal_dma_ex.o(.revsh_text), (4 bytes).
    Removing stm32f4xx_hal_dma_ex.o(i.DMA_MultiBufferSetConfig), (32 bytes).
    Removing stm32f4xx_hal_dma_ex.o(i.HAL_DMAEx_ChangeMemory), (18 bytes).
    Removing stm32f4xx_hal_dma_ex.o(i.HAL_DMAEx_MultiBufferStart), (130 bytes).
    Removing stm32f4xx_hal_dma_ex.o(i.HAL_DMAEx_MultiBufferStart_IT), (190 bytes).
    Removing stm32f4xx_hal_pwr_ex.o(.rev16_text), (4 bytes).
    Removing stm32f4xx_hal_pwr_ex.o(.revsh_text), (4 bytes).
    Removing stm32f4xx_hal_pwr_ex.o(i.HAL_PWREx_ActivateOverDrive), (120 bytes).
    Removing stm32f4xx_hal_pwr_ex.o(i.HAL_PWREx_DeactivateOverDrive), (120 bytes).
    Removing stm32f4xx_hal_pwr_ex.o(i.HAL_PWREx_DisableBkUpReg), (60 bytes).
    Removing stm32f4xx_hal_pwr_ex.o(i.HAL_PWREx_DisableFlashPowerDown), (12 bytes).
    Removing stm32f4xx_hal_pwr_ex.o(i.HAL_PWREx_EnableBkUpReg), (60 bytes).
    Removing stm32f4xx_hal_pwr_ex.o(i.HAL_PWREx_EnableFlashPowerDown), (12 bytes).
    Removing stm32f4xx_hal_pwr_ex.o(i.HAL_PWREx_EnterUnderDriveSTOPMode), (152 bytes).
    Removing stm32f4xx_hal_adc.o(.rev16_text), (4 bytes).
    Removing stm32f4xx_hal_adc.o(.revsh_text), (4 bytes).
    Removing stm32f4xx_hal_adc.o(i.ADC_DMAConvCplt), (36 bytes).
    Removing stm32f4xx_hal_adc.o(i.ADC_DMAError), (28 bytes).
    Removing stm32f4xx_hal_adc.o(i.ADC_DMAHalfConvCplt), (14 bytes).
    Removing stm32f4xx_hal_adc.o(i.HAL_ADC_AnalogWDGConfig), (136 bytes).
    Removing stm32f4xx_hal_adc.o(i.HAL_ADC_ConvHalfCpltCallback), (2 bytes).
    Removing stm32f4xx_hal_adc.o(i.HAL_ADC_DeInit), (34 bytes).
    Removing stm32f4xx_hal_adc.o(i.HAL_ADC_GetError), (6 bytes).
    Removing stm32f4xx_hal_adc.o(i.HAL_ADC_GetState), (8 bytes).
    Removing stm32f4xx_hal_adc.o(i.HAL_ADC_GetValue), (8 bytes).
    Removing stm32f4xx_hal_adc.o(i.HAL_ADC_MspDeInit), (2 bytes).
    Removing stm32f4xx_hal_adc.o(i.HAL_ADC_MspInit), (2 bytes).
    Removing stm32f4xx_hal_adc.o(i.HAL_ADC_PollForConversion), (90 bytes).
    Removing stm32f4xx_hal_adc.o(i.HAL_ADC_PollForEvent), (104 bytes).
    Removing stm32f4xx_hal_adc.o(i.HAL_ADC_Start), (160 bytes).
    Removing stm32f4xx_hal_adc.o(i.HAL_ADC_Start_DMA), (180 bytes).
    Removing stm32f4xx_hal_adc.o(i.HAL_ADC_Start_IT), (188 bytes).
    Removing stm32f4xx_hal_adc.o(i.HAL_ADC_Stop), (24 bytes).
    Removing stm32f4xx_hal_adc.o(i.HAL_ADC_Stop_DMA), (56 bytes).
    Removing stm32f4xx_hal_adc.o(i.HAL_ADC_Stop_IT), (48 bytes).
    Removing stm32f4xx_hal_adc_ex.o(.rev16_text), (4 bytes).
    Removing stm32f4xx_hal_adc_ex.o(.revsh_text), (4 bytes).
    Removing stm32f4xx_hal_adc_ex.o(i.ADC_MultiModeDMAConvCplt), (36 bytes).
    Removing stm32f4xx_hal_adc_ex.o(i.ADC_MultiModeDMAError), (28 bytes).
    Removing stm32f4xx_hal_adc_ex.o(i.ADC_MultiModeDMAHalfConvCplt), (14 bytes).
    Removing stm32f4xx_hal_adc_ex.o(i.HAL_ADCEx_InjectedConfigChannel), (520 bytes).
    Removing stm32f4xx_hal_adc_ex.o(i.HAL_ADCEx_InjectedGetValue), (70 bytes).
    Removing stm32f4xx_hal_adc_ex.o(i.HAL_ADCEx_InjectedPollForConversion), (90 bytes).
    Removing stm32f4xx_hal_adc_ex.o(i.HAL_ADCEx_InjectedStart), (220 bytes).
    Removing stm32f4xx_hal_adc_ex.o(i.HAL_ADCEx_InjectedStart_IT), (248 bytes).
    Removing stm32f4xx_hal_adc_ex.o(i.HAL_ADCEx_InjectedStop), (24 bytes).
    Removing stm32f4xx_hal_adc_ex.o(i.HAL_ADCEx_InjectedStop_IT), (48 bytes).
    Removing stm32f4xx_hal_adc_ex.o(i.HAL_ADCEx_MultiModeConfigChannel), (136 bytes).
    Removing stm32f4xx_hal_adc_ex.o(i.HAL_ADCEx_MultiModeGetValue), (12 bytes).
    Removing stm32f4xx_hal_adc_ex.o(i.HAL_ADCEx_MultiModeStart_DMA), (208 bytes).
    Removing stm32f4xx_hal_adc_ex.o(i.HAL_ADCEx_MultiModeStop_DMA), (92 bytes).
    Removing stm32f4xx_hal_dac.o(.rev16_text), (4 bytes).
    Removing stm32f4xx_hal_dac.o(.revsh_text), (4 bytes).
    Removing stm32f4xx_hal_dac.o(i.DAC_DMAConvCpltCh1), (18 bytes).
    Removing stm32f4xx_hal_dac.o(i.DAC_DMAErrorCh1), (26 bytes).
    Removing stm32f4xx_hal_dac.o(i.DAC_DMAHalfConvCpltCh1), (14 bytes).
    Removing stm32f4xx_hal_dac.o(i.HAL_DAC_ConvCpltCallbackCh1), (2 bytes).
    Removing stm32f4xx_hal_dac.o(i.HAL_DAC_ConvHalfCpltCallbackCh1), (2 bytes).
    Removing stm32f4xx_hal_dac.o(i.HAL_DAC_DMAUnderrunCallbackCh1), (2 bytes).
    Removing stm32f4xx_hal_dac.o(i.HAL_DAC_DeInit), (36 bytes).
    Removing stm32f4xx_hal_dac.o(i.HAL_DAC_ErrorCallbackCh1), (2 bytes).
    Removing stm32f4xx_hal_dac.o(i.HAL_DAC_GetError), (6 bytes).
    Removing stm32f4xx_hal_dac.o(i.HAL_DAC_GetState), (6 bytes).
    Removing stm32f4xx_hal_dac.o(i.HAL_DAC_GetValue), (16 bytes).
    Removing stm32f4xx_hal_dac.o(i.HAL_DAC_IRQHandler), (110 bytes).
    Removing stm32f4xx_hal_dac.o(i.HAL_DAC_MspDeInit), (2 bytes).
    Removing stm32f4xx_hal_dac.o(i.HAL_DAC_MspInit), (2 bytes).
    Removing stm32f4xx_hal_dac.o(i.HAL_DAC_SetValue), (44 bytes).
    Removing stm32f4xx_hal_dac.o(i.HAL_DAC_Start), (140 bytes).
    Removing stm32f4xx_hal_dac.o(i.HAL_DAC_Start_DMA), (288 bytes).
    Removing stm32f4xx_hal_dac.o(i.HAL_DAC_Stop), (24 bytes).
    Removing stm32f4xx_hal_dac.o(i.HAL_DAC_Stop_DMA), (74 bytes).
    Removing stm32f4xx_hal_dac_ex.o(.rev16_text), (4 bytes).
    Removing stm32f4xx_hal_dac_ex.o(.revsh_text), (4 bytes).
    Removing stm32f4xx_hal_dac_ex.o(i.DAC_DMAConvCpltCh2), (18 bytes).
    Removing stm32f4xx_hal_dac_ex.o(i.DAC_DMAErrorCh2), (26 bytes).
    Removing stm32f4xx_hal_dac_ex.o(i.DAC_DMAHalfConvCpltCh2), (14 bytes).
    Removing stm32f4xx_hal_dac_ex.o(i.HAL_DACEx_ConvCpltCallbackCh2), (2 bytes).
    Removing stm32f4xx_hal_dac_ex.o(i.HAL_DACEx_ConvHalfCpltCallbackCh2), (2 bytes).
    Removing stm32f4xx_hal_dac_ex.o(i.HAL_DACEx_DMAUnderrunCallbackCh2), (2 bytes).
    Removing stm32f4xx_hal_dac_ex.o(i.HAL_DACEx_DualGetValue), (20 bytes).
    Removing stm32f4xx_hal_dac_ex.o(i.HAL_DACEx_DualSetValue), (36 bytes).
    Removing stm32f4xx_hal_dac_ex.o(i.HAL_DACEx_ErrorCallbackCh2), (2 bytes).
    Removing stm32f4xx_hal_dac_ex.o(i.HAL_DACEx_NoiseWaveGenerate), (66 bytes).
    Removing stm32f4xx_hal_dac_ex.o(i.HAL_DACEx_TriangleWaveGenerate), (66 bytes).
    Removing stm32f4xx_hal_tim.o(.rev16_text), (4 bytes).
    Removing stm32f4xx_hal_tim.o(.revsh_text), (4 bytes).
    Removing stm32f4xx_hal_tim.o(i.HAL_TIM_Base_DeInit), (70 bytes).
    Removing stm32f4xx_hal_tim.o(i.HAL_TIM_Base_GetState), (8 bytes).
    Removing stm32f4xx_hal_tim.o(i.HAL_TIM_Base_MspDeInit), (2 bytes).
    Removing stm32f4xx_hal_tim.o(i.HAL_TIM_Base_MspInit), (2 bytes).
    Removing stm32f4xx_hal_tim.o(i.HAL_TIM_Base_Start), (30 bytes).
    Removing stm32f4xx_hal_tim.o(i.HAL_TIM_Base_Start_DMA), (104 bytes).
    Removing stm32f4xx_hal_tim.o(i.HAL_TIM_Base_Start_IT), (30 bytes).
    Removing stm32f4xx_hal_tim.o(i.HAL_TIM_Base_Stop), (56 bytes).
    Removing stm32f4xx_hal_tim.o(i.HAL_TIM_Base_Stop_DMA), (62 bytes).
    Removing stm32f4xx_hal_tim.o(i.HAL_TIM_Base_Stop_IT), (56 bytes).
    Removing stm32f4xx_hal_tim.o(i.HAL_TIM_ConfigClockSource), (306 bytes).
    Removing stm32f4xx_hal_tim.o(i.HAL_TIM_ConfigOCrefClear), (226 bytes).
    Removing stm32f4xx_hal_tim.o(i.HAL_TIM_ConfigTI1Input), (24 bytes).
    Removing stm32f4xx_hal_tim.o(i.HAL_TIM_DMABurst_ReadStart), (388 bytes).
    Removing stm32f4xx_hal_tim.o(i.HAL_TIM_DMABurst_ReadStop), (128 bytes).
    Removing stm32f4xx_hal_tim.o(i.HAL_TIM_DMABurst_WriteStart), (388 bytes).
    Removing stm32f4xx_hal_tim.o(i.HAL_TIM_DMABurst_WriteStop), (128 bytes).
    Removing stm32f4xx_hal_tim.o(i.HAL_TIM_Encoder_DeInit), (70 bytes).
    Removing stm32f4xx_hal_tim.o(i.HAL_TIM_Encoder_GetState), (8 bytes).
    Removing stm32f4xx_hal_tim.o(i.HAL_TIM_Encoder_Init), (174 bytes).
    Removing stm32f4xx_hal_tim.o(i.HAL_TIM_Encoder_MspDeInit), (2 bytes).
    Removing stm32f4xx_hal_tim.o(i.HAL_TIM_Encoder_MspInit), (2 bytes).
    Removing stm32f4xx_hal_tim.o(i.HAL_TIM_Encoder_Start), (78 bytes).
    Removing stm32f4xx_hal_tim.o(i.HAL_TIM_Encoder_Start_DMA), (328 bytes).
    Removing stm32f4xx_hal_tim.o(i.HAL_TIM_Encoder_Start_IT), (126 bytes).
    Removing stm32f4xx_hal_tim.o(i.HAL_TIM_Encoder_Stop), (104 bytes).
    Removing stm32f4xx_hal_tim.o(i.HAL_TIM_Encoder_Stop_DMA), (152 bytes).
    Removing stm32f4xx_hal_tim.o(i.HAL_TIM_Encoder_Stop_IT), (152 bytes).
    Removing stm32f4xx_hal_tim.o(i.HAL_TIM_ErrorCallback), (2 bytes).
    Removing stm32f4xx_hal_tim.o(i.HAL_TIM_GenerateEvent), (54 bytes).
    Removing stm32f4xx_hal_tim.o(i.HAL_TIM_IC_ConfigChannel), (224 bytes).
    Removing stm32f4xx_hal_tim.o(i.HAL_TIM_IC_DeInit), (70 bytes).
    Removing stm32f4xx_hal_tim.o(i.HAL_TIM_IC_GetState), (8 bytes).
    Removing stm32f4xx_hal_tim.o(i.HAL_TIM_IC_Init), (46 bytes).
    Removing stm32f4xx_hal_tim.o(i.HAL_TIM_IC_MspDeInit), (2 bytes).
    Removing stm32f4xx_hal_tim.o(i.HAL_TIM_IC_MspInit), (2 bytes).
    Removing stm32f4xx_hal_tim.o(i.HAL_TIM_IC_Start), (32 bytes).
    Removing stm32f4xx_hal_tim.o(i.HAL_TIM_IC_Start_DMA), (268 bytes).
    Removing stm32f4xx_hal_tim.o(i.HAL_TIM_IC_Start_IT), (108 bytes).
    Removing stm32f4xx_hal_tim.o(i.HAL_TIM_IC_Stop), (58 bytes).
    Removing stm32f4xx_hal_tim.o(i.HAL_TIM_IC_Stop_DMA), (140 bytes).
    Removing stm32f4xx_hal_tim.o(i.HAL_TIM_IC_Stop_IT), (134 bytes).
    Removing stm32f4xx_hal_tim.o(i.HAL_TIM_OC_ConfigChannel), (116 bytes).
    Removing stm32f4xx_hal_tim.o(i.HAL_TIM_OC_DeInit), (70 bytes).
    Removing stm32f4xx_hal_tim.o(i.HAL_TIM_OC_GetState), (8 bytes).
    Removing stm32f4xx_hal_tim.o(i.HAL_TIM_OC_Init), (46 bytes).
    Removing stm32f4xx_hal_tim.o(i.HAL_TIM_OC_MspDeInit), (2 bytes).
    Removing stm32f4xx_hal_tim.o(i.HAL_TIM_OC_MspInit), (2 bytes).
    Removing stm32f4xx_hal_tim.o(i.HAL_TIM_OC_Start), (76 bytes).
    Removing stm32f4xx_hal_tim.o(i.HAL_TIM_OC_Start_DMA), (312 bytes).
    Removing stm32f4xx_hal_tim.o(i.HAL_TIM_OC_Start_IT), (152 bytes).
    Removing stm32f4xx_hal_tim.o(i.HAL_TIM_OC_Stop), (128 bytes).
    Removing stm32f4xx_hal_tim.o(i.HAL_TIM_OC_Stop_DMA), (212 bytes).
    Removing stm32f4xx_hal_tim.o(i.HAL_TIM_OC_Stop_IT), (204 bytes).
    Removing stm32f4xx_hal_tim.o(i.HAL_TIM_OnePulse_ConfigChannel), (286 bytes).
    Removing stm32f4xx_hal_tim.o(i.HAL_TIM_OnePulse_DeInit), (70 bytes).
    Removing stm32f4xx_hal_tim.o(i.HAL_TIM_OnePulse_GetState), (8 bytes).
    Removing stm32f4xx_hal_tim.o(i.HAL_TIM_OnePulse_Init), (70 bytes).
    Removing stm32f4xx_hal_tim.o(i.HAL_TIM_OnePulse_MspDeInit), (2 bytes).
    Removing stm32f4xx_hal_tim.o(i.HAL_TIM_OnePulse_MspInit), (2 bytes).
    Removing stm32f4xx_hal_tim.o(i.HAL_TIM_OnePulse_Start), (76 bytes).
    Removing stm32f4xx_hal_tim.o(i.HAL_TIM_OnePulse_Start_IT), (100 bytes).
    Removing stm32f4xx_hal_tim.o(i.HAL_TIM_OnePulse_Stop), (140 bytes).
    Removing stm32f4xx_hal_tim.o(i.HAL_TIM_OnePulse_Stop_IT), (164 bytes).
    Removing stm32f4xx_hal_tim.o(i.HAL_TIM_PWM_ConfigChannel), (264 bytes).
    Removing stm32f4xx_hal_tim.o(i.HAL_TIM_PWM_DeInit), (70 bytes).
    Removing stm32f4xx_hal_tim.o(i.HAL_TIM_PWM_GetState), (8 bytes).
    Removing stm32f4xx_hal_tim.o(i.HAL_TIM_PWM_Init), (46 bytes).
    Removing stm32f4xx_hal_tim.o(i.HAL_TIM_PWM_MspDeInit), (2 bytes).
    Removing stm32f4xx_hal_tim.o(i.HAL_TIM_PWM_MspInit), (2 bytes).
    Removing stm32f4xx_hal_tim.o(i.HAL_TIM_PWM_Start), (76 bytes).
    Removing stm32f4xx_hal_tim.o(i.HAL_TIM_PWM_Start_DMA), (312 bytes).
    Removing stm32f4xx_hal_tim.o(i.HAL_TIM_PWM_Start_IT), (152 bytes).
    Removing stm32f4xx_hal_tim.o(i.HAL_TIM_PWM_Stop), (136 bytes).
    Removing stm32f4xx_hal_tim.o(i.HAL_TIM_PWM_Stop_DMA), (212 bytes).
    Removing stm32f4xx_hal_tim.o(i.HAL_TIM_PWM_Stop_IT), (204 bytes).
    Removing stm32f4xx_hal_tim.o(i.HAL_TIM_ReadCapturedValue), (84 bytes).
    Removing stm32f4xx_hal_tim.o(i.HAL_TIM_SlaveConfigSynchronization), (86 bytes).
    Removing stm32f4xx_hal_tim.o(i.HAL_TIM_SlaveConfigSynchronization_IT), (86 bytes).
    Removing stm32f4xx_hal_tim.o(i.TIM_CCxChannelCmd), (28 bytes).
    Removing stm32f4xx_hal_tim.o(i.TIM_DMACaptureCplt), (70 bytes).
    Removing stm32f4xx_hal_tim.o(i.TIM_DMADelayPulseCplt), (70 bytes).
    Removing stm32f4xx_hal_tim.o(i.TIM_DMAError), (20 bytes).
    Removing stm32f4xx_hal_tim.o(i.TIM_DMAPeriodElapsedCplt), (20 bytes).
    Removing stm32f4xx_hal_tim.o(i.TIM_DMATriggerCplt), (20 bytes).
    Removing stm32f4xx_hal_tim.o(i.TIM_ETR_SetConfig), (24 bytes).
    Removing stm32f4xx_hal_tim.o(i.TIM_ITRx_SetConfig), (20 bytes).
    Removing stm32f4xx_hal_tim.o(i.TIM_OC1_SetConfig), (112 bytes).
    Removing stm32f4xx_hal_tim.o(i.TIM_OC2_SetConfig), (120 bytes).
    Removing stm32f4xx_hal_tim.o(i.TIM_OC3_SetConfig), (120 bytes).
    Removing stm32f4xx_hal_tim.o(i.TIM_OC4_SetConfig), (96 bytes).
    Removing stm32f4xx_hal_tim.o(i.TIM_SlaveTimer_SetConfig), (164 bytes).
    Removing stm32f4xx_hal_tim.o(i.TIM_TI1_ConfigInputStage), (42 bytes).
    Removing stm32f4xx_hal_tim.o(i.TIM_TI1_SetConfig), (152 bytes).
    Removing stm32f4xx_hal_tim.o(i.TIM_TI2_ConfigInputStage), (44 bytes).
    Removing stm32f4xx_hal_tim.o(i.TIM_TI2_SetConfig), (62 bytes).
    Removing stm32f4xx_hal_tim.o(i.TIM_TI3_SetConfig), (60 bytes).
    Removing stm32f4xx_hal_tim.o(i.TIM_TI4_SetConfig), (64 bytes).
    Removing stm32f4xx_hal_tim_ex.o(.rev16_text), (4 bytes).
    Removing stm32f4xx_hal_tim_ex.o(.revsh_text), (4 bytes).
    Removing stm32f4xx_hal_tim_ex.o(i.HAL_TIMEx_ConfigBreakDeadTime), (80 bytes).
    Removing stm32f4xx_hal_tim_ex.o(i.HAL_TIMEx_ConfigCommutationEvent), (110 bytes).
    Removing stm32f4xx_hal_tim_ex.o(i.HAL_TIMEx_ConfigCommutationEvent_DMA), (144 bytes).
    Removing stm32f4xx_hal_tim_ex.o(i.HAL_TIMEx_ConfigCommutationEvent_IT), (122 bytes).
    Removing stm32f4xx_hal_tim_ex.o(i.HAL_TIMEx_HallSensor_DeInit), (70 bytes).
    Removing stm32f4xx_hal_tim_ex.o(i.HAL_TIMEx_HallSensor_GetState), (8 bytes).
    Removing stm32f4xx_hal_tim_ex.o(i.HAL_TIMEx_HallSensor_Init), (196 bytes).
    Removing stm32f4xx_hal_tim_ex.o(i.HAL_TIMEx_HallSensor_MspDeInit), (2 bytes).
    Removing stm32f4xx_hal_tim_ex.o(i.HAL_TIMEx_HallSensor_MspInit), (2 bytes).
    Removing stm32f4xx_hal_tim_ex.o(i.HAL_TIMEx_HallSensor_Start), (30 bytes).
    Removing stm32f4xx_hal_tim_ex.o(i.HAL_TIMEx_HallSensor_Start_DMA), (116 bytes).
    Removing stm32f4xx_hal_tim_ex.o(i.HAL_TIMEx_HallSensor_Start_IT), (42 bytes).
    Removing stm32f4xx_hal_tim_ex.o(i.HAL_TIMEx_HallSensor_Stop), (56 bytes).
    Removing stm32f4xx_hal_tim_ex.o(i.HAL_TIMEx_HallSensor_Stop_DMA), (68 bytes).
    Removing stm32f4xx_hal_tim_ex.o(i.HAL_TIMEx_HallSensor_Stop_IT), (68 bytes).
    Removing stm32f4xx_hal_tim_ex.o(i.HAL_TIMEx_MasterConfigSynchronization), (98 bytes).
    Removing stm32f4xx_hal_tim_ex.o(i.HAL_TIMEx_OCN_Start), (44 bytes).
    Removing stm32f4xx_hal_tim_ex.o(i.HAL_TIMEx_OCN_Start_DMA), (280 bytes).
    Removing stm32f4xx_hal_tim_ex.o(i.HAL_TIMEx_OCN_Start_IT), (132 bytes).
    Removing stm32f4xx_hal_tim_ex.o(i.HAL_TIMEx_OCN_Stop), (96 bytes).
    Removing stm32f4xx_hal_tim_ex.o(i.HAL_TIMEx_OCN_Stop_DMA), (178 bytes).
    Removing stm32f4xx_hal_tim_ex.o(i.HAL_TIMEx_OCN_Stop_IT), (196 bytes).
    Removing stm32f4xx_hal_tim_ex.o(i.HAL_TIMEx_OnePulseN_Start), (32 bytes).
    Removing stm32f4xx_hal_tim_ex.o(i.HAL_TIMEx_OnePulseN_Start_IT), (56 bytes).
    Removing stm32f4xx_hal_tim_ex.o(i.HAL_TIMEx_OnePulseN_Stop), (96 bytes).
    Removing stm32f4xx_hal_tim_ex.o(i.HAL_TIMEx_OnePulseN_Stop_IT), (120 bytes).
    Removing stm32f4xx_hal_tim_ex.o(i.HAL_TIMEx_PWMN_Start), (44 bytes).
    Removing stm32f4xx_hal_tim_ex.o(i.HAL_TIMEx_PWMN_Start_DMA), (280 bytes).
    Removing stm32f4xx_hal_tim_ex.o(i.HAL_TIMEx_PWMN_Start_IT), (132 bytes).
    Removing stm32f4xx_hal_tim_ex.o(i.HAL_TIMEx_PWMN_Stop), (96 bytes).
    Removing stm32f4xx_hal_tim_ex.o(i.HAL_TIMEx_PWMN_Stop_DMA), (178 bytes).
    Removing stm32f4xx_hal_tim_ex.o(i.HAL_TIMEx_PWMN_Stop_IT), (196 bytes).
    Removing stm32f4xx_hal_tim_ex.o(i.HAL_TIMEx_RemapConfig), (48 bytes).
    Removing stm32f4xx_hal_tim_ex.o(i.TIMEx_DMACommutationCplt), (20 bytes).
    Removing stm32f4xx_hal_tim_ex.o(i.TIM_CCxNChannelCmd), (28 bytes).
    Removing system_stm32f4xx.o(.rev16_text), (4 bytes).
    Removing system_stm32f4xx.o(.revsh_text), (4 bytes).
    Removing system_stm32f4xx.o(i.SystemCoreClockUpdate), (192 bytes).
    Removing startup_stm32f429xx.o(HEAP), (512 bytes).

448 unused section(s) (total 55878 bytes) removed from the image.

==============================================================================

Image Symbol Table

    Local Symbols

    Symbol Name                              Value     Ov Type        Size  Object(Section)

    ../clib/microlib/init/entry.s            0x00000000   Number         0  entry11a.o ABSOLUTE
    ../clib/microlib/init/entry.s            0x00000000   Number         0  entry9b.o ABSOLUTE
    ../clib/microlib/init/entry.s            0x00000000   Number         0  entry9a.o ABSOLUTE
    ../clib/microlib/init/entry.s            0x00000000   Number         0  entry7b.o ABSOLUTE
    ../clib/microlib/init/entry.s            0x00000000   Number         0  entry11b.o ABSOLUTE
    ../clib/microlib/init/entry.s            0x00000000   Number         0  entry10b.o ABSOLUTE
    ../clib/microlib/init/entry.s            0x00000000   Number         0  entry2.o ABSOLUTE
    ../clib/microlib/init/entry.s            0x00000000   Number         0  entry.o ABSOLUTE
    ../clib/microlib/init/entry.s            0x00000000   Number         0  entry8a.o ABSOLUTE
    ../clib/microlib/init/entry.s            0x00000000   Number         0  entry8b.o ABSOLUTE
    ../clib/microlib/init/entry.s            0x00000000   Number         0  entry5.o ABSOLUTE
    ../clib/microlib/init/entry.s            0x00000000   Number         0  entry7a.o ABSOLUTE
    ../clib/microlib/init/entry.s            0x00000000   Number         0  entry10a.o ABSOLUTE
    ..\..\Drivers\CMSIS\Device\ST\STM32F4xx\Source\Templates\arm\startup_stm32f429xx.s 0x00000000   Number         0  startup_stm32f429xx.o ABSOLUTE
    ..\..\Drivers\CMSIS\Device\ST\STM32F4xx\Source\Templates\system_stm32f4xx.c 0x00000000   Number         0  system_stm32f4xx.o ABSOLUTE
    ..\..\Drivers\STM32F4xx_HAL_Driver\Src\stm32f4xx_hal.c 0x00000000   Number         0  stm32f4xx_hal.o ABSOLUTE
    ..\..\Drivers\STM32F4xx_HAL_Driver\Src\stm32f4xx_hal_adc.c 0x00000000   Number         0  stm32f4xx_hal_adc.o ABSOLUTE
    ..\..\Drivers\STM32F4xx_HAL_Driver\Src\stm32f4xx_hal_adc_ex.c 0x00000000   Number         0  stm32f4xx_hal_adc_ex.o ABSOLUTE
    ..\..\Drivers\STM32F4xx_HAL_Driver\Src\stm32f4xx_hal_cortex.c 0x00000000   Number         0  stm32f4xx_hal_cortex.o ABSOLUTE
    ..\..\Drivers\STM32F4xx_HAL_Driver\Src\stm32f4xx_hal_dac.c 0x00000000   Number         0  stm32f4xx_hal_dac.o ABSOLUTE
    ..\..\Drivers\STM32F4xx_HAL_Driver\Src\stm32f4xx_hal_dac_ex.c 0x00000000   Number         0  stm32f4xx_hal_dac_ex.o ABSOLUTE
    ..\..\Drivers\STM32F4xx_HAL_Driver\Src\stm32f4xx_hal_dma.c 0x00000000   Number         0  stm32f4xx_hal_dma.o ABSOLUTE
    ..\..\Drivers\STM32F4xx_HAL_Driver\Src\stm32f4xx_hal_dma_ex.c 0x00000000   Number         0  stm32f4xx_hal_dma_ex.o ABSOLUTE
    ..\..\Drivers\STM32F4xx_HAL_Driver\Src\stm32f4xx_hal_flash.c 0x00000000   Number         0  stm32f4xx_hal_flash.o ABSOLUTE
    ..\..\Drivers\STM32F4xx_HAL_Driver\Src\stm32f4xx_hal_flash_ex.c 0x00000000   Number         0  stm32f4xx_hal_flash_ex.o ABSOLUTE
    ..\..\Drivers\STM32F4xx_HAL_Driver\Src\stm32f4xx_hal_flash_ramfunc.c 0x00000000   Number         0  stm32f4xx_hal_flash_ramfunc.o ABSOLUTE
    ..\..\Drivers\STM32F4xx_HAL_Driver\Src\stm32f4xx_hal_gpio.c 0x00000000   Number         0  stm32f4xx_hal_gpio.o ABSOLUTE
    ..\..\Drivers\STM32F4xx_HAL_Driver\Src\stm32f4xx_hal_pwr.c 0x00000000   Number         0  stm32f4xx_hal_pwr.o ABSOLUTE
    ..\..\Drivers\STM32F4xx_HAL_Driver\Src\stm32f4xx_hal_pwr_ex.c 0x00000000   Number         0  stm32f4xx_hal_pwr_ex.o ABSOLUTE
    ..\..\Drivers\STM32F4xx_HAL_Driver\Src\stm32f4xx_hal_rcc.c 0x00000000   Number         0  stm32f4xx_hal_rcc.o ABSOLUTE
    ..\..\Drivers\STM32F4xx_HAL_Driver\Src\stm32f4xx_hal_rcc_ex.c 0x00000000   Number         0  stm32f4xx_hal_rcc_ex.o ABSOLUTE
    ..\..\Drivers\STM32F4xx_HAL_Driver\Src\stm32f4xx_hal_spi.c 0x00000000   Number         0  stm32f4xx_hal_spi.o ABSOLUTE
    ..\..\Drivers\STM32F4xx_HAL_Driver\Src\stm32f4xx_hal_tim.c 0x00000000   Number         0  stm32f4xx_hal_tim.o ABSOLUTE
    ..\..\Drivers\STM32F4xx_HAL_Driver\Src\stm32f4xx_hal_tim_ex.c 0x00000000   Number         0  stm32f4xx_hal_tim_ex.o ABSOLUTE
    ..\..\Src\adc.c                          0x00000000   Number         0  adc.o ABSOLUTE
    ..\..\Src\dac.c                          0x00000000   Number         0  dac.o ABSOLUTE
    ..\..\Src\gpio.c                         0x00000000   Number         0  gpio.o ABSOLUTE
    ..\..\Src\main.c                         0x00000000   Number         0  main.o ABSOLUTE
    ..\..\Src\radio_lib.c                    0x00000000   Number         0  radio_lib.o ABSOLUTE
    ..\..\Src\rfm73_callbacks.c              0x00000000   Number         0  rfm73_callbacks.o ABSOLUTE
    ..\..\Src\spi.c                          0x00000000   Number         0  spi.o ABSOLUTE
    ..\..\Src\stm32f4xx_hal_msp.c            0x00000000   Number         0  stm32f4xx_hal_msp.o ABSOLUTE
    ..\..\Src\stm32f4xx_it.c                 0x00000000   Number         0  stm32f4xx_it.o ABSOLUTE
    ..\..\Src\sys_connect.c                  0x00000000   Number         0  sys_connect.o ABSOLUTE
    ..\\..\\Drivers\\CMSIS\\Device\\ST\\STM32F4xx\\Source\\Templates\\system_stm32f4xx.c 0x00000000   Number         0  system_stm32f4xx.o ABSOLUTE
    ..\\..\\Drivers\\STM32F4xx_HAL_Driver\\Src\\stm32f4xx_hal.c 0x00000000   Number         0  stm32f4xx_hal.o ABSOLUTE
    ..\\..\\Drivers\\STM32F4xx_HAL_Driver\\Src\\stm32f4xx_hal_adc.c 0x00000000   Number         0  stm32f4xx_hal_adc.o ABSOLUTE
    ..\\..\\Drivers\\STM32F4xx_HAL_Driver\\Src\\stm32f4xx_hal_adc_ex.c 0x00000000   Number         0  stm32f4xx_hal_adc_ex.o ABSOLUTE
    ..\\..\\Drivers\\STM32F4xx_HAL_Driver\\Src\\stm32f4xx_hal_cortex.c 0x00000000   Number         0  stm32f4xx_hal_cortex.o ABSOLUTE
    ..\\..\\Drivers\\STM32F4xx_HAL_Driver\\Src\\stm32f4xx_hal_dac.c 0x00000000   Number         0  stm32f4xx_hal_dac.o ABSOLUTE
    ..\\..\\Drivers\\STM32F4xx_HAL_Driver\\Src\\stm32f4xx_hal_dac_ex.c 0x00000000   Number         0  stm32f4xx_hal_dac_ex.o ABSOLUTE
    ..\\..\\Drivers\\STM32F4xx_HAL_Driver\\Src\\stm32f4xx_hal_dma.c 0x00000000   Number         0  stm32f4xx_hal_dma.o ABSOLUTE
    ..\\..\\Drivers\\STM32F4xx_HAL_Driver\\Src\\stm32f4xx_hal_dma_ex.c 0x00000000   Number         0  stm32f4xx_hal_dma_ex.o ABSOLUTE
    ..\\..\\Drivers\\STM32F4xx_HAL_Driver\\Src\\stm32f4xx_hal_flash.c 0x00000000   Number         0  stm32f4xx_hal_flash.o ABSOLUTE
    ..\\..\\Drivers\\STM32F4xx_HAL_Driver\\Src\\stm32f4xx_hal_flash_ex.c 0x00000000   Number         0  stm32f4xx_hal_flash_ex.o ABSOLUTE
    ..\\..\\Drivers\\STM32F4xx_HAL_Driver\\Src\\stm32f4xx_hal_flash_ramfunc.c 0x00000000   Number         0  stm32f4xx_hal_flash_ramfunc.o ABSOLUTE
    ..\\..\\Drivers\\STM32F4xx_HAL_Driver\\Src\\stm32f4xx_hal_gpio.c 0x00000000   Number         0  stm32f4xx_hal_gpio.o ABSOLUTE
    ..\\..\\Drivers\\STM32F4xx_HAL_Driver\\Src\\stm32f4xx_hal_pwr.c 0x00000000   Number         0  stm32f4xx_hal_pwr.o ABSOLUTE
    ..\\..\\Drivers\\STM32F4xx_HAL_Driver\\Src\\stm32f4xx_hal_pwr_ex.c 0x00000000   Number         0  stm32f4xx_hal_pwr_ex.o ABSOLUTE
    ..\\..\\Drivers\\STM32F4xx_HAL_Driver\\Src\\stm32f4xx_hal_rcc.c 0x00000000   Number         0  stm32f4xx_hal_rcc.o ABSOLUTE
    ..\\..\\Drivers\\STM32F4xx_HAL_Driver\\Src\\stm32f4xx_hal_rcc_ex.c 0x00000000   Number         0  stm32f4xx_hal_rcc_ex.o ABSOLUTE
    ..\\..\\Drivers\\STM32F4xx_HAL_Driver\\Src\\stm32f4xx_hal_spi.c 0x00000000   Number         0  stm32f4xx_hal_spi.o ABSOLUTE
    ..\\..\\Drivers\\STM32F4xx_HAL_Driver\\Src\\stm32f4xx_hal_tim.c 0x00000000   Number         0  stm32f4xx_hal_tim.o ABSOLUTE
    ..\\..\\Drivers\\STM32F4xx_HAL_Driver\\Src\\stm32f4xx_hal_tim_ex.c 0x00000000   Number         0  stm32f4xx_hal_tim_ex.o ABSOLUTE
    ..\\..\\Src\\adc.c                       0x00000000   Number         0  adc.o ABSOLUTE
    ..\\..\\Src\\dac.c                       0x00000000   Number         0  dac.o ABSOLUTE
    ..\\..\\Src\\gpio.c                      0x00000000   Number         0  gpio.o ABSOLUTE
    ..\\..\\Src\\main.c                      0x00000000   Number         0  main.o ABSOLUTE
    ..\\..\\Src\\radio_lib.c                 0x00000000   Number         0  radio_lib.o ABSOLUTE
    ..\\..\\Src\\rfm73_callbacks.c           0x00000000   Number         0  rfm73_callbacks.o ABSOLUTE
    ..\\..\\Src\\spi.c                       0x00000000   Number         0  spi.o ABSOLUTE
    ..\\..\\Src\\stm32f4xx_hal_msp.c         0x00000000   Number         0  stm32f4xx_hal_msp.o ABSOLUTE
    ..\\..\\Src\\stm32f4xx_it.c              0x00000000   Number         0  stm32f4xx_it.o ABSOLUTE
    ..\\..\\Src\\sys_connect.c               0x00000000   Number         0  sys_connect.o ABSOLUTE
    dc.s                                     0x00000000   Number         0  dc.o ABSOLUTE
    handlers.s                               0x00000000   Number         0  handlers.o ABSOLUTE
    init.s                                   0x00000000   Number         0  init.o ABSOLUTE
    RESET                                    0x08000000   Section      428  startup_stm32f429xx.o(RESET)
    .ARM.Collect$$$$00000000                 0x080001ac   Section        0  entry.o(.ARM.Collect$$$$00000000)
    .ARM.Collect$$$$00000001                 0x080001ac   Section        4  entry2.o(.ARM.Collect$$$$00000001)
    .ARM.Collect$$$$00000004                 0x080001b0   Section        4  entry5.o(.ARM.Collect$$$$00000004)
    .ARM.Collect$$$$00000008                 0x080001b4   Section        0  entry7b.o(.ARM.Collect$$$$00000008)
    .ARM.Collect$$$$0000000A                 0x080001b4   Section        0  entry8b.o(.ARM.Collect$$$$0000000A)
    .ARM.Collect$$$$0000000B                 0x080001b4   Section        8  entry9a.o(.ARM.Collect$$$$0000000B)
    .ARM.Collect$$$$0000000D                 0x080001bc   Section        0  entry10a.o(.ARM.Collect$$$$0000000D)
    .ARM.Collect$$$$0000000F                 0x080001bc   Section        0  entry11a.o(.ARM.Collect$$$$0000000F)
    .ARM.Collect$$$$00002712                 0x080001bc   Section        4  entry2.o(.ARM.Collect$$$$00002712)
    __lit__00000000                          0x080001bc   Data           4  entry2.o(.ARM.Collect$$$$00002712)
    .text                                    0x080001c0   Section       36  startup_stm32f429xx.o(.text)
    $v0                                      0x080001c0   Number         0  startup_stm32f429xx.o(.text)
    .text                                    0x080001e4   Section       36  init.o(.text)
    i.ADC_IRQHandler                         0x08000208   Section        0  stm32f4xx_it.o(i.ADC_IRQHandler)
    i.ADC_Init                               0x08000224   Section        0  stm32f4xx_hal_adc.o(i.ADC_Init)
    ADC_Init                                 0x08000225   Thumb Code   316  stm32f4xx_hal_adc.o(i.ADC_Init)
    i.EXTI3_IRQHandler                       0x08000368   Section        0  stm32f4xx_it.o(i.EXTI3_IRQHandler)
    i.EXTI9_5_IRQHandler                     0x08000394   Section        0  stm32f4xx_it.o(i.EXTI9_5_IRQHandler)
    i.HAL_ADCEx_InjectedConvCpltCallback     0x080003c0   Section        0  stm32f4xx_hal_adc_ex.o(i.HAL_ADCEx_InjectedConvCpltCallback)
    i.HAL_ADC_ConfigChannel                  0x080003c4   Section        0  stm32f4xx_hal_adc.o(i.HAL_ADC_ConfigChannel)
    i.HAL_ADC_ConvCpltCallback               0x0800052c   Section        0  stm32f4xx_hal_adc.o(i.HAL_ADC_ConvCpltCallback)
    i.HAL_ADC_ErrorCallback                  0x0800052e   Section        0  stm32f4xx_hal_adc.o(i.HAL_ADC_ErrorCallback)
    i.HAL_ADC_IRQHandler                     0x08000530   Section        0  stm32f4xx_hal_adc.o(i.HAL_ADC_IRQHandler)
    i.HAL_ADC_Init                           0x08000686   Section        0  stm32f4xx_hal_adc.o(i.HAL_ADC_Init)
    i.HAL_ADC_LevelOutOfWindowCallback       0x080006c0   Section        0  stm32f4xx_hal_adc.o(i.HAL_ADC_LevelOutOfWindowCallback)
    i.HAL_ADC_MspInit                        0x080006c4   Section        0  stm32f4xx_hal_msp.o(i.HAL_ADC_MspInit)
    i.HAL_DAC_ConfigChannel                  0x08000714   Section        0  stm32f4xx_hal_dac.o(i.HAL_DAC_ConfigChannel)
    i.HAL_DAC_Init                           0x0800076e   Section        0  stm32f4xx_hal_dac.o(i.HAL_DAC_Init)
    i.HAL_DAC_MspInit                        0x08000794   Section        0  stm32f4xx_hal_msp.o(i.HAL_DAC_MspInit)
    i.HAL_GPIO_Init                          0x080007d4   Section        0  stm32f4xx_hal_gpio.o(i.HAL_GPIO_Init)
    i.HAL_GPIO_ReadPin                       0x080009dc   Section        0  stm32f4xx_hal_gpio.o(i.HAL_GPIO_ReadPin)
    i.HAL_GetTick                            0x080009ec   Section        0  stm32f4xx_hal.o(i.HAL_GetTick)
    i.HAL_IncTick                            0x080009f8   Section        0  stm32f4xx_hal.o(i.HAL_IncTick)
    i.HAL_Init                               0x08000a08   Section        0  stm32f4xx_hal.o(i.HAL_Init)
    i.HAL_InitTick                           0x08000a44   Section        0  stm32f4xx_hal.o(i.HAL_InitTick)
    i.HAL_MspInit                            0x08000a68   Section        0  stm32f4xx_hal_msp.o(i.HAL_MspInit)
    i.HAL_NVIC_EnableIRQ                     0x08000a8c   Section        0  stm32f4xx_hal_cortex.o(i.HAL_NVIC_EnableIRQ)
    i.HAL_NVIC_SetPriority                   0x08000aa6   Section        0  stm32f4xx_hal_cortex.o(i.HAL_NVIC_SetPriority)
    i.HAL_NVIC_SetPriorityGrouping           0x08000b24   Section        0  stm32f4xx_hal_cortex.o(i.HAL_NVIC_SetPriorityGrouping)
    i.HAL_RCC_ClockConfig                    0x08000b4c   Section        0  stm32f4xx_hal_rcc.o(i.HAL_RCC_ClockConfig)
    i.HAL_RCC_GetHCLKFreq                    0x08000da0   Section        0  stm32f4xx_hal_rcc.o(i.HAL_RCC_GetHCLKFreq)
    i.HAL_RCC_GetSysClockFreq                0x08000dd8   Section        0  stm32f4xx_hal_rcc.o(i.HAL_RCC_GetSysClockFreq)
    i.HAL_RCC_OscConfig                      0x08000e9c   Section        0  stm32f4xx_hal_rcc.o(i.HAL_RCC_OscConfig)
    i.HAL_SPI_Init                           0x08001298   Section        0  stm32f4xx_hal_spi.o(i.HAL_SPI_Init)
    i.HAL_SPI_MspInit                        0x0800131c   Section        0  spi.o(i.HAL_SPI_MspInit)
    i.HAL_SYSTICK_Callback                   0x080013c4   Section        0  stm32f4xx_hal_cortex.o(i.HAL_SYSTICK_Callback)
    i.HAL_SYSTICK_Config                     0x080013c6   Section        0  stm32f4xx_hal_cortex.o(i.HAL_SYSTICK_Config)
    i.HAL_SYSTICK_IRQHandler                 0x080013fa   Section        0  stm32f4xx_hal_cortex.o(i.HAL_SYSTICK_IRQHandler)
    i.HAL_TIMEx_BreakCallback                0x08001402   Section        0  stm32f4xx_hal_tim_ex.o(i.HAL_TIMEx_BreakCallback)
    i.HAL_TIMEx_CommutationCallback          0x08001404   Section        0  stm32f4xx_hal_tim_ex.o(i.HAL_TIMEx_CommutationCallback)
    i.HAL_TIM_Base_Init                      0x08001406   Section        0  stm32f4xx_hal_tim.o(i.HAL_TIM_Base_Init)
    i.HAL_TIM_Base_MspInit                   0x08001434   Section        0  stm32f4xx_hal_msp.o(i.HAL_TIM_Base_MspInit)
    i.HAL_TIM_IC_CaptureCallback             0x08001464   Section        0  stm32f4xx_hal_tim.o(i.HAL_TIM_IC_CaptureCallback)
    i.HAL_TIM_IRQHandler                     0x08001466   Section        0  stm32f4xx_hal_tim.o(i.HAL_TIM_IRQHandler)
    i.HAL_TIM_OC_DelayElapsedCallback        0x080015fc   Section        0  stm32f4xx_hal_tim.o(i.HAL_TIM_OC_DelayElapsedCallback)
    i.HAL_TIM_PWM_PulseFinishedCallback      0x080015fe   Section        0  stm32f4xx_hal_tim.o(i.HAL_TIM_PWM_PulseFinishedCallback)
    i.HAL_TIM_PeriodElapsedCallback          0x08001600   Section        0  stm32f4xx_hal_tim.o(i.HAL_TIM_PeriodElapsedCallback)
    i.HAL_TIM_TriggerCallback                0x08001602   Section        0  stm32f4xx_hal_tim.o(i.HAL_TIM_TriggerCallback)
    i.ITM_SendChar                           0x08001604   Section        0  rfm73_callbacks.o(i.ITM_SendChar)
    ITM_SendChar                             0x08001605   Thumb Code    42  rfm73_callbacks.o(i.ITM_SendChar)
    i.MX_ADC3_Init                           0x08001634   Section        0  adc.o(i.MX_ADC3_Init)
    i.MX_DAC_Init                            0x08001698   Section        0  dac.o(i.MX_DAC_Init)
    i.MX_GPIO_Init                           0x080016c4   Section        0  gpio.o(i.MX_GPIO_Init)
    i.MX_SPI1_Init                           0x080017d0   Section        0  spi.o(i.MX_SPI1_Init)
    i.MX_SPI3_Init                           0x0800182c   Section        0  spi.o(i.MX_SPI3_Init)
    i.MX_TIM2_Init                           0x08001888   Section        0  main.o(i.MX_TIM2_Init)
    MX_TIM2_Init                             0x08001889   Thumb Code    52  main.o(i.MX_TIM2_Init)
    i.Mconn_cant_send_callback               0x080018c0   Section        0  rfm73_callbacks.o(i.Mconn_cant_send_callback)
    i.Mconn_packet_sent_callback             0x080018fa   Section        0  rfm73_callbacks.o(i.Mconn_packet_sent_callback)
    i.Mconn_rcv_data_callback                0x080018fc   Section        0  rfm73_callbacks.o(i.Mconn_rcv_data_callback)
    i.NVIC_ClearPendingIRQ                   0x08001900   Section        0  spi.o(i.NVIC_ClearPendingIRQ)
    NVIC_ClearPendingIRQ                     0x08001901   Thumb Code    18  spi.o(i.NVIC_ClearPendingIRQ)
    i.NVIC_EnableIRQ                         0x08001918   Section        0  spi.o(i.NVIC_EnableIRQ)
    NVIC_EnableIRQ                           0x08001919   Thumb Code    22  spi.o(i.NVIC_EnableIRQ)
    i.NVIC_GetPriorityGrouping               0x08001930   Section        0  stm32f4xx_hal_cortex.o(i.NVIC_GetPriorityGrouping)
    NVIC_GetPriorityGrouping                 0x08001931   Thumb Code    10  stm32f4xx_hal_cortex.o(i.NVIC_GetPriorityGrouping)
    i.NVIC_SetPriority                       0x08001940   Section        0  spi.o(i.NVIC_SetPriority)
    NVIC_SetPriority                         0x08001941   Thumb Code    32  spi.o(i.NVIC_SetPriority)
    i.NVIC_SetPriority                       0x08001968   Section        0  stm32f4xx_hal_cortex.o(i.NVIC_SetPriority)
    NVIC_SetPriority                         0x08001969   Thumb Code    32  stm32f4xx_hal_cortex.o(i.NVIC_SetPriority)
    i.RCC_IRQHandler                         0x08001990   Section        0  stm32f4xx_it.o(i.RCC_IRQHandler)
    i.RFM73_CE                               0x08001992   Section        0  radio_lib.o(i.RFM73_CE)
    i.RFM73_CSN                              0x080019b4   Section        0  radio_lib.o(i.RFM73_CSN)
    i.SPI1_IRQHandler                        0x080019d8   Section        0  stm32f4xx_it.o(i.SPI1_IRQHandler)
    i.SPI3_IRQHandler                        0x08001a24   Section        0  stm32f4xx_it.o(i.SPI3_IRQHandler)
    i.Sconn_cant_send_callback               0x08001a70   Section        0  rfm73_callbacks.o(i.Sconn_cant_send_callback)
    i.Sconn_packet_sent_callback             0x08001a76   Section        0  rfm73_callbacks.o(i.Sconn_packet_sent_callback)
    i.Sconn_rcv_data_callback                0x08001a78   Section        0  rfm73_callbacks.o(i.Sconn_rcv_data_callback)
    i.SysTick_Handler                        0x08001aba   Section        0  stm32f4xx_it.o(i.SysTick_Handler)
    i.SystemClock_Config                     0x08001ac8   Section        0  main.o(i.SystemClock_Config)
    i.SystemInit                             0x08001b34   Section        0  system_stm32f4xx.o(i.SystemInit)
    i.TIM2_IRQHandler                        0x08001b98   Section        0  stm32f4xx_it.o(i.TIM2_IRQHandler)
    i.TIM_Base_SetConfig                     0x08001be8   Section        0  stm32f4xx_hal_tim.o(i.TIM_Base_SetConfig)
    i.__scatterload_copy                     0x08001ccc   Section       14  handlers.o(i.__scatterload_copy)
    i.__scatterload_null                     0x08001cda   Section        2  handlers.o(i.__scatterload_null)
    i.__scatterload_zeroinit                 0x08001cdc   Section       14  handlers.o(i.__scatterload_zeroinit)
    i._rfm73_analyze                         0x08001cec   Section        0  radio_lib.o(i._rfm73_analyze)
    i.adc_OFF                                0x08001e20   Section        0  adc.o(i.adc_OFF)
    i.adc_ON                                 0x08001e48   Section        0  adc.o(i.adc_ON)
    i.adc_buff_append                        0x08001e70   Section        0  adc.o(i.adc_buff_append)
    i.adc_buff_clear                         0x08001f38   Section        0  adc.o(i.adc_buff_clear)
    i.adc_buff_init                          0x08001f90   Section        0  adc.o(i.adc_buff_init)
    i.adc_data_ready                         0x08001fb4   Section        0  adc.o(i.adc_data_ready)
    i.dac_OFF                                0x0800202c   Section        0  dac.o(i.dac_OFF)
    i.dac_ON                                 0x08002054   Section        0  dac.o(i.dac_ON)
    i.dac_buff_append                        0x0800207c   Section        0  dac.o(i.dac_buff_append)
    i.dac_buff_init                          0x0800214c   Section        0  dac.o(i.dac_buff_init)
    i.dac_data_ready                         0x0800216c   Section        0  dac.o(i.dac_data_ready)
    i.disc_cant_send_callback                0x08002190   Section        0  rfm73_callbacks.o(i.disc_cant_send_callback)
    i.disc_packet_sent_callback              0x08002196   Section        0  rfm73_callbacks.o(i.disc_packet_sent_callback)
    i.disc_rcv_data_callback                 0x08002198   Section        0  rfm73_callbacks.o(i.disc_rcv_data_callback)
    i.main                                   0x080021f0   Section        0  main.o(i.main)
    i.master_cant_conn_callback              0x0800235c   Section        0  rfm73_callbacks.o(i.master_cant_conn_callback)
    i.master_connected_callback              0x080023b0   Section        0  rfm73_callbacks.o(i.master_connected_callback)
    i.master_disconnect_main                 0x080023fc   Section        0  sys_connect.o(i.master_disconnect_main)
    i.master_rcv_data_callback               0x0800249c   Section        0  rfm73_callbacks.o(i.master_rcv_data_callback)
    i.rfm73_SPI_RW                           0x0800249e   Section        0  radio_lib.o(i.rfm73_SPI_RW)
    i.rfm73_bank                             0x080024c8   Section        0  radio_lib.o(i.rfm73_bank)
    i.rfm73_buffer_write                     0x080024ee   Section        0  radio_lib.o(i.rfm73_buffer_write)
    i.rfm73_channel_payload_size             0x08002532   Section        0  radio_lib.o(i.rfm73_channel_payload_size)
    i.rfm73_check                            0x08002576   Section        0  radio_lib.o(i.rfm73_check)
    i.rfm73_init                             0x080025a8   Section        0  radio_lib.o(i.rfm73_init)
    i.rfm73_init_bank1                       0x08002680   Section        0  radio_lib.o(i.rfm73_init_bank1)
    i.rfm73_mode_receive                     0x08002760   Section        0  radio_lib.o(i.rfm73_mode_receive)
    i.rfm73_mode_transmit                    0x080027b0   Section        0  radio_lib.o(i.rfm73_mode_transmit)
    i.rfm73_receive_address_p0               0x08002800   Section        0  radio_lib.o(i.rfm73_receive_address_p0)
    i.rfm73_receive_address_p1               0x08002814   Section        0  radio_lib.o(i.rfm73_receive_address_p1)
    i.rfm73_receive_address_pn               0x08002828   Section        0  radio_lib.o(i.rfm73_receive_address_pn)
    i.rfm73_register_read                    0x08002840   Section        0  radio_lib.o(i.rfm73_register_read)
    i.rfm73_register_write                   0x08002872   Section        0  radio_lib.o(i.rfm73_register_write)
    i.rfm73_rx_interrupt_handle              0x080028a4   Section        0  radio_lib.o(i.rfm73_rx_interrupt_handle)
    i.rfm73_set_Tpipe                        0x0800291a   Section        0  radio_lib.o(i.rfm73_set_Tpipe)
    i.rfm73_transmit_address                 0x08002932   Section        0  radio_lib.o(i.rfm73_transmit_address)
    i.rfm73_transmit_message                 0x08002946   Section        0  radio_lib.o(i.rfm73_transmit_message)
    i.rfm73_wait_ms                          0x08002962   Section        0  radio_lib.o(i.rfm73_wait_ms)
    i.slave_disconnect                       0x0800297c   Section        0  sys_connect.o(i.slave_disconnect)
    i.try_connect                            0x080029cc   Section        0  sys_connect.o(i.try_connect)
    .constdata                               0x08002a74   Section      102  radio_lib.o(.constdata)
    .constdata                               0x08002ada   Section       16  stm32f4xx_hal_rcc.o(.constdata)
    .data                                    0x20000000   Section        1  main.o(.data)
    .data                                    0x20000001   Section        1  stm32f4xx_it.o(.data)
    .data                                    0x20000004   Section        4  stm32f4xx_hal.o(.data)
    uwTick                                   0x20000004   Data           4  stm32f4xx_hal.o(.data)
    .data                                    0x20000008   Section       20  system_stm32f4xx.o(.data)
    .bss                                     0x2000001c   Section      228  main.o(.bss)
    .bss                                     0x20000100   Section       20  gpio.o(.bss)
    .bss                                     0x20000114   Section      168  spi.o(.bss)
    .bss                                     0x200001bc   Section      144  adc.o(.bss)
    .bss                                     0x2000024c   Section      276  dac.o(.bss)
    STACK                                    0x20000360   Section     1024  startup_stm32f429xx.o(STACK)

    Global Symbols

    Symbol Name                              Value     Ov Type        Size  Object(Section)

    BuildAttributes$$THM_ISAv4$E$P$D$K$B$S$7EM$VFPi3$EXTD16$VFPS$VFMA$PE$A:L22UL41UL21$X:L11$S22US41US21$IEEE1$IW$USESV6$~STKCKD$USESV7$~SHL$OSPACE$EBA8$MICROLIB$REQ8$PRES8$EABIv2 0x00000000   Number         0  anon$$obj.o ABSOLUTE
    __ARM_use_no_argv                        0x00000000   Number         0  main.o ABSOLUTE
    __cpp_initialize__aeabi_                  - Undefined Weak Reference
    __cxa_finalize                            - Undefined Weak Reference
    __decompress                              - Undefined Weak Reference
    _clock_init                               - Undefined Weak Reference
    _microlib_exit                            - Undefined Weak Reference
    __Vectors_Size                           0x000001ac   Number         0  startup_stm32f429xx.o ABSOLUTE
    __Vectors                                0x08000000   Data           4  startup_stm32f429xx.o(RESET)
    __Vectors_End                            0x080001ac   Data           0  startup_stm32f429xx.o(RESET)
    __main                                   0x080001ad   Thumb Code     0  entry.o(.ARM.Collect$$$$00000000)
    _main_stk                                0x080001ad   Thumb Code     0  entry2.o(.ARM.Collect$$$$00000001)
    _main_scatterload                        0x080001b1   Thumb Code     0  entry5.o(.ARM.Collect$$$$00000004)
    __main_after_scatterload                 0x080001b5   Thumb Code     0  entry5.o(.ARM.Collect$$$$00000004)
    _main_clock                              0x080001b5   Thumb Code     0  entry7b.o(.ARM.Collect$$$$00000008)
    _main_cpp_init                           0x080001b5   Thumb Code     0  entry8b.o(.ARM.Collect$$$$0000000A)
    _main_init                               0x080001b5   Thumb Code     0  entry9a.o(.ARM.Collect$$$$0000000B)
    __rt_final_cpp                           0x080001bd   Thumb Code     0  entry10a.o(.ARM.Collect$$$$0000000D)
    __rt_final_exit                          0x080001bd   Thumb Code     0  entry11a.o(.ARM.Collect$$$$0000000F)
    Reset_Handler                            0x080001c1   Thumb Code     8  startup_stm32f429xx.o(.text)
    NMI_Handler                              0x080001c9   Thumb Code     2  startup_stm32f429xx.o(.text)
    HardFault_Handler                        0x080001cb   Thumb Code     2  startup_stm32f429xx.o(.text)
    MemManage_Handler                        0x080001cd   Thumb Code     2  startup_stm32f429xx.o(.text)
    BusFault_Handler                         0x080001cf   Thumb Code     2  startup_stm32f429xx.o(.text)
    UsageFault_Handler                       0x080001d1   Thumb Code     2  startup_stm32f429xx.o(.text)
    SVC_Handler                              0x080001d3   Thumb Code     2  startup_stm32f429xx.o(.text)
    DebugMon_Handler                         0x080001d5   Thumb Code     2  startup_stm32f429xx.o(.text)
    PendSV_Handler                           0x080001d7   Thumb Code     2  startup_stm32f429xx.o(.text)
    CAN1_RX0_IRQHandler                      0x080001db   Thumb Code     0  startup_stm32f429xx.o(.text)
    CAN1_RX1_IRQHandler                      0x080001db   Thumb Code     0  startup_stm32f429xx.o(.text)
    CAN1_SCE_IRQHandler                      0x080001db   Thumb Code     0  startup_stm32f429xx.o(.text)
    CAN1_TX_IRQHandler                       0x080001db   Thumb Code     0  startup_stm32f429xx.o(.text)
    CAN2_RX0_IRQHandler                      0x080001db   Thumb Code     0  startup_stm32f429xx.o(.text)
    CAN2_RX1_IRQHandler                      0x080001db   Thumb Code     0  startup_stm32f429xx.o(.text)
    CAN2_SCE_IRQHandler                      0x080001db   Thumb Code     0  startup_stm32f429xx.o(.text)
    CAN2_TX_IRQHandler                       0x080001db   Thumb Code     0  startup_stm32f429xx.o(.text)
    DCMI_IRQHandler                          0x080001db   Thumb Code     0  startup_stm32f429xx.o(.text)
    DMA1_Stream0_IRQHandler                  0x080001db   Thumb Code     0  startup_stm32f429xx.o(.text)
    DMA1_Stream1_IRQHandler                  0x080001db   Thumb Code     0  startup_stm32f429xx.o(.text)
    DMA1_Stream2_IRQHandler                  0x080001db   Thumb Code     0  startup_stm32f429xx.o(.text)
    DMA1_Stream3_IRQHandler                  0x080001db   Thumb Code     0  startup_stm32f429xx.o(.text)
    DMA1_Stream4_IRQHandler                  0x080001db   Thumb Code     0  startup_stm32f429xx.o(.text)
    DMA1_Stream5_IRQHandler                  0x080001db   Thumb Code     0  startup_stm32f429xx.o(.text)
    DMA1_Stream6_IRQHandler                  0x080001db   Thumb Code     0  startup_stm32f429xx.o(.text)
    DMA1_Stream7_IRQHandler                  0x080001db   Thumb Code     0  startup_stm32f429xx.o(.text)
    DMA2D_IRQHandler                         0x080001db   Thumb Code     0  startup_stm32f429xx.o(.text)
    DMA2_Stream0_IRQHandler                  0x080001db   Thumb Code     0  startup_stm32f429xx.o(.text)
    DMA2_Stream1_IRQHandler                  0x080001db   Thumb Code     0  startup_stm32f429xx.o(.text)
    DMA2_Stream2_IRQHandler                  0x080001db   Thumb Code     0  startup_stm32f429xx.o(.text)
    DMA2_Stream3_IRQHandler                  0x080001db   Thumb Code     0  startup_stm32f429xx.o(.text)
    DMA2_Stream4_IRQHandler                  0x080001db   Thumb Code     0  startup_stm32f429xx.o(.text)
    DMA2_Stream5_IRQHandler                  0x080001db   Thumb Code     0  startup_stm32f429xx.o(.text)
    DMA2_Stream6_IRQHandler                  0x080001db   Thumb Code     0  startup_stm32f429xx.o(.text)
    DMA2_Stream7_IRQHandler                  0x080001db   Thumb Code     0  startup_stm32f429xx.o(.text)
    ETH_IRQHandler                           0x080001db   Thumb Code     0  startup_stm32f429xx.o(.text)
    ETH_WKUP_IRQHandler                      0x080001db   Thumb Code     0  startup_stm32f429xx.o(.text)
    EXTI0_IRQHandler                         0x080001db   Thumb Code     0  startup_stm32f429xx.o(.text)
    EXTI15_10_IRQHandler                     0x080001db   Thumb Code     0  startup_stm32f429xx.o(.text)
    EXTI1_IRQHandler                         0x080001db   Thumb Code     0  startup_stm32f429xx.o(.text)
    EXTI2_IRQHandler                         0x080001db   Thumb Code     0  startup_stm32f429xx.o(.text)
    EXTI4_IRQHandler                         0x080001db   Thumb Code     0  startup_stm32f429xx.o(.text)
    FLASH_IRQHandler                         0x080001db   Thumb Code     0  startup_stm32f429xx.o(.text)
    FMC_IRQHandler                           0x080001db   Thumb Code     0  startup_stm32f429xx.o(.text)
    FPU_IRQHandler                           0x080001db   Thumb Code     0  startup_stm32f429xx.o(.text)
    HASH_RNG_IRQHandler                      0x080001db   Thumb Code     0  startup_stm32f429xx.o(.text)
    I2C1_ER_IRQHandler                       0x080001db   Thumb Code     0  startup_stm32f429xx.o(.text)
    I2C1_EV_IRQHandler                       0x080001db   Thumb Code     0  startup_stm32f429xx.o(.text)
    I2C2_ER_IRQHandler                       0x080001db   Thumb Code     0  startup_stm32f429xx.o(.text)
    I2C2_EV_IRQHandler                       0x080001db   Thumb Code     0  startup_stm32f429xx.o(.text)
    I2C3_ER_IRQHandler                       0x080001db   Thumb Code     0  startup_stm32f429xx.o(.text)
    I2C3_EV_IRQHandler                       0x080001db   Thumb Code     0  startup_stm32f429xx.o(.text)
    LTDC_ER_IRQHandler                       0x080001db   Thumb Code     0  startup_stm32f429xx.o(.text)
    LTDC_IRQHandler                          0x080001db   Thumb Code     0  startup_stm32f429xx.o(.text)
    OTG_FS_IRQHandler                        0x080001db   Thumb Code     0  startup_stm32f429xx.o(.text)
    OTG_FS_WKUP_IRQHandler                   0x080001db   Thumb Code     0  startup_stm32f429xx.o(.text)
    OTG_HS_EP1_IN_IRQHandler                 0x080001db   Thumb Code     0  startup_stm32f429xx.o(.text)
    OTG_HS_EP1_OUT_IRQHandler                0x080001db   Thumb Code     0  startup_stm32f429xx.o(.text)
    OTG_HS_IRQHandler                        0x080001db   Thumb Code     0  startup_stm32f429xx.o(.text)
    OTG_HS_WKUP_IRQHandler                   0x080001db   Thumb Code     0  startup_stm32f429xx.o(.text)
    PVD_IRQHandler                           0x080001db   Thumb Code     0  startup_stm32f429xx.o(.text)
    RTC_Alarm_IRQHandler                     0x080001db   Thumb Code     0  startup_stm32f429xx.o(.text)
    RTC_WKUP_IRQHandler                      0x080001db   Thumb Code     0  startup_stm32f429xx.o(.text)
    SAI1_IRQHandler                          0x080001db   Thumb Code     0  startup_stm32f429xx.o(.text)
    SDIO_IRQHandler                          0x080001db   Thumb Code     0  startup_stm32f429xx.o(.text)
    SPI2_IRQHandler                          0x080001db   Thumb Code     0  startup_stm32f429xx.o(.text)
    SPI4_IRQHandler                          0x080001db   Thumb Code     0  startup_stm32f429xx.o(.text)
    SPI5_IRQHandler                          0x080001db   Thumb Code     0  startup_stm32f429xx.o(.text)
    SPI6_IRQHandler                          0x080001db   Thumb Code     0  startup_stm32f429xx.o(.text)
    TAMP_STAMP_IRQHandler                    0x080001db   Thumb Code     0  startup_stm32f429xx.o(.text)
    TIM1_BRK_TIM9_IRQHandler                 0x080001db   Thumb Code     0  startup_stm32f429xx.o(.text)
    TIM1_CC_IRQHandler                       0x080001db   Thumb Code     0  startup_stm32f429xx.o(.text)
    TIM1_TRG_COM_TIM11_IRQHandler            0x080001db   Thumb Code     0  startup_stm32f429xx.o(.text)
    TIM1_UP_TIM10_IRQHandler                 0x080001db   Thumb Code     0  startup_stm32f429xx.o(.text)
    TIM3_IRQHandler                          0x080001db   Thumb Code     0  startup_stm32f429xx.o(.text)
    TIM4_IRQHandler                          0x080001db   Thumb Code     0  startup_stm32f429xx.o(.text)
    TIM5_IRQHandler                          0x080001db   Thumb Code     0  startup_stm32f429xx.o(.text)
    TIM6_DAC_IRQHandler                      0x080001db   Thumb Code     0  startup_stm32f429xx.o(.text)
    TIM7_IRQHandler                          0x080001db   Thumb Code     0  startup_stm32f429xx.o(.text)
    TIM8_BRK_TIM12_IRQHandler                0x080001db   Thumb Code     0  startup_stm32f429xx.o(.text)
    TIM8_CC_IRQHandler                       0x080001db   Thumb Code     0  startup_stm32f429xx.o(.text)
    TIM8_TRG_COM_TIM14_IRQHandler            0x080001db   Thumb Code     0  startup_stm32f429xx.o(.text)
    TIM8_UP_TIM13_IRQHandler                 0x080001db   Thumb Code     0  startup_stm32f429xx.o(.text)
    UART4_IRQHandler                         0x080001db   Thumb Code     0  startup_stm32f429xx.o(.text)
    UART5_IRQHandler                         0x080001db   Thumb Code     0  startup_stm32f429xx.o(.text)
    UART7_IRQHandler                         0x080001db   Thumb Code     0  startup_stm32f429xx.o(.text)
    UART8_IRQHandler                         0x080001db   Thumb Code     0  startup_stm32f429xx.o(.text)
    USART1_IRQHandler                        0x080001db   Thumb Code     0  startup_stm32f429xx.o(.text)
    USART2_IRQHandler                        0x080001db   Thumb Code     0  startup_stm32f429xx.o(.text)
    USART3_IRQHandler                        0x080001db   Thumb Code     0  startup_stm32f429xx.o(.text)
    USART6_IRQHandler                        0x080001db   Thumb Code     0  startup_stm32f429xx.o(.text)
    WWDG_IRQHandler                          0x080001db   Thumb Code     0  startup_stm32f429xx.o(.text)
    __scatterload                            0x080001e5   Thumb Code    28  init.o(.text)
    __scatterload_rt2                        0x080001e5   Thumb Code     0  init.o(.text)
    ADC_IRQHandler                           0x08000209   Thumb Code    20  stm32f4xx_it.o(i.ADC_IRQHandler)
    EXTI3_IRQHandler                         0x08000369   Thumb Code    34  stm32f4xx_it.o(i.EXTI3_IRQHandler)
    EXTI9_5_IRQHandler                       0x08000395   Thumb Code    36  stm32f4xx_it.o(i.EXTI9_5_IRQHandler)
    HAL_ADCEx_InjectedConvCpltCallback       0x080003c1   Thumb Code     2  stm32f4xx_hal_adc_ex.o(i.HAL_ADCEx_InjectedConvCpltCallback)
    HAL_ADC_ConfigChannel                    0x080003c5   Thumb Code   348  stm32f4xx_hal_adc.o(i.HAL_ADC_ConfigChannel)
    HAL_ADC_ConvCpltCallback                 0x0800052d   Thumb Code     2  stm32f4xx_hal_adc.o(i.HAL_ADC_ConvCpltCallback)
    HAL_ADC_ErrorCallback                    0x0800052f   Thumb Code     2  stm32f4xx_hal_adc.o(i.HAL_ADC_ErrorCallback)
    HAL_ADC_IRQHandler                       0x08000531   Thumb Code   342  stm32f4xx_hal_adc.o(i.HAL_ADC_IRQHandler)
    HAL_ADC_Init                             0x08000687   Thumb Code    58  stm32f4xx_hal_adc.o(i.HAL_ADC_Init)
    HAL_ADC_LevelOutOfWindowCallback         0x080006c1   Thumb Code     2  stm32f4xx_hal_adc.o(i.HAL_ADC_LevelOutOfWindowCallback)
    HAL_ADC_MspInit                          0x080006c5   Thumb Code    66  stm32f4xx_hal_msp.o(i.HAL_ADC_MspInit)
    HAL_DAC_ConfigChannel                    0x08000715   Thumb Code    90  stm32f4xx_hal_dac.o(i.HAL_DAC_ConfigChannel)
    HAL_DAC_Init                             0x0800076f   Thumb Code    36  stm32f4xx_hal_dac.o(i.HAL_DAC_Init)
    HAL_DAC_MspInit                          0x08000795   Thumb Code    50  stm32f4xx_hal_msp.o(i.HAL_DAC_MspInit)
    HAL_GPIO_Init                            0x080007d5   Thumb Code   466  stm32f4xx_hal_gpio.o(i.HAL_GPIO_Init)
    HAL_GPIO_ReadPin                         0x080009dd   Thumb Code    16  stm32f4xx_hal_gpio.o(i.HAL_GPIO_ReadPin)
    HAL_GetTick                              0x080009ed   Thumb Code     6  stm32f4xx_hal.o(i.HAL_GetTick)
    HAL_IncTick                              0x080009f9   Thumb Code    12  stm32f4xx_hal.o(i.HAL_IncTick)
    HAL_Init                                 0x08000a09   Thumb Code    54  stm32f4xx_hal.o(i.HAL_Init)
    HAL_InitTick                             0x08000a45   Thumb Code    36  stm32f4xx_hal.o(i.HAL_InitTick)
    HAL_MspInit                              0x08000a69   Thumb Code    36  stm32f4xx_hal_msp.o(i.HAL_MspInit)
    HAL_NVIC_EnableIRQ                       0x08000a8d   Thumb Code    26  stm32f4xx_hal_cortex.o(i.HAL_NVIC_EnableIRQ)
    HAL_NVIC_SetPriority                     0x08000aa7   Thumb Code   124  stm32f4xx_hal_cortex.o(i.HAL_NVIC_SetPriority)
    HAL_NVIC_SetPriorityGrouping             0x08000b25   Thumb Code    32  stm32f4xx_hal_cortex.o(i.HAL_NVIC_SetPriorityGrouping)
    HAL_RCC_ClockConfig                      0x08000b4d   Thumb Code   588  stm32f4xx_hal_rcc.o(i.HAL_RCC_ClockConfig)
    HAL_RCC_GetHCLKFreq                      0x08000da1   Thumb Code    42  stm32f4xx_hal_rcc.o(i.HAL_RCC_GetHCLKFreq)
    HAL_RCC_GetSysClockFreq                  0x08000dd9   Thumb Code   182  stm32f4xx_hal_rcc.o(i.HAL_RCC_GetSysClockFreq)
    HAL_RCC_OscConfig                        0x08000e9d   Thumb Code  1002  stm32f4xx_hal_rcc.o(i.HAL_RCC_OscConfig)
    HAL_SPI_Init                             0x08001299   Thumb Code   132  stm32f4xx_hal_spi.o(i.HAL_SPI_Init)
    HAL_SPI_MspInit                          0x0800131d   Thumb Code   146  spi.o(i.HAL_SPI_MspInit)
    HAL_SYSTICK_Callback                     0x080013c5   Thumb Code     2  stm32f4xx_hal_cortex.o(i.HAL_SYSTICK_Callback)
    HAL_SYSTICK_Config                       0x080013c7   Thumb Code    52  stm32f4xx_hal_cortex.o(i.HAL_SYSTICK_Config)
    HAL_SYSTICK_IRQHandler                   0x080013fb   Thumb Code     8  stm32f4xx_hal_cortex.o(i.HAL_SYSTICK_IRQHandler)
    HAL_TIMEx_BreakCallback                  0x08001403   Thumb Code     2  stm32f4xx_hal_tim_ex.o(i.HAL_TIMEx_BreakCallback)
    HAL_TIMEx_CommutationCallback            0x08001405   Thumb Code     2  stm32f4xx_hal_tim_ex.o(i.HAL_TIMEx_CommutationCallback)
    HAL_TIM_Base_Init                        0x08001407   Thumb Code    46  stm32f4xx_hal_tim.o(i.HAL_TIM_Base_Init)
    HAL_TIM_Base_MspInit                     0x08001435   Thumb Code    42  stm32f4xx_hal_msp.o(i.HAL_TIM_Base_MspInit)
    HAL_TIM_IC_CaptureCallback               0x08001465   Thumb Code     2  stm32f4xx_hal_tim.o(i.HAL_TIM_IC_CaptureCallback)
    HAL_TIM_IRQHandler                       0x08001467   Thumb Code   406  stm32f4xx_hal_tim.o(i.HAL_TIM_IRQHandler)
    HAL_TIM_OC_DelayElapsedCallback          0x080015fd   Thumb Code     2  stm32f4xx_hal_tim.o(i.HAL_TIM_OC_DelayElapsedCallback)
    HAL_TIM_PWM_PulseFinishedCallback        0x080015ff   Thumb Code     2  stm32f4xx_hal_tim.o(i.HAL_TIM_PWM_PulseFinishedCallback)
    HAL_TIM_PeriodElapsedCallback            0x08001601   Thumb Code     2  stm32f4xx_hal_tim.o(i.HAL_TIM_PeriodElapsedCallback)
    HAL_TIM_TriggerCallback                  0x08001603   Thumb Code     2  stm32f4xx_hal_tim.o(i.HAL_TIM_TriggerCallback)
    MX_ADC3_Init                             0x08001635   Thumb Code    88  adc.o(i.MX_ADC3_Init)
    MX_DAC_Init                              0x08001699   Thumb Code    34  dac.o(i.MX_DAC_Init)
    MX_GPIO_Init                             0x080016c5   Thumb Code   244  gpio.o(i.MX_GPIO_Init)
    MX_SPI1_Init                             0x080017d1   Thumb Code    84  spi.o(i.MX_SPI1_Init)
    MX_SPI3_Init                             0x0800182d   Thumb Code    84  spi.o(i.MX_SPI3_Init)
    Mconn_cant_send_callback                 0x080018c1   Thumb Code    58  rfm73_callbacks.o(i.Mconn_cant_send_callback)
    Mconn_packet_sent_callback               0x080018fb   Thumb Code     2  rfm73_callbacks.o(i.Mconn_packet_sent_callback)
    Mconn_rcv_data_callback                  0x080018fd   Thumb Code     2  rfm73_callbacks.o(i.Mconn_rcv_data_callback)
    RCC_IRQHandler                           0x08001991   Thumb Code     2  stm32f4xx_it.o(i.RCC_IRQHandler)
    RFM73_CE                                 0x08001993   Thumb Code    34  radio_lib.o(i.RFM73_CE)
    RFM73_CSN                                0x080019b5   Thumb Code    34  radio_lib.o(i.RFM73_CSN)
    SPI1_IRQHandler                          0x080019d9   Thumb Code    70  stm32f4xx_it.o(i.SPI1_IRQHandler)
    SPI3_IRQHandler                          0x08001a25   Thumb Code    70  stm32f4xx_it.o(i.SPI3_IRQHandler)
    Sconn_cant_send_callback                 0x08001a71   Thumb Code     6  rfm73_callbacks.o(i.Sconn_cant_send_callback)
    Sconn_packet_sent_callback               0x08001a77   Thumb Code     2  rfm73_callbacks.o(i.Sconn_packet_sent_callback)
    Sconn_rcv_data_callback                  0x08001a79   Thumb Code    66  rfm73_callbacks.o(i.Sconn_rcv_data_callback)
    SysTick_Handler                          0x08001abb   Thumb Code    12  stm32f4xx_it.o(i.SysTick_Handler)
    SystemClock_Config                       0x08001ac9   Thumb Code   100  main.o(i.SystemClock_Config)
    SystemInit                               0x08001b35   Thumb Code    82  system_stm32f4xx.o(i.SystemInit)
    TIM2_IRQHandler                          0x08001b99   Thumb Code    64  stm32f4xx_it.o(i.TIM2_IRQHandler)
    TIM_Base_SetConfig                       0x08001be9   Thumb Code   184  stm32f4xx_hal_tim.o(i.TIM_Base_SetConfig)
    __scatterload_copy                       0x08001ccd   Thumb Code    14  handlers.o(i.__scatterload_copy)
    __scatterload_null                       0x08001cdb   Thumb Code     2  handlers.o(i.__scatterload_null)
    __scatterload_zeroinit                   0x08001cdd   Thumb Code    14  handlers.o(i.__scatterload_zeroinit)
    _rfm73_analyze                           0x08001ced   Thumb Code   302  radio_lib.o(i._rfm73_analyze)
    adc_OFF                                  0x08001e21   Thumb Code    30  adc.o(i.adc_OFF)
    adc_ON                                   0x08001e49   Thumb Code    30  adc.o(i.adc_ON)
    adc_buff_append                          0x08001e71   Thumb Code   196  adc.o(i.adc_buff_append)
    adc_buff_clear                           0x08001f39   Thumb Code    82  adc.o(i.adc_buff_clear)
    adc_buff_init                            0x08001f91   Thumb Code    30  adc.o(i.adc_buff_init)
    adc_data_ready                           0x08001fb5   Thumb Code   112  adc.o(i.adc_data_ready)
    dac_OFF                                  0x0800202d   Thumb Code    30  dac.o(i.dac_OFF)
    dac_ON                                   0x08002055   Thumb Code    30  dac.o(i.dac_ON)
    dac_buff_append                          0x0800207d   Thumb Code   204  dac.o(i.dac_buff_append)
    dac_buff_init                            0x0800214d   Thumb Code    28  dac.o(i.dac_buff_init)
    dac_data_ready                           0x0800216d   Thumb Code    32  dac.o(i.dac_data_ready)
    disc_cant_send_callback                  0x08002191   Thumb Code     6  rfm73_callbacks.o(i.disc_cant_send_callback)
    disc_packet_sent_callback                0x08002197   Thumb Code     2  rfm73_callbacks.o(i.disc_packet_sent_callback)
    disc_rcv_data_callback                   0x08002199   Thumb Code    68  rfm73_callbacks.o(i.disc_rcv_data_callback)
    main                                     0x080021f1   Thumb Code   312  main.o(i.main)
    master_cant_conn_callback                0x0800235d   Thumb Code    62  rfm73_callbacks.o(i.master_cant_conn_callback)
    master_connected_callback                0x080023b1   Thumb Code    56  rfm73_callbacks.o(i.master_connected_callback)
    master_disconnect_main                   0x080023fd   Thumb Code   136  sys_connect.o(i.master_disconnect_main)
    master_rcv_data_callback                 0x0800249d   Thumb Code     2  rfm73_callbacks.o(i.master_rcv_data_callback)
    rfm73_SPI_RW                             0x0800249f   Thumb Code    42  radio_lib.o(i.rfm73_SPI_RW)
    rfm73_bank                               0x080024c9   Thumb Code    38  radio_lib.o(i.rfm73_bank)
    rfm73_buffer_write                       0x080024ef   Thumb Code    68  radio_lib.o(i.rfm73_buffer_write)
    rfm73_channel_payload_size               0x08002533   Thumb Code    68  radio_lib.o(i.rfm73_channel_payload_size)
    rfm73_check                              0x08002577   Thumb Code    50  radio_lib.o(i.rfm73_check)
    rfm73_init                               0x080025a9   Thumb Code   200  radio_lib.o(i.rfm73_init)
    rfm73_init_bank1                         0x08002681   Thumb Code   216  radio_lib.o(i.rfm73_init_bank1)
    rfm73_mode_receive                       0x08002761   Thumb Code    80  radio_lib.o(i.rfm73_mode_receive)
    rfm73_mode_transmit                      0x080027b1   Thumb Code    80  radio_lib.o(i.rfm73_mode_transmit)
    rfm73_receive_address_p0                 0x08002801   Thumb Code    20  radio_lib.o(i.rfm73_receive_address_p0)
    rfm73_receive_address_p1                 0x08002815   Thumb Code    20  radio_lib.o(i.rfm73_receive_address_p1)
    rfm73_receive_address_pn                 0x08002829   Thumb Code    24  radio_lib.o(i.rfm73_receive_address_pn)
    rfm73_register_read                      0x08002841   Thumb Code    50  radio_lib.o(i.rfm73_register_read)
    rfm73_register_write                     0x08002873   Thumb Code    50  radio_lib.o(i.rfm73_register_write)
    rfm73_rx_interrupt_handle                0x080028a5   Thumb Code   118  radio_lib.o(i.rfm73_rx_interrupt_handle)
    rfm73_set_Tpipe                          0x0800291b   Thumb Code    24  radio_lib.o(i.rfm73_set_Tpipe)
    rfm73_transmit_address                   0x08002933   Thumb Code    20  radio_lib.o(i.rfm73_transmit_address)
    rfm73_transmit_message                   0x08002947   Thumb Code    28  radio_lib.o(i.rfm73_transmit_message)
    rfm73_wait_ms                            0x08002963   Thumb Code    24  radio_lib.o(i.rfm73_wait_ms)
    slave_disconnect                         0x0800297d   Thumb Code    58  sys_connect.o(i.slave_disconnect)
    try_connect                              0x080029cd   Thumb Code   148  sys_connect.o(i.try_connect)
    Bank1_Reg0_13                            0x08002a74   Data          56  radio_lib.o(.constdata)
    Bank1_Reg14                              0x08002aac   Data          11  radio_lib.o(.constdata)
    Bank0_Reg                                0x08002ab7   Data          20  radio_lib.o(.constdata)
    RX0_Address                              0x08002acb   Data           5  radio_lib.o(.constdata)
    RX1_Address                              0x08002ad0   Data           5  radio_lib.o(.constdata)
    RX2_Address                              0x08002ad5   Data           5  radio_lib.o(.constdata)
    APBAHBPrescTable                         0x08002ada   Data          16  stm32f4xx_hal_rcc.o(.constdata)
    Region$$Table$$Base                      0x08002aec   Number         0  anon$$obj.o(Region$$Table)
    Region$$Table$$Limit                     0x08002b0c   Number         0  anon$$obj.o(Region$$Table)
    system                                   0x20000000   Data           1  main.o(.data)
    i                                        0x20000001   Data           1  stm32f4xx_it.o(.data)
    SystemCoreClock                          0x20000008   Data           4  system_stm32f4xx.o(.data)
    AHBPrescTable                            0x2000000c   Data          16  system_stm32f4xx.o(.data)
    radio1                                   0x2000001c   Data          84  main.o(.bss)
    radio2                                   0x20000070   Data          84  main.o(.bss)
    htim2                                    0x200000c4   Data          60  main.o(.bss)
    gpio_init_struct                         0x20000100   Data          20  gpio.o(.bss)
    hspi1                                    0x20000114   Data          84  spi.o(.bss)
    hspi3                                    0x20000168   Data          84  spi.o(.bss)
    adc_buff                                 0x200001bc   Data          76  adc.o(.bss)
    hadc3                                    0x20000208   Data          68  adc.o(.bss)
    dac_buff                                 0x2000024c   Data         256  dac.o(.bss)
    hdac                                     0x2000034c   Data          20  dac.o(.bss)
    __initial_sp                             0x20000760   Data           0  startup_stm32f429xx.o(STACK)



==============================================================================

Memory Map of the image

  Image Entry point : 0x080001ad

  Load Region LR_IROM1 (Base: 0x08000000, Size: 0x00002b28, Max: 0x00200000, ABSOLUTE)

    Execution Region ER_IROM1 (Base: 0x08000000, Size: 0x00002b0c, Max: 0x00200000, ABSOLUTE)

    Base Addr    Size         Type   Attr      Idx    E Section Name        Object

    0x08000000   0x000001ac   Data   RO         3554    RESET               startup_stm32f429xx.o
    0x080001ac   0x00000000   Code   RO         3559  * .ARM.Collect$$$$00000000  mc_w.l(entry.o)
    0x080001ac   0x00000004   Code   RO         3562    .ARM.Collect$$$$00000001  mc_w.l(entry2.o)
    0x080001b0   0x00000004   Code   RO         3565    .ARM.Collect$$$$00000004  mc_w.l(entry5.o)
    0x080001b4   0x00000000   Code   RO         3567    .ARM.Collect$$$$00000008  mc_w.l(entry7b.o)
    0x080001b4   0x00000000   Code   RO         3569    .ARM.Collect$$$$0000000A  mc_w.l(entry8b.o)
    0x080001b4   0x00000008   Code   RO         3570    .ARM.Collect$$$$0000000B  mc_w.l(entry9a.o)
    0x080001bc   0x00000000   Code   RO         3572    .ARM.Collect$$$$0000000D  mc_w.l(entry10a.o)
    0x080001bc   0x00000000   Code   RO         3574    .ARM.Collect$$$$0000000F  mc_w.l(entry11a.o)
    0x080001bc   0x00000004   Code   RO         3563    .ARM.Collect$$$$00002712  mc_w.l(entry2.o)
    0x080001c0   0x00000024   Code   RO         3555    .text               startup_stm32f429xx.o
    0x080001e4   0x00000024   Code   RO         3576    .text               mc_w.l(init.o)
    0x08000208   0x0000001c   Code   RO          254    i.ADC_IRQHandler    stm32f4xx_it.o
    0x08000224   0x00000144   Code   RO         2169    i.ADC_Init          stm32f4xx_hal_adc.o
    0x08000368   0x0000002c   Code   RO          255    i.EXTI3_IRQHandler  stm32f4xx_it.o
    0x08000394   0x0000002c   Code   RO          256    i.EXTI9_5_IRQHandler  stm32f4xx_it.o
    0x080003c0   0x00000002   Code   RO         2336    i.HAL_ADCEx_InjectedConvCpltCallback  stm32f4xx_hal_adc_ex.o
    0x080003c2   0x00000002   PAD
    0x080003c4   0x00000168   Code   RO         2171    i.HAL_ADC_ConfigChannel  stm32f4xx_hal_adc.o
    0x0800052c   0x00000002   Code   RO         2172    i.HAL_ADC_ConvCpltCallback  stm32f4xx_hal_adc.o
    0x0800052e   0x00000002   Code   RO         2175    i.HAL_ADC_ErrorCallback  stm32f4xx_hal_adc.o
    0x08000530   0x00000156   Code   RO         2179    i.HAL_ADC_IRQHandler  stm32f4xx_hal_adc.o
    0x08000686   0x0000003a   Code   RO         2180    i.HAL_ADC_Init      stm32f4xx_hal_adc.o
    0x080006c0   0x00000002   Code   RO         2181    i.HAL_ADC_LevelOutOfWindowCallback  stm32f4xx_hal_adc.o
    0x080006c2   0x00000002   PAD
    0x080006c4   0x00000050   Code   RO          172    i.HAL_ADC_MspInit   stm32f4xx_hal_msp.o
    0x08000714   0x0000005a   Code   RO         2436    i.HAL_DAC_ConfigChannel  stm32f4xx_hal_dac.o
    0x0800076e   0x00000024   Code   RO         2446    i.HAL_DAC_Init      stm32f4xx_hal_dac.o
    0x08000792   0x00000002   PAD
    0x08000794   0x00000040   Code   RO          174    i.HAL_DAC_MspInit   stm32f4xx_hal_msp.o
    0x080007d4   0x00000208   Code   RO         1553    i.HAL_GPIO_Init     stm32f4xx_hal_gpio.o
    0x080009dc   0x00000010   Code   RO         1555    i.HAL_GPIO_ReadPin  stm32f4xx_hal_gpio.o
    0x080009ec   0x0000000c   Code   RO         1833    i.HAL_GetTick       stm32f4xx_hal.o
    0x080009f8   0x00000010   Code   RO         1834    i.HAL_IncTick       stm32f4xx_hal.o
    0x08000a08   0x0000003c   Code   RO         1835    i.HAL_Init          stm32f4xx_hal.o
    0x08000a44   0x00000024   Code   RO         1836    i.HAL_InitTick      stm32f4xx_hal.o
    0x08000a68   0x00000024   Code   RO          175    i.HAL_MspInit       stm32f4xx_hal_msp.o
    0x08000a8c   0x0000001a   Code   RO         1254    i.HAL_NVIC_EnableIRQ  stm32f4xx_hal_cortex.o
    0x08000aa6   0x0000007c   Code   RO         1260    i.HAL_NVIC_SetPriority  stm32f4xx_hal_cortex.o
    0x08000b22   0x00000002   PAD
    0x08000b24   0x00000028   Code   RO         1261    i.HAL_NVIC_SetPriorityGrouping  stm32f4xx_hal_cortex.o
    0x08000b4c   0x00000254   Code   RO         1973    i.HAL_RCC_ClockConfig  stm32f4xx_hal_rcc.o
    0x08000da0   0x00000038   Code   RO         1978    i.HAL_RCC_GetHCLKFreq  stm32f4xx_hal_rcc.o
    0x08000dd8   0x000000c4   Code   RO         1982    i.HAL_RCC_GetSysClockFreq  stm32f4xx_hal_rcc.o
    0x08000e9c   0x000003fc   Code   RO         1985    i.HAL_RCC_OscConfig  stm32f4xx_hal_rcc.o
    0x08001298   0x00000084   Code   RO          952    i.HAL_SPI_Init      stm32f4xx_hal_spi.o
    0x0800131c   0x000000a8   Code   RO          324    i.HAL_SPI_MspInit   spi.o
    0x080013c4   0x00000002   Code   RO         1264    i.HAL_SYSTICK_Callback  stm32f4xx_hal_cortex.o
    0x080013c6   0x00000034   Code   RO         1265    i.HAL_SYSTICK_Config  stm32f4xx_hal_cortex.o
    0x080013fa   0x00000008   Code   RO         1266    i.HAL_SYSTICK_IRQHandler  stm32f4xx_hal_cortex.o
    0x08001402   0x00000002   Code   RO         3287    i.HAL_TIMEx_BreakCallback  stm32f4xx_hal_tim_ex.o
    0x08001404   0x00000002   Code   RO         3288    i.HAL_TIMEx_CommutationCallback  stm32f4xx_hal_tim_ex.o
    0x08001406   0x0000002e   Code   RO         2652    i.HAL_TIM_Base_Init  stm32f4xx_hal_tim.o
    0x08001434   0x00000030   Code   RO          177    i.HAL_TIM_Base_MspInit  stm32f4xx_hal_msp.o
    0x08001464   0x00000002   Code   RO         2681    i.HAL_TIM_IC_CaptureCallback  stm32f4xx_hal_tim.o
    0x08001466   0x00000196   Code   RO         2694    i.HAL_TIM_IRQHandler  stm32f4xx_hal_tim.o
    0x080015fc   0x00000002   Code   RO         2697    i.HAL_TIM_OC_DelayElapsedCallback  stm32f4xx_hal_tim.o
    0x080015fe   0x00000002   Code   RO         2724    i.HAL_TIM_PWM_PulseFinishedCallback  stm32f4xx_hal_tim.o
    0x08001600   0x00000002   Code   RO         2731    i.HAL_TIM_PeriodElapsedCallback  stm32f4xx_hal_tim.o
    0x08001602   0x00000002   Code   RO         2735    i.HAL_TIM_TriggerCallback  stm32f4xx_hal_tim.o
    0x08001604   0x00000030   Code   RO          677    i.ITM_SendChar      rfm73_callbacks.o
    0x08001634   0x00000064   Code   RO          824    i.MX_ADC3_Init      adc.o
    0x08001698   0x0000002c   Code   RO          887    i.MX_DAC_Init       dac.o
    0x080016c4   0x0000010c   Code   RO          231    i.MX_GPIO_Init      gpio.o
    0x080017d0   0x0000005c   Code   RO          325    i.MX_SPI1_Init      spi.o
    0x0800182c   0x0000005c   Code   RO          326    i.MX_SPI3_Init      spi.o
    0x08001888   0x00000038   Code   RO            3    i.MX_TIM2_Init      main.o
    0x080018c0   0x0000003a   Code   RO          678    i.Mconn_cant_send_callback  rfm73_callbacks.o
    0x080018fa   0x00000002   Code   RO          679    i.Mconn_packet_sent_callback  rfm73_callbacks.o
    0x080018fc   0x00000002   Code   RO          680    i.Mconn_rcv_data_callback  rfm73_callbacks.o
    0x080018fe   0x00000002   PAD
    0x08001900   0x00000018   Code   RO          327    i.NVIC_ClearPendingIRQ  spi.o
    0x08001918   0x00000016   Code   RO          328    i.NVIC_EnableIRQ    spi.o
    0x0800192e   0x00000002   PAD
    0x08001930   0x00000010   Code   RO         1267    i.NVIC_GetPriorityGrouping  stm32f4xx_hal_cortex.o
    0x08001940   0x00000028   Code   RO          329    i.NVIC_SetPriority  spi.o
    0x08001968   0x00000028   Code   RO         1268    i.NVIC_SetPriority  stm32f4xx_hal_cortex.o
    0x08001990   0x00000002   Code   RO          257    i.RCC_IRQHandler    stm32f4xx_it.o
    0x08001992   0x00000022   Code   RO          386    i.RFM73_CE          radio_lib.o
    0x080019b4   0x00000022   Code   RO          387    i.RFM73_CSN         radio_lib.o
    0x080019d6   0x00000002   PAD
    0x080019d8   0x0000004c   Code   RO          258    i.SPI1_IRQHandler   stm32f4xx_it.o
    0x08001a24   0x0000004c   Code   RO          259    i.SPI3_IRQHandler   stm32f4xx_it.o
    0x08001a70   0x00000006   Code   RO          681    i.Sconn_cant_send_callback  rfm73_callbacks.o
    0x08001a76   0x00000002   Code   RO          682    i.Sconn_packet_sent_callback  rfm73_callbacks.o
    0x08001a78   0x00000042   Code   RO          683    i.Sconn_rcv_data_callback  rfm73_callbacks.o
    0x08001aba   0x0000000c   Code   RO          260    i.SysTick_Handler   stm32f4xx_it.o
    0x08001ac6   0x00000002   PAD
    0x08001ac8   0x0000006c   Code   RO            4    i.SystemClock_Config  main.o
    0x08001b34   0x00000064   Code   RO         3523    i.SystemInit        system_stm32f4xx.o
    0x08001b98   0x00000050   Code   RO          261    i.TIM2_IRQHandler   stm32f4xx_it.o
    0x08001be8   0x000000e4   Code   RO         2736    i.TIM_Base_SetConfig  stm32f4xx_hal_tim.o
    0x08001ccc   0x0000000e   Code   RO         3580    i.__scatterload_copy  mc_w.l(handlers.o)
    0x08001cda   0x00000002   Code   RO         3581    i.__scatterload_null  mc_w.l(handlers.o)
    0x08001cdc   0x0000000e   Code   RO         3582    i.__scatterload_zeroinit  mc_w.l(handlers.o)
    0x08001cea   0x00000002   PAD
    0x08001cec   0x00000134   Code   RO          388    i._rfm73_analyze    radio_lib.o
    0x08001e20   0x00000028   Code   RO          825    i.adc_OFF           adc.o
    0x08001e48   0x00000028   Code   RO          826    i.adc_ON            adc.o
    0x08001e70   0x000000c8   Code   RO          827    i.adc_buff_append   adc.o
    0x08001f38   0x00000058   Code   RO          828    i.adc_buff_clear    adc.o
    0x08001f90   0x00000024   Code   RO          829    i.adc_buff_init     adc.o
    0x08001fb4   0x00000078   Code   RO          830    i.adc_data_ready    adc.o
    0x0800202c   0x00000028   Code   RO          888    i.dac_OFF           dac.o
    0x08002054   0x00000028   Code   RO          889    i.dac_ON            dac.o
    0x0800207c   0x000000d0   Code   RO          890    i.dac_buff_append   dac.o
    0x0800214c   0x00000020   Code   RO          891    i.dac_buff_init     dac.o
    0x0800216c   0x00000024   Code   RO          892    i.dac_data_ready    dac.o
    0x08002190   0x00000006   Code   RO          686    i.disc_cant_send_callback  rfm73_callbacks.o
    0x08002196   0x00000002   Code   RO          687    i.disc_packet_sent_callback  rfm73_callbacks.o
    0x08002198   0x00000058   Code   RO          688    i.disc_rcv_data_callback  rfm73_callbacks.o
    0x080021f0   0x0000016c   Code   RO            6    i.main              main.o
    0x0800235c   0x00000054   Code   RO          689    i.master_cant_conn_callback  rfm73_callbacks.o
    0x080023b0   0x0000004c   Code   RO          690    i.master_connected_callback  rfm73_callbacks.o
    0x080023fc   0x000000a0   Code   RO          791    i.master_disconnect_main  sys_connect.o
    0x0800249c   0x00000002   Code   RO          691    i.master_rcv_data_callback  rfm73_callbacks.o
    0x0800249e   0x0000002a   Code   RO          389    i.rfm73_SPI_RW      radio_lib.o
    0x080024c8   0x00000026   Code   RO          392    i.rfm73_bank        radio_lib.o
    0x080024ee   0x00000044   Code   RO          394    i.rfm73_buffer_write  radio_lib.o
    0x08002532   0x00000044   Code   RO          396    i.rfm73_channel_payload_size  radio_lib.o
    0x08002576   0x00000032   Code   RO          397    i.rfm73_check       radio_lib.o
    0x080025a8   0x000000d8   Code   RO          399    i.rfm73_init        radio_lib.o
    0x08002680   0x000000e0   Code   RO          400    i.rfm73_init_bank1  radio_lib.o
    0x08002760   0x00000050   Code   RO          407    i.rfm73_mode_receive  radio_lib.o
    0x080027b0   0x00000050   Code   RO          409    i.rfm73_mode_transmit  radio_lib.o
    0x08002800   0x00000014   Code   RO          414    i.rfm73_receive_address_p0  radio_lib.o
    0x08002814   0x00000014   Code   RO          415    i.rfm73_receive_address_p1  radio_lib.o
    0x08002828   0x00000018   Code   RO          416    i.rfm73_receive_address_pn  radio_lib.o
    0x08002840   0x00000032   Code   RO          420    i.rfm73_register_read  radio_lib.o
    0x08002872   0x00000032   Code   RO          421    i.rfm73_register_write  radio_lib.o
    0x080028a4   0x00000076   Code   RO          424    i.rfm73_rx_interrupt_handle  radio_lib.o
    0x0800291a   0x00000018   Code   RO          425    i.rfm73_set_Tpipe   radio_lib.o
    0x08002932   0x00000014   Code   RO          426    i.rfm73_transmit_address  radio_lib.o
    0x08002946   0x0000001c   Code   RO          428    i.rfm73_transmit_message  radio_lib.o
    0x08002962   0x00000018   Code   RO          430    i.rfm73_wait_ms     radio_lib.o
    0x0800297a   0x00000002   PAD
    0x0800297c   0x00000050   Code   RO          792    i.slave_disconnect  sys_connect.o
    0x080029cc   0x000000a8   Code   RO          793    i.try_connect       sys_connect.o
    0x08002a74   0x00000066   Data   RO          431    .constdata          radio_lib.o
    0x08002ada   0x00000010   Data   RO         1986    .constdata          stm32f4xx_hal_rcc.o
    0x08002aea   0x00000002   PAD
    0x08002aec   0x00000020   Data   RO         3578    Region$$Table       anon$$obj.o


    Execution Region RW_IRAM1 (Base: 0x20000000, Size: 0x00000760, Max: 0x00030000, ABSOLUTE)

    Base Addr    Size         Type   Attr      Idx    E Section Name        Object

    0x20000000   0x00000001   Data   RW            8    .data               main.o
    0x20000001   0x00000001   Data   RW          262    .data               stm32f4xx_it.o
    0x20000002   0x00000002   PAD
    0x20000004   0x00000004   Data   RW         1841    .data               stm32f4xx_hal.o
    0x20000008   0x00000014   Data   RW         3524    .data               system_stm32f4xx.o
    0x2000001c   0x000000e4   Zero   RW            7    .bss                main.o
    0x20000100   0x00000014   Zero   RW          232    .bss                gpio.o
    0x20000114   0x000000a8   Zero   RW          330    .bss                spi.o
    0x200001bc   0x00000090   Zero   RW          831    .bss                adc.o
    0x2000024c   0x00000114   Zero   RW          893    .bss                dac.o
    0x20000360   0x00000400   Zero   RW         3552    STACK               startup_stm32f429xx.o


==============================================================================

Image component sizes


      Code (inc. data)   RO Data    RW Data    ZI Data      Debug   Object Name

       624         56          0          0        144       4459   adc.o
       400         42          0          0        276       4260   dac.o
       268         24          0          0         20        890   gpio.o
       528         64          0          1        228     380560   main.o
      1620         30        102          0          0      41854   radio_lib.o
       442         68          0          0          0       7530   rfm73_callbacks.o
       438         52          0          0        168      30181   spi.o
        36          8        428          0       1024        952   startup_stm32f429xx.o
       124         16          0          4          0       3682   stm32f4xx_hal.o
      1090         20          0          0          0       5362   stm32f4xx_hal_adc.o
         2          0          0          0          0       1065   stm32f4xx_hal_adc_ex.o
       308         22          0          0          0      32059   stm32f4xx_hal_cortex.o
       126          0          0          0          0       2003   stm32f4xx_hal_dac.o
       536         54          0          0          0       3251   stm32f4xx_hal_gpio.o
       228         34          0          0          0       2757   stm32f4xx_hal_msp.o
      1868         54         16          0          0       4961   stm32f4xx_hal_rcc.o
       132          0          0          0          0       1147   stm32f4xx_hal_spi.o
       690         44          0          0          0       5907   stm32f4xx_hal_tim.o
         4          0          0          0          0       1666   stm32f4xx_hal_tim_ex.o
       362         54          0          1          0       5005   stm32f4xx_it.o
       408         66          0          0          0       2459   sys_connect.o
       100         18          0         20          0       1425   system_stm32f4xx.o

    ----------------------------------------------------------------------
     10352        726        580         28       1860     543435   Object Totals
         0          0         32          0          0          0   (incl. Generated)
        18          0          2          2          0          0   (incl. Padding)

    ----------------------------------------------------------------------

      Code (inc. data)   RO Data    RW Data    ZI Data      Debug   Library Member Name

         0          0          0          0          0          0   entry.o
         0          0          0          0          0          0   entry10a.o
         0          0          0          0          0          0   entry11a.o
         8          4          0          0          0          0   entry2.o
         4          0          0          0          0          0   entry5.o
         0          0          0          0          0          0   entry7b.o
         0          0          0          0          0          0   entry8b.o
         8          4          0          0          0          0   entry9a.o
        30          0          0          0          0          0   handlers.o
        36          8          0          0          0         68   init.o

    ----------------------------------------------------------------------
        88         16          0          0          0         68   Library Totals
         2          0          0          0          0          0   (incl. Padding)

    ----------------------------------------------------------------------

      Code (inc. data)   RO Data    RW Data    ZI Data      Debug   Library Name

        86         16          0          0          0         68   mc_w.l

    ----------------------------------------------------------------------
        88         16          0          0          0         68   Library Totals

    ----------------------------------------------------------------------

==============================================================================


      Code (inc. data)   RO Data    RW Data    ZI Data      Debug   

     10440        742        580         28       1860     533007   Grand Totals
     10440        742        580         28       1860     533007   ELF Image Totals
     10440        742        580         28          0          0   ROM Totals

==============================================================================

    Total RO  Size (Code + RO Data)                11020 (  10.76kB)
    Total RW  Size (RW Data + ZI Data)              1888 (   1.84kB)
    Total ROM Size (Code + RO Data + RW Data)      11048 (  10.79kB)

==============================================================================

