Component: ARM Compiler 5.05 (build 41) Tool: armlink [4d0eb9]

==============================================================================

Section Cross References

    main.o(i.MX_TIM2_Init) refers to stm32f4xx_hal_tim.o(i.HAL_TIM_Base_Init) for HAL_TIM_Base_Init
    main.o(i.MX_TIM2_Init) refers to main.o(.bss) for htim2
    main.o(i.SystemClock_Config) refers to stm32f4xx_hal_rcc.o(i.HAL_RCC_OscConfig) for HAL_RCC_OscConfig
    main.o(i.SystemClock_Config) refers to stm32f4xx_hal_rcc.o(i.HAL_RCC_ClockConfig) for HAL_RCC_ClockConfig
    main.o(i.main) refers to stm32f4xx_hal.o(i.HAL_Init) for HAL_Init
    main.o(i.main) refers to main.o(i.SystemClock_Config) for SystemClock_Config
    main.o(i.main) refers to gpio.o(i.MX_GPIO_Init) for MX_GPIO_Init
    main.o(i.main) refers to spi.o(i.MX_SPI1_Init) for MX_SPI1_Init
    main.o(i.main) refers to spi.o(i.MX_SPI3_Init) for MX_SPI3_Init
    main.o(i.main) refers to adc.o(i.MX_ADC3_Init) for MX_ADC3_Init
    main.o(i.main) refers to adc.o(i.adc_buff_init) for adc_buff_init
    main.o(i.main) refers to dac.o(i.MX_DAC_Init) for MX_DAC_Init
    main.o(i.main) refers to main.o(i.MX_TIM2_Init) for MX_TIM2_Init
    main.o(i.main) refers to radio_lib.o(i.rfm73_init) for rfm73_init
    main.o(i.main) refers to adc.o(i.adc_data_ready) for adc_data_ready
    main.o(i.main) refers to dac.o(i.dac_data_ready) for dac_data_ready
    main.o(i.main) refers to radio_lib.o(i.rfm73_check) for rfm73_check
    main.o(i.main) refers to stm32f4xx_hal_gpio.o(i.HAL_GPIO_ReadPin) for HAL_GPIO_ReadPin
    main.o(i.main) refers to sys_connect.o(i.try_connect) for try_connect
    main.o(i.main) refers to stm32f4xx_hal.o(i.HAL_GetTick) for HAL_GetTick
    main.o(i.main) refers to sys_connect.o(i.master_disconnect_main) for master_disconnect_main
    main.o(i.main) refers to sys_connect.o(i.slave_disconnect) for slave_disconnect
    main.o(i.main) refers to main.o(.data) for system
    main.o(i.main) refers to spi.o(.bss) for hspi1
    main.o(i.main) refers to main.o(.bss) for radio1
    main.o(i.main) refers to rfm73_callbacks.o(i.disc_rcv_data_callback) for disc_rcv_data_callback
    main.o(i.main) refers to rfm73_callbacks.o(i.disc_cant_send_callback) for disc_cant_send_callback
    main.o(i.main) refers to rfm73_callbacks.o(i.disc_packet_sent_callback) for disc_packet_sent_callback
    main.o(i.main) refers to radio_lib.o(.constdata) for RX2_Address
    stm32f4xx_hal_msp.o(i.HAL_ADC_MspDeInit) refers to stm32f4xx_hal_gpio.o(i.HAL_GPIO_DeInit) for HAL_GPIO_DeInit
    stm32f4xx_hal_msp.o(i.HAL_ADC_MspDeInit) refers to stm32f4xx_hal_cortex.o(i.HAL_NVIC_DisableIRQ) for HAL_NVIC_DisableIRQ
    stm32f4xx_hal_msp.o(i.HAL_ADC_MspInit) refers to stm32f4xx_hal_gpio.o(i.HAL_GPIO_Init) for HAL_GPIO_Init
    stm32f4xx_hal_msp.o(i.HAL_ADC_MspInit) refers to stm32f4xx_hal_cortex.o(i.HAL_NVIC_SetPriority) for HAL_NVIC_SetPriority
    stm32f4xx_hal_msp.o(i.HAL_ADC_MspInit) refers to stm32f4xx_hal_cortex.o(i.HAL_NVIC_EnableIRQ) for HAL_NVIC_EnableIRQ
    stm32f4xx_hal_msp.o(i.HAL_DAC_MspDeInit) refers to stm32f4xx_hal_gpio.o(i.HAL_GPIO_DeInit) for HAL_GPIO_DeInit
    stm32f4xx_hal_msp.o(i.HAL_DAC_MspInit) refers to stm32f4xx_hal_gpio.o(i.HAL_GPIO_Init) for HAL_GPIO_Init
    stm32f4xx_hal_msp.o(i.HAL_MspInit) refers to stm32f4xx_hal_cortex.o(i.HAL_NVIC_SetPriorityGrouping) for HAL_NVIC_SetPriorityGrouping
    stm32f4xx_hal_msp.o(i.HAL_MspInit) refers to stm32f4xx_hal_cortex.o(i.HAL_NVIC_SetPriority) for HAL_NVIC_SetPriority
    stm32f4xx_hal_msp.o(i.HAL_MspInit) refers to stm32f4xx_hal_cortex.o(i.HAL_NVIC_EnableIRQ) for HAL_NVIC_EnableIRQ
    stm32f4xx_hal_msp.o(i.HAL_TIM_Base_MspDeInit) refers to stm32f4xx_hal_cortex.o(i.HAL_NVIC_DisableIRQ) for HAL_NVIC_DisableIRQ
    stm32f4xx_hal_msp.o(i.HAL_TIM_Base_MspInit) refers to stm32f4xx_hal_cortex.o(i.HAL_NVIC_SetPriority) for HAL_NVIC_SetPriority
    stm32f4xx_hal_msp.o(i.HAL_TIM_Base_MspInit) refers to stm32f4xx_hal_cortex.o(i.HAL_NVIC_EnableIRQ) for HAL_NVIC_EnableIRQ
    gpio.o(i.MX_GPIO_Init) refers to stm32f4xx_hal_gpio.o(i.HAL_GPIO_Init) for HAL_GPIO_Init
    gpio.o(i.MX_GPIO_Init) refers to stm32f4xx_hal_cortex.o(i.HAL_NVIC_SetPriority) for HAL_NVIC_SetPriority
    gpio.o(i.MX_GPIO_Init) refers to stm32f4xx_hal_cortex.o(i.HAL_NVIC_EnableIRQ) for HAL_NVIC_EnableIRQ
    gpio.o(i.MX_GPIO_Init) refers to gpio.o(.bss) for gpio_init_struct
    stm32f4xx_it.o(i.ADC_IRQHandler) refers to adc.o(i.adc_buff_append) for adc_buff_append
    stm32f4xx_it.o(i.ADC_IRQHandler) refers to stm32f4xx_hal_adc.o(i.HAL_ADC_IRQHandler) for HAL_ADC_IRQHandler
    stm32f4xx_it.o(i.ADC_IRQHandler) refers to adc.o(.bss) for hadc3
    stm32f4xx_it.o(i.EXTI3_IRQHandler) refers to main.o(.bss) for radio1
    stm32f4xx_it.o(i.EXTI9_5_IRQHandler) refers to main.o(.bss) for radio2
    stm32f4xx_it.o(i.SPI1_IRQHandler) refers to radio_lib.o(i.rfm73_rx_interrupt_handle) for rfm73_rx_interrupt_handle
    stm32f4xx_it.o(i.SPI1_IRQHandler) refers to main.o(.bss) for radio1
[...]
    Removing stm32f4xx_hal_adc.o(i.HAL_ADC_ConvHalfCpltCallback), (2 bytes).
    Removing stm32f4xx_hal_adc.o(i.HAL_ADC_DeInit), (34 bytes).
    Removing stm32f4xx_hal_adc.o(i.HAL_ADC_GetError), (6 bytes).
    Removing stm32f4xx_hal_adc.o(i.HAL_ADC_GetState), (8 bytes).
    Removing stm32f4xx_hal_adc.o(i.HAL_ADC_GetValue), (8 bytes).
    Removing stm32f4xx_hal_adc.o(i.HAL_ADC_MspDeInit), (2 bytes).
    Removing stm32f4xx_hal_adc.o(i.HAL_ADC_MspInit), (2 bytes).
    Removing stm32f4xx_hal_adc.o(i.HAL_ADC_PollForConversion), (90 bytes).
    Removing stm32f4xx_hal_adc.o(i.HAL_ADC_PollForEvent), (104 bytes).
    Removing stm32f4xx_hal_adc.o(i.HAL_ADC_Start), (160 bytes).
    Removing stm32f4xx_hal_adc.o(i.HAL_ADC_Start_DMA), (180 bytes).
    Removing stm32f4xx_hal_adc.o(i.HAL_ADC_Start_IT), (188 bytes).
    Removing stm32f4xx_hal_adc.o(i.HAL_ADC_Stop), (24 bytes).
    Removing stm32f4xx_hal_adc.o(i.HAL_ADC_Stop_DMA), (56 bytes).
    Removing stm32f4xx_hal_adc.o(i.HAL_ADC_Stop_IT), (48 bytes).
    Removing stm32f4xx_hal_adc_ex.o(.rev16_text), (4 bytes).
    Removing stm32f4xx_hal_adc_ex.o(.revsh_text), (4 bytes).
    Removing stm32f4xx_hal_adc_ex.o(i.ADC_MultiModeDMAConvCplt), (36 bytes).
    Removing stm32f4xx_hal_adc_ex.o(i.ADC_MultiModeDMAError), (28 bytes).
    Removing stm32f4xx_hal_adc_ex.o(i.ADC_MultiModeDMAHalfConvCplt), (14 bytes).
    Removing stm32f4xx_hal_adc_ex.o(i.HAL_ADCEx_InjectedConfigChannel), (520 bytes).
    Removing stm32f4xx_hal_adc_ex.o(i.HAL_ADCEx_InjectedGetValue), (70 bytes).
    Removing stm32f4xx_hal_adc_ex.o(i.HAL_ADCEx_InjectedPollForConversion), (90 bytes).
    Removing stm32f4xx_hal_adc_ex.o(i.HAL_ADCEx_InjectedStart), (220 bytes).
    Removing stm32f4xx_hal_adc_ex.o(i.HAL_ADCEx_InjectedStart_IT), (248 bytes).
    Removing stm32f4xx_hal_adc_ex.o(i.HAL_ADCEx_InjectedStop), (24 bytes).
    Removing stm32f4xx_hal_adc_ex.o(i.HAL_ADCEx_InjectedStop_IT), (48 bytes).
    Removing stm32f4xx_hal_adc_ex.o(i.HAL_ADCEx_MultiModeConfigChannel), (136 bytes).
    Removing stm32f4xx_hal_adc_ex.o(i.HAL_ADCEx_MultiModeGetValue), (12 bytes).
    Removing stm32f4xx_hal_adc_ex.o(i.HAL_ADCEx_MultiModeStart_DMA), (208 bytes).
    Removing stm32f4xx_hal_adc_ex.o(i.HAL_ADCEx_MultiModeStop_DMA), (92 bytes).
    Removing stm32f4xx_hal_dac.o(.rev16_text), (4 bytes).
    Removing stm32f4xx_hal_dac.o(.revsh_text), (4 bytes).
    Removing stm32f4xx_hal_dac.o(i.DAC_DMAConvCpltCh1), (18 bytes).
    Removing stm32f4xx_hal_dac.o(i.DAC_DMAErrorCh1), (26 bytes).
    Removing stm32f4xx_hal_dac.o(i.DAC_DMAHalfConvCpltCh1), (14 bytes).
    Removing stm32f4xx_hal_dac.o(i.HAL_DAC_ConvCpltCallbackCh1), (2 bytes).
    Removing stm32f4xx_hal_dac.o(i.HAL_DAC_ConvHalfCpltCallbackCh1), (2 bytes).
    Removing stm32f4xx_hal_dac.o(i.HAL_DAC_DMAUnderrunCallbackCh1), (2 bytes).
    Removing stm32f4xx_hal_dac.o(i.HAL_DAC_DeInit), (36 bytes).
    Removing stm32f4xx_hal_dac.o(i.HAL_DAC_ErrorCallbackCh1), (2 bytes).
    Removing stm32f4xx_hal_dac.o(i.HAL_DAC_GetError), (6 bytes).
    Removing stm32f4xx_hal_dac.o(i.HAL_DAC_GetState), (6 bytes).
    Removing stm32f4xx_hal_dac.o(i.HAL_DAC_GetValue), (16 bytes).
    Removing stm32f4xx_hal_dac.o(i.HAL_DAC_IRQHandler), (110 bytes).
    Removing stm32f4xx_hal_dac.o(i.HAL_DAC_MspDeInit), (2 bytes).
    Removing stm32f4xx_hal_dac.o(i.HAL_DAC_MspInit), (2 bytes).
    Removing stm32f4xx_hal_dac.o(i.HAL_DAC_SetValue), (44 bytes).
    Removing stm32f4xx_hal_dac.o(i.HAL_DAC_Start), (140 bytes).
    Removing stm32f4xx_hal_dac.o(i.HAL_DAC_Start_DMA), (288 bytes).
    Removing stm32f4xx_hal_dac.o(i.HAL_DAC_Stop), (24 bytes).
    Removing stm32f4xx_hal_dac.o(i.HAL_DAC_Stop_DMA), (74 bytes).
    Removing stm32f4xx_hal_dac_ex.o(.rev16_text), (4 bytes).
    Removing stm32f4xx_hal_dac_ex.o(.revsh_text), (4 bytes).
    Removing stm32f4xx_hal_dac_ex.o(i.DAC_DMAConvCpltCh2), (18 bytes).
    Removing stm32f4xx_hal_dac_ex.o(i.DAC_DMAErrorCh2), (26 bytes).
    Removing stm32f4xx_hal_dac_ex.o(i.DAC_DMAHalfConvCpltCh2), (14 bytes).
    Removing stm32f4xx_hal_dac_ex.o(i.HAL_DACEx_ConvCpltCallbackCh2), (2 bytes).
    Removing stm32f4xx_hal_dac_ex.o(i.HAL_DACEx_ConvHalfCpltCallbackCh2), (2 bytes).
    Removing stm32f4xx_hal_dac_ex.o(i.HAL_DACEx_DMAUnderrunCallbackCh2), (2 bytes).
    Removing stm32f4xx_hal_dac_ex.o(i.HAL_DACEx_DualGetValue), (20 bytes).
    Removing stm32f4xx_hal_dac_ex.o(i.HAL_DACEx_DualSetValue), (36 bytes).
    Removing stm32f4xx_hal_dac_ex.o(i.HAL_DACEx_ErrorCallbackCh2), (2 bytes).
    Removing stm32f4xx_hal_dac_ex.o(i.HAL_DACEx_NoiseWaveGenerate), (66 bytes).
    Removing stm32f4xx_hal_dac_ex.o(i.HAL_DACEx_TriangleWaveGenerate), (66 bytes).
    Removing stm32f4xx_hal_tim.o(.rev16_text), (4 bytes).
    Removing stm32f4xx_hal_tim.o(.revsh_text), (4 bytes).
    Removing stm32f4xx_hal_tim.o(i.HAL_TIM_Base_DeInit), (70 bytes).
    Removing stm32f4xx_hal_tim.o(i.HAL_TIM_Base_GetState), (8 bytes).
    Removing stm32f4xx_hal_tim.o(i.HAL_TIM_Base_MspDeInit), (2 bytes).
    Removing stm32f4xx_hal_tim.o(i.HAL_TIM_Base_MspInit), (2 bytes).
    Removing stm32f4xx_hal_tim.o(i.HAL_TIM_Base_Start), (30 bytes).
    Removing stm32f4xx_hal_tim.o(i.HAL_TIM_Base_Start_DMA), (104 bytes).
    Removing stm32f4xx_hal_tim.o(i.HAL_TIM_Base_Start_IT), (30 bytes).
    Removing stm32f4xx_hal_tim.o(i.HAL_TIM_Base_Stop), (56 bytes).
    Removing stm32f4xx_hal_tim.o(i.HAL_TIM_Base_Stop_DMA), (62 bytes).
    Removing stm32f4xx_hal_tim.o(i.HAL_TIM_Base_Stop_IT), (56 bytes).
    Removing stm32f4xx_hal_tim.o(i.HAL_TIM_ConfigClockSource), (306 bytes).
    Removing stm32f4xx_hal_tim.o(i.HAL_TIM_ConfigOCrefClear), (226 bytes).
    Removing stm32f4xx_hal_tim.o(i.HAL_TIM_ConfigTI1Input), (24 bytes).
    Removing stm32f4xx_hal_tim.o(i.HAL_TIM_DMABurst_ReadStart), (388 bytes).
    Removing stm32f4xx_hal_tim.o(i.HAL_TIM_DMABurst_ReadStop), (128 bytes).
    Removing stm32f4xx_hal_tim.o(i.HAL_TIM_DMABurst_WriteStart), (388 bytes).
    Removing stm32f4xx_hal_tim.o(i.HAL_TIM_DMABurst_WriteStop), (128 bytes).
    Removing stm32f4xx_hal_tim.o(i.HAL_TIM_Encoder_DeInit), (70 bytes).
    Removing stm32f4xx_hal_tim.o(i.HAL_TIM_Encoder_GetState), (8 bytes).
    Removing stm32f4xx_hal_tim.o(i.HAL_TIM_Encoder_Init), (174 bytes).
    Removing stm32f4xx_hal_tim.o(i.HAL_TIM_Encoder_MspDeInit), (2 bytes).
    Removing stm32f4xx_hal_tim.o(i.HAL_TIM_Encoder_MspInit), (2 bytes).
    Removing stm32f4xx_hal_tim.o(i.HAL_TIM_Encoder_Start), (78 bytes).
    Removing stm32f4xx_hal_tim.o(i.HAL_TIM_Encoder_Start_DMA), (328 bytes).
    Removing stm32f4xx_hal_tim.o(i.HAL_TIM_Encoder_Start_IT), (126 bytes).
    Removing stm32f4xx_hal_tim.o(i.HAL_TIM_Encoder_Stop), (104 bytes).
    Removing stm32f4xx_hal_tim.o(i.HAL_TIM_Encoder_Stop_DMA), (152 bytes).
    Removing stm32f4xx_hal_tim.o(i.HAL_TIM_Encoder_Stop_IT), (152 bytes).
    Removing stm32f4xx_hal_tim.o(i.HAL_TIM_ErrorCallback), (2 bytes).
    Removing stm32f4xx_hal_tim.o(i.HAL_TIM_GenerateEvent), (54 bytes).
    Removing stm32f4xx_hal_tim.o(i.HAL_TIM_IC_ConfigChannel), (224 bytes).
    Removing stm32f4xx_hal_tim.o(i.HAL_TIM_IC_DeInit), (70 bytes).
    Removing stm32f4xx_hal_tim.o(i.HAL_TIM_IC_GetState), (8 bytes).
    Removing stm32f4xx_hal_tim.o(i.HAL_TIM_IC_Init), (46 bytes).
    Removing stm32f4xx_hal_tim.o(i.HAL_TIM_IC_MspDeInit), (2 bytes).
    Removing stm32f4xx_hal_tim.o(i.HAL_TIM_IC_MspInit), (2 bytes).
    Removing stm32f4xx_hal_tim.o(i.HAL_TIM_IC_Start), (32 bytes).
    Removing stm32f4xx_hal_tim.o(i.HAL_TIM_IC_Start_DMA), (268 bytes).
    Removing stm32f4xx_hal_tim.o(i.HAL_TIM_IC_Start_IT), (108 bytes).
    Removing stm32f4xx_hal_tim.o(i.HAL_TIM_IC_Stop), (58 bytes).
    Removing stm32f4xx_hal_tim.o(i.HAL_TIM_IC_Stop_DMA), (140 bytes).
    Removing stm32f4xx_hal_tim.o(i.HAL_TIM_IC_Stop_IT), (134 bytes).
    Removing stm32f4xx_hal_tim.o(i.HAL_TIM_OC_ConfigChannel), (116 bytes).
    Removing stm32f4xx_hal_tim.o(i.HAL_TIM_OC_DeInit), (70 bytes).
    Removing stm32f4xx_hal_tim.o(i.HAL_TIM_OC_GetState), (8 bytes).
    Removing stm32f4xx_hal_tim.o(i.HAL_TIM_OC_Init), (46 bytes).
    Removing stm32f4xx_hal_tim.o(i.HAL_TIM_OC_MspDeInit), (2 bytes).
    Removing stm32f4xx_hal_tim.o(i.HAL_TIM_OC_MspInit), (2 bytes).
    Removing stm32f4xx_hal_tim.o(i.HAL_TIM_OC_Start), (76 bytes).
    Removing stm32f4xx_hal_tim.o(i.HAL_TIM_OC_Start_DMA), (312 bytes).
    Removing stm32f4xx_hal_tim.o(i.HAL_TIM_OC_Start_IT), (152 bytes).
    Removing stm32f4xx_hal_tim.o(i.HAL_TIM_OC_Stop), (128 bytes).
    Removing stm32f4xx_hal_tim.o(i.HAL_TIM_OC_Stop_DMA), (212 bytes).
    Removing stm32f4xx_hal_tim.o(i.HAL_TIM_OC_Stop_IT), (204 bytes).
    Removing stm32f4xx_hal_tim.o(i.HAL_TIM_OnePulse_ConfigChannel), (286 bytes).
    Removing stm32f4xx_hal_tim.o(i.HAL_TIM_OnePulse_DeInit), (70 bytes).
    Removing stm32f4xx_hal_tim.o(i.HAL_TIM_OnePulse_GetState), (8 bytes).
    Removing stm32f4xx_hal_tim.o(i.HAL_TIM_OnePulse_Init), (70 bytes).
    Removing stm32f4xx_hal_tim.o(i.HAL_TIM_OnePulse_MspDeInit), (2 bytes).
    Removing stm32f4xx_hal_tim.o(i.HAL_TIM_OnePulse_MspInit), (2 bytes).
    Removing stm32f4xx_hal_tim.o(i.HAL_TIM_OnePulse_Start), (76 bytes).
    Removing stm32f4xx_hal_tim.o(i.HAL_TIM_OnePulse_Start_IT), (100 bytes).
    Removing stm32f4xx_hal_tim.o(i.HAL_TIM_OnePulse_Stop), (140 bytes).
    Removing stm32f4xx_hal_tim.o(i.HAL_TIM_OnePulse_Stop_IT), (164 bytes).
    Removing stm32f4xx_hal_tim.o(i.HAL_TIM_PWM_ConfigChannel), (264 bytes).
    Removing stm32f4xx_hal_tim.o(i.HAL_TIM_PWM_DeInit), (70 bytes).
    Removing stm32f4xx_hal_tim.o(i.HAL_TIM_PWM_GetState), (8 bytes).
    Removing stm32f4xx_hal_tim.o(i.HAL_TIM_PWM_Init), (46 bytes).
    Removing stm32f4xx_hal_tim.o(i.HAL_TIM_PWM_MspDeInit), (2 bytes).
    Removing stm32f4xx_hal_tim.o(i.HAL_TIM_PWM_MspInit), (2 bytes).
    Removing stm32f4xx_hal_tim.o(i.HAL_TIM_PWM_Start), (76 bytes).
    Removing stm32f4xx_hal_tim.o(i.HAL_TIM_PWM_Start_DMA), (312 bytes).
    Removing stm32f4xx_hal_tim.o(i.HAL_TIM_PWM_Start_IT), (152 bytes).
    Removing stm32f4xx_hal_tim.o(i.HAL_TIM_PWM_Stop), (136 bytes).
    Removing stm32f4xx_hal_tim.o(i.HAL_TIM_PWM_Stop_DMA), (212 bytes).
    Removing stm32f4xx_hal_tim.o(i.HAL_TIM_PWM_Stop_IT), (204 bytes).
    Removing stm32f4xx_hal_tim.o(i.HAL_TIM_ReadCapturedValue), (84 bytes).
    Removing stm32f4xx_hal_tim.o(i.HAL_TIM_SlaveConfigSynchronization), (86 bytes).
    Removing stm32f4xx_hal_tim.o(i.HAL_TIM_SlaveConfigSynchronization_IT), (86 bytes).
    Removing stm32f4xx_hal_tim.o(i.TIM_CCxChannelCmd), (28 bytes).
    Removing stm32f4xx_hal_tim.o(i.TIM_DMACaptureCplt), (70 bytes).
    Removing stm32f4xx_hal_tim.o(i.TIM_DMADelayPulseCplt), (70 bytes).
    Removing stm32f4xx_hal_tim.o(i.TIM_DMAError), (20 bytes).
    Removing stm32f4xx_hal_tim.o(i.TIM_DMAPeriodElapsedCplt), (20 bytes).
    Removing stm32f4xx_hal_tim.o(i.TIM_DMATriggerCplt), (20 bytes).
    Removing stm32f4xx_hal_tim.o(i.TIM_ETR_SetConfig), (24 bytes).
    Removing stm32f4xx_hal_tim.o(i.TIM_ITRx_SetConfig), (20 bytes).
    Removing stm32f4xx_hal_tim.o(i.TIM_OC1_SetConfig), (112 bytes).
    Removing stm32f4xx_hal_tim.o(i.TIM_OC2_SetConfig), (120 bytes).
    Removing stm32f4xx_hal_tim.o(i.TIM_OC3_SetConfig), (120 bytes).
    Removing stm32f4xx_hal_tim.o(i.TIM_OC4_SetConfig), (96 bytes).
    Removing stm32f4xx_hal_tim.o(i.TIM_SlaveTimer_SetConfig), (164 bytes).
    Removing stm32f4xx_hal_tim.o(i.TIM_TI1_ConfigInputStage), (42 bytes).
    Removing stm32f4xx_hal_tim.o(i.TIM_TI1_SetConfig), (152 bytes).
    Removing stm32f4xx_hal_tim.o(i.TIM_TI2_ConfigInputStage), (44 bytes).
    Removing stm32f4xx_hal_tim.o(i.TIM_TI2_SetConfig), (62 bytes).
    Removing stm32f4xx_hal_tim.o(i.TIM_TI3_SetConfig), (60 bytes).
    Removing stm32f4xx_hal_tim.o(i.TIM_TI4_SetConfig), (64 bytes).
    Removing stm32f4xx_hal_tim_ex.o(.rev16_text), (4 bytes).
    Removing stm32f4xx_hal_tim_ex.o(.revsh_text), (4 bytes).
    Removing stm32f4xx_hal_tim_ex.o(i.HAL_TIMEx_ConfigBreakDeadTime), (80 bytes).
    Removing stm32f4xx_hal_tim_ex.o(i.HAL_TIMEx_ConfigCommutationEvent), (110 bytes).
    Removing stm32f4xx_hal_tim_ex.o(i.HAL_TIMEx_ConfigCommutationEvent_DMA), (144 bytes).
    Removing stm32f4xx_hal_tim_ex.o(i.HAL_TIMEx_ConfigCommutationEvent_IT), (122 bytes).
    Removing stm32f4xx_hal_tim_ex.o(i.HAL_TIMEx_HallSensor_DeInit), (70 bytes).
    Removing stm32f4xx_hal_tim_ex.o(i.HAL_TIMEx_HallSensor_GetState), (8 bytes).
    Removing stm32f4xx_hal_tim_ex.o(i.HAL_TIMEx_HallSensor_Init), (196 bytes).
    Removing stm32f4xx_hal_tim_ex.o(i.HAL_TIMEx_HallSensor_MspDeInit), (2 bytes).
    Removing stm32f4xx_hal_tim_ex.o(i.HAL_TIMEx_HallSensor_MspInit), (2 bytes).
    Removing stm32f4xx_hal_tim_ex.o(i.HAL_TIMEx_HallSensor_Start), (30 bytes).
    Removing stm32f4xx_hal_tim_ex.o(i.HAL_TIMEx_HallSensor_Start_DMA), (116 bytes).
    Removing stm32f4xx_hal_tim_ex.o(i.HAL_TIMEx_HallSensor_Start_IT), (42 bytes).
    Removing stm32f4xx_hal_tim_ex.o(i.HAL_TIMEx_HallSensor_Stop), (56 bytes).
    Removing stm32f4xx_hal_tim_ex.o(i.HAL_TIMEx_HallSensor_Stop_DMA), (68 bytes).
    Removing stm32f4xx_hal_tim_ex.o(i.HAL_TIMEx_HallSensor_Stop_IT), (68 bytes).
    Removing stm32f4xx_hal_tim_ex.o(i.HAL_TIMEx_MasterConfigSynchronization), (98 bytes).
    Removing stm32f4xx_hal_tim_ex.o(i.HAL_TIMEx_OCN_Start), (44 bytes).
    Removing stm32f4xx_hal_tim_ex.o(i.HAL_TIMEx_OCN_Start_DMA), (280 bytes).
    Removing stm32f4xx_hal_tim_ex.o(i.HAL_TIMEx_OCN_Start_IT), (132 bytes).
    Removing stm32f4xx_hal_tim_ex.o(i.HAL_TIMEx_OCN_Stop), (96 bytes).
    Removing stm32f4xx_hal_tim_ex.o(i.HAL_TIMEx_OCN_Stop_DMA), (178 bytes).
    Removing stm32f4xx_hal_tim_ex.o(i.HAL_TIMEx_OCN_Stop_IT), (196 bytes).
    Removing stm32f4xx_hal_tim_ex.o(i.HAL_TIMEx_OnePulseN_Start), (32 bytes).
    Removing stm32f4xx_hal_tim_ex.o(i.HAL_TIMEx_OnePulseN_Start_IT), (56 bytes).
    Removing stm32f4xx_hal_tim_ex.o(i.HAL_TIMEx_OnePulseN_Stop), (96 bytes).
    Removing stm32f4xx_hal_tim_ex.o(i.HAL_TIMEx_OnePulseN_Stop_IT), (120 bytes).
    Removing stm32f4xx_hal_tim_ex.o(i.HAL_TIMEx_PWMN_Start), (44 bytes).
    Removing stm32f4xx_hal_tim_ex.o(i.HAL_TIMEx_PWMN_Start_DMA), (280 bytes).
    Removing stm32f4xx_hal_tim_ex.o(i.HAL_TIMEx_PWMN_Start_IT), (132 bytes).
    Removing stm32f4xx_hal_tim_ex.o(i.HAL_TIMEx_PWMN_Stop), (96 bytes).
    Removing stm32f4xx_hal_tim_ex.o(i.HAL_TIMEx_PWMN_Stop_DMA), (178 bytes).
    Removing stm32f4xx_hal_tim_ex.o(i.HAL_TIMEx_PWMN_Stop_IT), (196 bytes).
    Removing stm32f4xx_hal_tim_ex.o(i.HAL_TIMEx_RemapConfig), (48 bytes).
    Removing stm32f4xx_hal_tim_ex.o(i.TIMEx_DMACommutationCplt), (20 bytes).
    Removing stm32f4xx_hal_tim_ex.o(i.TIM_CCxNChannelCmd), (28 bytes).
    Removing system_stm32f4xx.o(.rev16_text), (4 bytes).
    Removing system_stm32f4xx.o(.revsh_text), (4 bytes).
    Removing system_stm32f4xx.o(i.SystemCoreClockUpdate), (192 bytes).
    Removing startup_stm32f429xx.o(HEAP), (512 bytes).
    Removing dadd.o(.text), (334 bytes).
    Removing dmul.o(.text), (228 bytes).
    Removing ddiv.o(.text), (222 bytes).
    Removing dfixul.o(.text), (48 bytes).
    Removing cdrcmple.o(.text), (48 bytes).
    Removing depilogue.o(.text), (186 bytes).

453 unused section(s) (total 56896 bytes) removed from the image.

==============================================================================

Image Symbol Table

    Local Symbols

    Symbol Name                              Value     Ov Type        Size  Object(Section)

    ../clib/microlib/division.c              0x00000000   Number         0  uldiv.o ABSOLUTE
    ../clib/microlib/division.c              0x00000000   Number         0  uidiv.o ABSOLUTE
    ../clib/microlib/init/entry.s            0x00000000   Number         0  entry7b.o ABSOLUTE
    ../clib/microlib/init/entry.s            0x00000000   Number         0  entry7a.o ABSOLUTE
    ../clib/microlib/init/entry.s            0x00000000   Number         0  entry10b.o ABSOLUTE
    ../clib/microlib/init/entry.s            0x00000000   Number         0  entry11b.o ABSOLUTE
    ../clib/microlib/init/entry.s            0x00000000   Number         0  entry9b.o ABSOLUTE
    ../clib/microlib/init/entry.s            0x00000000   Number         0  entry5.o ABSOLUTE
    ../clib/microlib/init/entry.s            0x00000000   Number         0  entry11a.o ABSOLUTE
    ../clib/microlib/init/entry.s            0x00000000   Number         0  entry8b.o ABSOLUTE
    ../clib/microlib/init/entry.s            0x00000000   Number         0  entry2.o ABSOLUTE
    ../clib/microlib/init/entry.s            0x00000000   Number         0  entry9a.o ABSOLUTE
    ../clib/microlib/init/entry.s            0x00000000   Number         0  entry8a.o ABSOLUTE
    ../clib/microlib/init/entry.s            0x00000000   Number         0  entry10a.o ABSOLUTE
    ../clib/microlib/init/entry.s            0x00000000   Number         0  entry.o ABSOLUTE
    ../clib/microlib/longlong.c              0x00000000   Number         0  llsshr.o ABSOLUTE
    ../clib/microlib/longlong.c              0x00000000   Number         0  llshl.o ABSOLUTE
    ../clib/microlib/longlong.c              0x00000000   Number         0  llushr.o ABSOLUTE
    ../clib/microlib/printf/printf.c         0x00000000   Number         0  printfa.o ABSOLUTE
    ../clib/microlib/printf/printf.c         0x00000000   Number         0  printf5.o ABSOLUTE
    ../clib/microlib/printf/printf.c         0x00000000   Number         0  printf6.o ABSOLUTE
    ../clib/microlib/printf/printf.c         0x00000000   Number         0  printf7.o ABSOLUTE
    ../clib/microlib/printf/printf.c         0x00000000   Number         0  printf4.o ABSOLUTE
    ../clib/microlib/printf/printf.c         0x00000000   Number         0  printf3.o ABSOLUTE
    ../clib/microlib/printf/printf.c         0x00000000   Number         0  printf2.o ABSOLUTE
    ../clib/microlib/printf/printf.c         0x00000000   Number         0  printf1.o ABSOLUTE
    ../clib/microlib/printf/printf.c         0x00000000   Number         0  printf0.o ABSOLUTE
    ../clib/microlib/printf/printf.c         0x00000000   Number         0  printfb.o ABSOLUTE
    ../clib/microlib/printf/printf.c         0x00000000   Number         0  printf8.o ABSOLUTE
    ../clib/microlib/printf/stubs.s          0x00000000   Number         0  stubs.o ABSOLUTE
    ../clib/microlib/stdio/streams.c         0x00000000   Number         0  stdout.o ABSOLUTE
    ../clib/microlib/stubs.s                 0x00000000   Number         0  iusefp.o ABSOLUTE
    ../fplib/microlib/fpadd.c                0x00000000   Number         0  dadd.o ABSOLUTE
    ../fplib/microlib/fpdiv.c                0x00000000   Number         0  ddiv.o ABSOLUTE
    ../fplib/microlib/fpepilogue.c           0x00000000   Number         0  depilogue.o ABSOLUTE
    ../fplib/microlib/fpfix.c                0x00000000   Number         0  dfixul.o ABSOLUTE
    ../fplib/microlib/fpmul.c                0x00000000   Number         0  dmul.o ABSOLUTE
    ..\..\Drivers\CMSIS\Device\ST\STM32F4xx\Source\Templates\arm\startup_stm32f429xx.s 0x00000000   Number         0  startup_stm32f429xx.o ABSOLUTE
    ..\..\Drivers\CMSIS\Device\ST\STM32F4xx\Source\Templates\system_stm32f4xx.c 0x00000000   Number         0  system_stm32f4xx.o ABSOLUTE
    ..\..\Drivers\STM32F4xx_HAL_Driver\Src\stm32f4xx_hal.c 0x00000000   Number         0  stm32f4xx_hal.o ABSOLUTE
    ..\..\Drivers\STM32F4xx_HAL_Driver\Src\stm32f4xx_hal_adc.c 0x00000000   Number         0  stm32f4xx_hal_adc.o ABSOLUTE
    ..\..\Drivers\STM32F4xx_HAL_Driver\Src\stm32f4xx_hal_adc_ex.c 0x00000000   Number         0  stm32f4xx_hal_adc_ex.o ABSOLUTE
    ..\..\Drivers\STM32F4xx_HAL_Driver\Src\stm32f4xx_hal_cortex.c 0x00000000   Number         0  stm32f4xx_hal_cortex.o ABSOLUTE
    ..\..\Drivers\STM32F4xx_HAL_Driver\Src\stm32f4xx_hal_dac.c 0x00000000   Number         0  stm32f4xx_hal_dac.o ABSOLUTE
    ..\..\Drivers\STM32F4xx_HAL_Driver\Src\stm32f4xx_hal_dac_ex.c 0x00000000   Number         0  stm32f4xx_hal_dac_ex.o ABSOLUTE
    ..\..\Drivers\STM32F4xx_HAL_Driver\Src\stm32f4xx_hal_dma.c 0x00000000   Number         0  stm32f4xx_hal_dma.o ABSOLUTE
    ..\..\Drivers\STM32F4xx_HAL_Driver\Src\stm32f4xx_hal_dma_ex.c 0x00000000   Number         0  stm32f4xx_hal_dma_ex.o ABSOLUTE
    ..\..\Drivers\STM32F4xx_HAL_Driver\Src\stm32f4xx_hal_flash.c 0x00000000   Number         0  stm32f4xx_hal_flash.o ABSOLUTE
    ..\..\Drivers\STM32F4xx_HAL_Driver\Src\stm32f4xx_hal_flash_ex.c 0x00000000   Number         0  stm32f4xx_hal_flash_ex.o ABSOLUTE
    ..\..\Drivers\STM32F4xx_HAL_Driver\Src\stm32f4xx_hal_flash_ramfunc.c 0x00000000   Number         0  stm32f4xx_hal_flash_ramfunc.o ABSOLUTE
    ..\..\Drivers\STM32F4xx_HAL_Driver\Src\stm32f4xx_hal_gpio.c 0x00000000   Number         0  stm32f4xx_hal_gpio.o ABSOLUTE
    ..\..\Drivers\STM32F4xx_HAL_Driver\Src\stm32f4xx_hal_pwr.c 0x00000000   Number         0  stm32f4xx_hal_pwr.o ABSOLUTE
    ..\..\Drivers\STM32F4xx_HAL_Driver\Src\stm32f4xx_hal_pwr_ex.c 0x00000000   Number         0  stm32f4xx_hal_pwr_ex.o ABSOLUTE
    ..\..\Drivers\STM32F4xx_HAL_Driver\Src\stm32f4xx_hal_rcc.c 0x00000000   Number         0  stm32f4xx_hal_rcc.o ABSOLUTE
    ..\..\Drivers\STM32F4xx_HAL_Driver\Src\stm32f4xx_hal_rcc_ex.c 0x00000000   Number         0  stm32f4xx_hal_rcc_ex.o ABSOLUTE
    ..\..\Drivers\STM32F4xx_HAL_Driver\Src\stm32f4xx_hal_spi.c 0x00000000   Number         0  stm32f4xx_hal_spi.o ABSOLUTE
    ..\..\Drivers\STM32F4xx_HAL_Driver\Src\stm32f4xx_hal_tim.c 0x00000000   Number         0  stm32f4xx_hal_tim.o ABSOLUTE
    ..\..\Drivers\STM32F4xx_HAL_Driver\Src\stm32f4xx_hal_tim_ex.c 0x00000000   Number         0  stm32f4xx_hal_tim_ex.o ABSOLUTE
    ..\..\Src\adc.c                          0x00000000   Number         0  adc.o ABSOLUTE
    ..\..\Src\dac.c                          0x00000000   Number         0  dac.o ABSOLUTE
    ..\..\Src\gpio.c                         0x00000000   Number         0  gpio.o ABSOLUTE
    ..\..\Src\main.c                         0x00000000   Number         0  main.o ABSOLUTE
    ..\..\Src\radio_lib.c                    0x00000000   Number         0  radio_lib.o ABSOLUTE
    ..\..\Src\rfm73_callbacks.c              0x00000000   Number         0  rfm73_callbacks.o ABSOLUTE
    ..\..\Src\spi.c                          0x00000000   Number         0  spi.o ABSOLUTE
    ..\..\Src\stm32f4xx_hal_msp.c            0x00000000   Number         0  stm32f4xx_hal_msp.o ABSOLUTE
    ..\..\Src\stm32f4xx_it.c                 0x00000000   Number         0  stm32f4xx_it.o ABSOLUTE
    ..\..\Src\sys_connect.c                  0x00000000   Number         0  sys_connect.o ABSOLUTE
    ..\\..\\Drivers\\CMSIS\\Device\\ST\\STM32F4xx\\Source\\Templates\\system_stm32f4xx.c 0x00000000   Number         0  system_stm32f4xx.o ABSOLUTE
    ..\\..\\Drivers\\STM32F4xx_HAL_Driver\\Src\\stm32f4xx_hal.c 0x00000000   Number         0  stm32f4xx_hal.o ABSOLUTE
    ..\\..\\Drivers\\STM32F4xx_HAL_Driver\\Src\\stm32f4xx_hal_adc.c 0x00000000   Number         0  stm32f4xx_hal_adc.o ABSOLUTE
    ..\\..\\Drivers\\STM32F4xx_HAL_Driver\\Src\\stm32f4xx_hal_adc_ex.c 0x00000000   Number         0  stm32f4xx_hal_adc_ex.o ABSOLUTE
    ..\\..\\Drivers\\STM32F4xx_HAL_Driver\\Src\\stm32f4xx_hal_cortex.c 0x00000000   Number         0  stm32f4xx_hal_cortex.o ABSOLUTE
    ..\\..\\Drivers\\STM32F4xx_HAL_Driver\\Src\\stm32f4xx_hal_dac.c 0x00000000   Number         0  stm32f4xx_hal_dac.o ABSOLUTE
    ..\\..\\Drivers\\STM32F4xx_HAL_Driver\\Src\\stm32f4xx_hal_dac_ex.c 0x00000000   Number         0  stm32f4xx_hal_dac_ex.o ABSOLUTE
    ..\\..\\Drivers\\STM32F4xx_HAL_Driver\\Src\\stm32f4xx_hal_dma.c 0x00000000   Number         0  stm32f4xx_hal_dma.o ABSOLUTE
    ..\\..\\Drivers\\STM32F4xx_HAL_Driver\\Src\\stm32f4xx_hal_dma_ex.c 0x00000000   Number         0  stm32f4xx_hal_dma_ex.o ABSOLUTE
    ..\\..\\Drivers\\STM32F4xx_HAL_Driver\\Src\\stm32f4xx_hal_flash.c 0x00000000   Number         0  stm32f4xx_hal_flash.o ABSOLUTE
    ..\\..\\Drivers\\STM32F4xx_HAL_Driver\\Src\\stm32f4xx_hal_flash_ex.c 0x00000000   Number         0  stm32f4xx_hal_flash_ex.o ABSOLUTE
    ..\\..\\Drivers\\STM32F4xx_HAL_Driver\\Src\\stm32f4xx_hal_flash_ramfunc.c 0x00000000   Number         0  stm32f4xx_hal_flash_ramfunc.o ABSOLUTE
    ..\\..\\Drivers\\STM32F4xx_HAL_Driver\\Src\\stm32f4xx_hal_gpio.c 0x00000000   Number         0  stm32f4xx_hal_gpio.o ABSOLUTE
    ..\\..\\Drivers\\STM32F4xx_HAL_Driver\\Src\\stm32f4xx_hal_pwr.c 0x00000000   Number         0  stm32f4xx_hal_pwr.o ABSOLUTE
    ..\\..\\Drivers\\STM32F4xx_HAL_Driver\\Src\\stm32f4xx_hal_pwr_ex.c 0x00000000   Number         0  stm32f4xx_hal_pwr_ex.o ABSOLUTE
    ..\\..\\Drivers\\STM32F4xx_HAL_Driver\\Src\\stm32f4xx_hal_rcc.c 0x00000000   Number         0  stm32f4xx_hal_rcc.o ABSOLUTE
    ..\\..\\Drivers\\STM32F4xx_HAL_Driver\\Src\\stm32f4xx_hal_rcc_ex.c 0x00000000   Number         0  stm32f4xx_hal_rcc_ex.o ABSOLUTE
    ..\\..\\Drivers\\STM32F4xx_HAL_Driver\\Src\\stm32f4xx_hal_spi.c 0x00000000   Number         0  stm32f4xx_hal_spi.o ABSOLUTE
    ..\\..\\Drivers\\STM32F4xx_HAL_Driver\\Src\\stm32f4xx_hal_tim.c 0x00000000   Number         0  stm32f4xx_hal_tim.o ABSOLUTE
    ..\\..\\Drivers\\STM32F4xx_HAL_Driver\\Src\\stm32f4xx_hal_tim_ex.c 0x00000000   Number         0  stm32f4xx_hal_tim_ex.o ABSOLUTE
    ..\\..\\Src\\adc.c                       0x00000000   Number         0  adc.o ABSOLUTE
    ..\\..\\Src\\dac.c                       0x00000000   Number         0  dac.o ABSOLUTE
    ..\\..\\Src\\gpio.c                      0x00000000   Number         0  gpio.o ABSOLUTE
    ..\\..\\Src\\main.c                      0x00000000   Number         0  main.o ABSOLUTE
    ..\\..\\Src\\radio_lib.c                 0x00000000   Number         0  radio_lib.o ABSOLUTE
    ..\\..\\Src\\rfm73_callbacks.c           0x00000000   Number         0  rfm73_callbacks.o ABSOLUTE
    ..\\..\\Src\\spi.c                       0x00000000   Number         0  spi.o ABSOLUTE
    ..\\..\\Src\\stm32f4xx_hal_msp.c         0x00000000   Number         0  stm32f4xx_hal_msp.o ABSOLUTE
    ..\\..\\Src\\stm32f4xx_it.c              0x00000000   Number         0  stm32f4xx_it.o ABSOLUTE
    ..\\..\\Src\\sys_connect.c               0x00000000   Number         0  sys_connect.o ABSOLUTE
    cdrcmple.s                               0x00000000   Number         0  cdrcmple.o ABSOLUTE
    dc.s                                     0x00000000   Number         0  dc.o ABSOLUTE
    handlers.s                               0x00000000   Number         0  handlers.o ABSOLUTE
    init.s                                   0x00000000   Number         0  init.o ABSOLUTE
    RESET                                    0x08000000   Section      428  startup_stm32f429xx.o(RESET)
    .ARM.Collect$$$$00000000                 0x080001ac   Section        0  entry.o(.ARM.Collect$$$$00000000)
    .ARM.Collect$$$$00000001                 0x080001ac   Section        4  entry2.o(.ARM.Collect$$$$00000001)
    .ARM.Collect$$$$00000004                 0x080001b0   Section        4  entry5.o(.ARM.Collect$$$$00000004)
    .ARM.Collect$$$$00000008                 0x080001b4   Section        0  entry7b.o(.ARM.Collect$$$$00000008)
    .ARM.Collect$$$$0000000A                 0x080001b4   Section        0  entry8b.o(.ARM.Collect$$$$0000000A)
    .ARM.Collect$$$$0000000B                 0x080001b4   Section        8  entry9a.o(.ARM.Collect$$$$0000000B)
    .ARM.Collect$$$$0000000D                 0x080001bc   Section        0  entry10a.o(.ARM.Collect$$$$0000000D)
    .ARM.Collect$$$$0000000F                 0x080001bc   Section        0  entry11a.o(.ARM.Collect$$$$0000000F)
    .ARM.Collect$$$$00002712                 0x080001bc   Section        4  entry2.o(.ARM.Collect$$$$00002712)
    __lit__00000000                          0x080001bc   Data           4  entry2.o(.ARM.Collect$$$$00002712)
    .text                                    0x080001c0   Section       36  startup_stm32f429xx.o(.text)
    $v0                                      0x080001c0   Number         0  startup_stm32f429xx.o(.text)
    .text                                    0x080001e4   Section        0  uldiv.o(.text)
    .text                                    0x08000248   Section       36  init.o(.text)
    .text                                    0x0800026c   Section        0  llshl.o(.text)
    .text                                    0x0800028a   Section        0  llushr.o(.text)
    i.ADC_IRQHandler                         0x080002ac   Section        0  stm32f4xx_it.o(i.ADC_IRQHandler)
    i.ADC_Init                               0x080002c8   Section        0  stm32f4xx_hal_adc.o(i.ADC_Init)
    ADC_Init                                 0x080002c9   Thumb Code   316  stm32f4xx_hal_adc.o(i.ADC_Init)
    i.EXTI3_IRQHandler                       0x0800040c   Section        0  stm32f4xx_it.o(i.EXTI3_IRQHandler)
    i.EXTI9_5_IRQHandler                     0x08000438   Section        0  stm32f4xx_it.o(i.EXTI9_5_IRQHandler)
    i.HAL_ADCEx_InjectedConvCpltCallback     0x08000464   Section        0  stm32f4xx_hal_adc_ex.o(i.HAL_ADCEx_InjectedConvCpltCallback)
    i.HAL_ADC_ConfigChannel                  0x08000468   Section        0  stm32f4xx_hal_adc.o(i.HAL_ADC_ConfigChannel)
    i.HAL_ADC_ConvCpltCallback               0x080005d0   Section        0  stm32f4xx_hal_adc.o(i.HAL_ADC_ConvCpltCallback)
    i.HAL_ADC_ErrorCallback                  0x080005d2   Section        0  stm32f4xx_hal_adc.o(i.HAL_ADC_ErrorCallback)
    i.HAL_ADC_IRQHandler                     0x080005d4   Section        0  stm32f4xx_hal_adc.o(i.HAL_ADC_IRQHandler)
    i.HAL_ADC_Init                           0x0800072a   Section        0  stm32f4xx_hal_adc.o(i.HAL_ADC_Init)
    i.HAL_ADC_LevelOutOfWindowCallback       0x08000764   Section        0  stm32f4xx_hal_adc.o(i.HAL_ADC_LevelOutOfWindowCallback)
    i.HAL_ADC_MspInit                        0x08000768   Section        0  stm32f4xx_hal_msp.o(i.HAL_ADC_MspInit)
    i.HAL_DAC_ConfigChannel                  0x080007b8   Section        0  stm32f4xx_hal_dac.o(i.HAL_DAC_ConfigChannel)
    i.HAL_DAC_Init                           0x08000812   Section        0  stm32f4xx_hal_dac.o(i.HAL_DAC_Init)
    i.HAL_DAC_MspInit                        0x08000838   Section        0  stm32f4xx_hal_msp.o(i.HAL_DAC_MspInit)
    i.HAL_GPIO_Init                          0x08000878   Section        0  stm32f4xx_hal_gpio.o(i.HAL_GPIO_Init)
    i.HAL_GPIO_ReadPin                       0x08000a80   Section        0  stm32f4xx_hal_gpio.o(i.HAL_GPIO_ReadPin)
    i.HAL_GetTick                            0x08000a90   Section        0  stm32f4xx_hal.o(i.HAL_GetTick)
    i.HAL_IncTick                            0x08000a9c   Section        0  stm32f4xx_hal.o(i.HAL_IncTick)
    i.HAL_Init                               0x08000aac   Section        0  stm32f4xx_hal.o(i.HAL_Init)
    i.HAL_InitTick                           0x08000ae8   Section        0  stm32f4xx_hal.o(i.HAL_InitTick)
    i.HAL_MspInit                            0x08000b0c   Section        0  stm32f4xx_hal_msp.o(i.HAL_MspInit)
    i.HAL_NVIC_EnableIRQ                     0x08000b30   Section        0  stm32f4xx_hal_cortex.o(i.HAL_NVIC_EnableIRQ)
    i.HAL_NVIC_SetPriority                   0x08000b4a   Section        0  stm32f4xx_hal_cortex.o(i.HAL_NVIC_SetPriority)
    i.HAL_NVIC_SetPriorityGrouping           0x08000bc8   Section        0  stm32f4xx_hal_cortex.o(i.HAL_NVIC_SetPriorityGrouping)
    i.HAL_RCC_ClockConfig                    0x08000bf0   Section        0  stm32f4xx_hal_rcc.o(i.HAL_RCC_ClockConfig)
    i.HAL_RCC_GetHCLKFreq                    0x08000e44   Section        0  stm32f4xx_hal_rcc.o(i.HAL_RCC_GetHCLKFreq)
    i.HAL_RCC_GetSysClockFreq                0x08000e7c   Section        0  stm32f4xx_hal_rcc.o(i.HAL_RCC_GetSysClockFreq)
    i.HAL_RCC_OscConfig                      0x08000f40   Section        0  stm32f4xx_hal_rcc.o(i.HAL_RCC_OscConfig)
    i.HAL_SPI_Init                           0x0800133c   Section        0  stm32f4xx_hal_spi.o(i.HAL_SPI_Init)
    i.HAL_SPI_MspInit                        0x080013c0   Section        0  spi.o(i.HAL_SPI_MspInit)
    i.HAL_SYSTICK_Callback                   0x08001468   Section        0  stm32f4xx_hal_cortex.o(i.HAL_SYSTICK_Callback)
    i.HAL_SYSTICK_Config                     0x0800146a   Section        0  stm32f4xx_hal_cortex.o(i.HAL_SYSTICK_Config)
    i.HAL_SYSTICK_IRQHandler                 0x0800149e   Section        0  stm32f4xx_hal_cortex.o(i.HAL_SYSTICK_IRQHandler)
    i.HAL_TIMEx_BreakCallback                0x080014a6   Section        0  stm32f4xx_hal_tim_ex.o(i.HAL_TIMEx_BreakCallback)
    i.HAL_TIMEx_CommutationCallback          0x080014a8   Section        0  stm32f4xx_hal_tim_ex.o(i.HAL_TIMEx_CommutationCallback)
    i.HAL_TIM_Base_Init                      0x080014aa   Section        0  stm32f4xx_hal_tim.o(i.HAL_TIM_Base_Init)
    i.HAL_TIM_Base_MspInit                   0x080014d8   Section        0  stm32f4xx_hal_msp.o(i.HAL_TIM_Base_MspInit)
    i.HAL_TIM_IC_CaptureCallback             0x08001508   Section        0  stm32f4xx_hal_tim.o(i.HAL_TIM_IC_CaptureCallback)
    i.HAL_TIM_IRQHandler                     0x0800150a   Section        0  stm32f4xx_hal_tim.o(i.HAL_TIM_IRQHandler)
    i.HAL_TIM_OC_DelayElapsedCallback        0x080016a0   Section        0  stm32f4xx_hal_tim.o(i.HAL_TIM_OC_DelayElapsedCallback)
    i.HAL_TIM_PWM_PulseFinishedCallback      0x080016a2   Section        0  stm32f4xx_hal_tim.o(i.HAL_TIM_PWM_PulseFinishedCallback)
    i.HAL_TIM_PeriodElapsedCallback          0x080016a4   Section        0  stm32f4xx_hal_tim.o(i.HAL_TIM_PeriodElapsedCallback)
    i.HAL_TIM_TriggerCallback                0x080016a6   Section        0  stm32f4xx_hal_tim.o(i.HAL_TIM_TriggerCallback)
    i.ITM_SendChar                           0x080016a8   Section        0  rfm73_callbacks.o(i.ITM_SendChar)
    ITM_SendChar                             0x080016a9   Thumb Code    42  rfm73_callbacks.o(i.ITM_SendChar)
    i.MX_ADC3_Init                           0x080016d8   Section        0  adc.o(i.MX_ADC3_Init)
    i.MX_DAC_Init                            0x0800173c   Section        0  dac.o(i.MX_DAC_Init)
    i.MX_GPIO_Init                           0x08001768   Section        0  gpio.o(i.MX_GPIO_Init)
    i.MX_SPI1_Init                           0x08001874   Section        0  spi.o(i.MX_SPI1_Init)
    i.MX_SPI3_Init                           0x080018d0   Section        0  spi.o(i.MX_SPI3_Init)
    i.MX_TIM2_Init                           0x0800192c   Section        0  main.o(i.MX_TIM2_Init)
    MX_TIM2_Init                             0x0800192d   Thumb Code    52  main.o(i.MX_TIM2_Init)
    i.Mconn_cant_send_callback               0x08001964   Section        0  rfm73_callbacks.o(i.Mconn_cant_send_callback)
    i.Mconn_packet_sent_callback             0x080019b8   Section        0  rfm73_callbacks.o(i.Mconn_packet_sent_callback)
    i.Mconn_rcv_data_callback                0x080019c4   Section        0  rfm73_callbacks.o(i.Mconn_rcv_data_callback)
    i.NVIC_ClearPendingIRQ                   0x080019c8   Section        0  spi.o(i.NVIC_ClearPendingIRQ)
    NVIC_ClearPendingIRQ                     0x080019c9   Thumb Code    18  spi.o(i.NVIC_ClearPendingIRQ)
    i.NVIC_EnableIRQ                         0x080019e0   Section        0  spi.o(i.NVIC_EnableIRQ)
    NVIC_EnableIRQ                           0x080019e1   Thumb Code    22  spi.o(i.NVIC_EnableIRQ)
    i.NVIC_GetPriorityGrouping               0x080019f8   Section        0  stm32f4xx_hal_cortex.o(i.NVIC_GetPriorityGrouping)
    NVIC_GetPriorityGrouping                 0x080019f9   Thumb Code    10  stm32f4xx_hal_cortex.o(i.NVIC_GetPriorityGrouping)
    i.NVIC_SetPriority                       0x08001a08   Section        0  spi.o(i.NVIC_SetPriority)
    NVIC_SetPriority                         0x08001a09   Thumb Code    32  spi.o(i.NVIC_SetPriority)
    i.NVIC_SetPriority                       0x08001a30   Section        0  stm32f4xx_hal_cortex.o(i.NVIC_SetPriority)
    NVIC_SetPriority                         0x08001a31   Thumb Code    32  stm32f4xx_hal_cortex.o(i.NVIC_SetPriority)
    i.RCC_IRQHandler                         0x08001a58   Section        0  stm32f4xx_it.o(i.RCC_IRQHandler)
    i.RFM73_CE                               0x08001a5a   Section        0  radio_lib.o(i.RFM73_CE)
    i.RFM73_CSN                              0x08001a7c   Section        0  radio_lib.o(i.RFM73_CSN)
    i.SPI1_IRQHandler                        0x08001aa0   Section        0  stm32f4xx_it.o(i.SPI1_IRQHandler)
    i.SPI3_IRQHandler                        0x08001aec   Section        0  stm32f4xx_it.o(i.SPI3_IRQHandler)
    i.Sconn_cant_send_callback               0x08001b38   Section        0  rfm73_callbacks.o(i.Sconn_cant_send_callback)
    i.Sconn_packet_sent_callback             0x08001b3e   Section        0  rfm73_callbacks.o(i.Sconn_packet_sent_callback)
    i.Sconn_rcv_data_callback                0x08001b40   Section        0  rfm73_callbacks.o(i.Sconn_rcv_data_callback)
    i.SysTick_Handler                        0x08001b9c   Section        0  stm32f4xx_it.o(i.SysTick_Handler)
    i.SystemClock_Config                     0x08001ba8   Section        0  main.o(i.SystemClock_Config)
    i.SystemInit                             0x08001c14   Section        0  system_stm32f4xx.o(i.SystemInit)
    i.TIM2_IRQHandler                        0x08001c78   Section        0  stm32f4xx_it.o(i.TIM2_IRQHandler)
    i.TIM_Base_SetConfig                     0x08001ce0   Section        0  stm32f4xx_hal_tim.o(i.TIM_Base_SetConfig)
    i.__0printf$5                            0x08001dc4   Section        0  printf5.o(i.__0printf$5)
    i.__scatterload_copy                     0x08001de4   Section       14  handlers.o(i.__scatterload_copy)
    i.__scatterload_null                     0x08001df2   Section        2  handlers.o(i.__scatterload_null)
    i.__scatterload_zeroinit                 0x08001df4   Section       14  handlers.o(i.__scatterload_zeroinit)
    i._printf_core                           0x08001e04   Section        0  printf5.o(i._printf_core)
    _printf_core                             0x08001e05   Thumb Code   658  printf5.o(i._printf_core)
    i._rfm73_analyze                         0x080020c4   Section        0  radio_lib.o(i._rfm73_analyze)
    i.adc_OFF                                0x080021f8   Section        0  adc.o(i.adc_OFF)
    i.adc_ON                                 0x08002220   Section        0  adc.o(i.adc_ON)
    i.adc_buff_append                        0x08002248   Section        0  adc.o(i.adc_buff_append)
    i.adc_buff_clear                         0x08002310   Section        0  adc.o(i.adc_buff_clear)
    i.adc_buff_init                          0x08002368   Section        0  adc.o(i.adc_buff_init)
    i.adc_data_ready                         0x0800238c   Section        0  adc.o(i.adc_data_ready)
    i.dac_OFF                                0x08002404   Section        0  dac.o(i.dac_OFF)
    i.dac_ON                                 0x0800242c   Section        0  dac.o(i.dac_ON)
    i.dac_buff_append                        0x08002454   Section        0  dac.o(i.dac_buff_append)
    i.dac_buff_init                          0x080024e8   Section        0  dac.o(i.dac_buff_init)
    i.dac_data_ready                         0x08002508   Section        0  dac.o(i.dac_data_ready)
    i.disc_cant_send_callback                0x0800255c   Section        0  rfm73_callbacks.o(i.disc_cant_send_callback)
    i.disc_packet_sent_callback              0x08002562   Section        0  rfm73_callbacks.o(i.disc_packet_sent_callback)
    i.disc_rcv_data_callback                 0x08002564   Section        0  rfm73_callbacks.o(i.disc_rcv_data_callback)
    i.fputc                                  0x080025c4   Section        0  main.o(i.fputc)
    i.main                                   0x080025fc   Section        0  main.o(i.main)
    i.master_cant_conn_callback              0x08002798   Section        0  rfm73_callbacks.o(i.master_cant_conn_callback)
    i.master_connected_callback              0x080027ec   Section        0  rfm73_callbacks.o(i.master_connected_callback)
    i.master_disconnect_main                 0x08002840   Section        0  sys_connect.o(i.master_disconnect_main)
    i.master_rcv_data_callback               0x080028e0   Section        0  rfm73_callbacks.o(i.master_rcv_data_callback)
    i.rfm73_SPI_RW                           0x080028e2   Section        0  radio_lib.o(i.rfm73_SPI_RW)
    i.rfm73_bank                             0x08002924   Section        0  radio_lib.o(i.rfm73_bank)
    i.rfm73_buffer_write                     0x0800294a   Section        0  radio_lib.o(i.rfm73_buffer_write)
    i.rfm73_channel_payload_size             0x0800298e   Section        0  radio_lib.o(i.rfm73_channel_payload_size)
    i.rfm73_check                            0x080029d6   Section        0  radio_lib.o(i.rfm73_check)
    i.rfm73_init                             0x08002a08   Section        0  radio_lib.o(i.rfm73_init)
    i.rfm73_init_bank1                       0x08002ae0   Section        0  radio_lib.o(i.rfm73_init_bank1)
    i.rfm73_mode_receive                     0x08002bc0   Section        0  radio_lib.o(i.rfm73_mode_receive)
    i.rfm73_mode_transmit                    0x08002c10   Section        0  radio_lib.o(i.rfm73_mode_transmit)
    i.rfm73_receive_address_p0               0x08002c60   Section        0  radio_lib.o(i.rfm73_receive_address_p0)
    i.rfm73_receive_address_p1               0x08002c74   Section        0  radio_lib.o(i.rfm73_receive_address_p1)
    i.rfm73_receive_address_pn               0x08002c88   Section        0  radio_lib.o(i.rfm73_receive_address_pn)
    i.rfm73_register_read                    0x08002ca0   Section        0  radio_lib.o(i.rfm73_register_read)
    i.rfm73_register_write                   0x08002cd2   Section        0  radio_lib.o(i.rfm73_register_write)
    i.rfm73_rx_interrupt_handle              0x08002d04   Section        0  radio_lib.o(i.rfm73_rx_interrupt_handle)
    i.rfm73_set_Tpipe                        0x08002d7a   Section        0  radio_lib.o(i.rfm73_set_Tpipe)
    i.rfm73_transmit_address                 0x08002d92   Section        0  radio_lib.o(i.rfm73_transmit_address)
    i.rfm73_transmit_message                 0x08002da6   Section        0  radio_lib.o(i.rfm73_transmit_message)
    i.rfm73_wait_ms                          0x08002dc2   Section        0  radio_lib.o(i.rfm73_wait_ms)
    i.slave_disconnect                       0x08002ddc   Section        0  sys_connect.o(i.slave_disconnect)
    i.try_connect                            0x08002e2c   Section        0  sys_connect.o(i.try_connect)
    .constdata                               0x08002ed4   Section      102  radio_lib.o(.constdata)
    .constdata                               0x08002f3a   Section       16  stm32f4xx_hal_rcc.o(.constdata)
    .data                                    0x20000000   Section        8  main.o(.data)
    .data                                    0x20000008   Section        4  stm32f4xx_hal.o(.data)
    uwTick                                   0x20000008   Data           4  stm32f4xx_hal.o(.data)
    .data                                    0x2000000c   Section       20  system_stm32f4xx.o(.data)
    .data                                    0x20000020   Section        4  stdout.o(.data)
    .bss                                     0x20000024   Section      228  main.o(.bss)
    .bss                                     0x20000108   Section       20  gpio.o(.bss)
    .bss                                     0x2000011c   Section      168  spi.o(.bss)
    .bss                                     0x200001c4   Section      144  adc.o(.bss)
    .bss                                     0x20000254   Section      396  dac.o(.bss)
    STACK                                    0x200003e0   Section     1024  startup_stm32f429xx.o(STACK)

    Global Symbols

    Symbol Name                              Value     Ov Type        Size  Object(Section)

    BuildAttributes$$THM_ISAv4$E$P$D$K$B$S$7EM$VFPi3$EXTD16$VFPS$VFMA$PE$A:L22UL41UL21$X:L11$S22US41US21$IEEE1$IW$USESV6$~STKCKD$USESV7$~SHL$OSPACE$ROPI$EBA8$MICROLIB$REQ8$PRES8$EABIv2 0x00000000   Number         0  anon$$obj.o ABSOLUTE
    __ARM_use_no_argv                        0x00000000   Number         0  main.o ABSOLUTE
    _printf_a                                0x00000000   Number         0  stubs.o ABSOLUTE
    _printf_c                                0x00000000   Number         0  stubs.o ABSOLUTE
    _printf_charcount                        0x00000000   Number         0  stubs.o ABSOLUTE
    _printf_d                                0x00000000   Number         0  stubs.o ABSOLUTE
    _printf_e                                0x00000000   Number         0  stubs.o ABSOLUTE
    _printf_f                                0x00000000   Number         0  stubs.o ABSOLUTE
    _printf_flags                            0x00000000   Number         0  stubs.o ABSOLUTE
    _printf_fp_dec                           0x00000000   Number         0  stubs.o ABSOLUTE
    _printf_fp_hex                           0x00000000   Number         0  stubs.o ABSOLUTE
    _printf_g                                0x00000000   Number         0  stubs.o ABSOLUTE
    _printf_i                                0x00000000   Number         0  stubs.o ABSOLUTE
    _printf_int_dec                          0x00000000   Number         0  stubs.o ABSOLUTE
    _printf_l                                0x00000000   Number         0  stubs.o ABSOLUTE
    _printf_lc                               0x00000000   Number         0  stubs.o ABSOLUTE
    _printf_ll                               0x00000000   Number         0  stubs.o ABSOLUTE
    _printf_lld                              0x00000000   Number         0  stubs.o ABSOLUTE
    _printf_lli                              0x00000000   Number         0  stubs.o ABSOLUTE
    _printf_llo                              0x00000000   Number         0  stubs.o ABSOLUTE
    _printf_llu                              0x00000000   Number         0  stubs.o ABSOLUTE
    _printf_llx                              0x00000000   Number         0  stubs.o ABSOLUTE
    _printf_longlong_dec                     0x00000000   Number         0  stubs.o ABSOLUTE
    _printf_longlong_hex                     0x00000000   Number         0  stubs.o ABSOLUTE
    _printf_longlong_oct                     0x00000000   Number         0  stubs.o ABSOLUTE
    _printf_ls                               0x00000000   Number         0  stubs.o ABSOLUTE
    _printf_mbtowc                           0x00000000   Number         0  stubs.o ABSOLUTE
    _printf_n                                0x00000000   Number         0  stubs.o ABSOLUTE
    _printf_o                                0x00000000   Number         0  stubs.o ABSOLUTE
    _printf_p                                0x00000000   Number         0  stubs.o ABSOLUTE
    _printf_percent                          0x00000000   Number         0  stubs.o ABSOLUTE
    _printf_pre_padding                      0x00000000   Number         0  stubs.o ABSOLUTE
    _printf_return_value                     0x00000000   Number         0  stubs.o ABSOLUTE
    _printf_s                                0x00000000   Number         0  stubs.o ABSOLUTE
    _printf_sizespec                         0x00000000   Number         0  stubs.o ABSOLUTE
    _printf_str                              0x00000000   Number         0  stubs.o ABSOLUTE
    _printf_truncate_signed                  0x00000000   Number         0  stubs.o ABSOLUTE
    _printf_truncate_unsigned                0x00000000   Number         0  stubs.o ABSOLUTE
    _printf_u                                0x00000000   Number         0  stubs.o ABSOLUTE
    _printf_wc                               0x00000000   Number         0  stubs.o ABSOLUTE
    _printf_wctomb                           0x00000000   Number         0  stubs.o ABSOLUTE
    _printf_widthprec                        0x00000000   Number         0  stubs.o ABSOLUTE
    _printf_x                                0x00000000   Number         0  stubs.o ABSOLUTE
    __cpp_initialize__aeabi_                  - Undefined Weak Reference
    __cxa_finalize                            - Undefined Weak Reference
    __decompress                              - Undefined Weak Reference
    _clock_init                               - Undefined Weak Reference
    _microlib_exit                            - Undefined Weak Reference
    __Vectors_Size                           0x000001ac   Number         0  startup_stm32f429xx.o ABSOLUTE
    __Vectors                                0x08000000   Data           4  startup_stm32f429xx.o(RESET)
    __Vectors_End                            0x080001ac   Data           0  startup_stm32f429xx.o(RESET)
    __main                                   0x080001ad   Thumb Code     0  entry.o(.ARM.Collect$$$$00000000)
    _main_stk                                0x080001ad   Thumb Code     0  entry2.o(.ARM.Collect$$$$00000001)
    _main_scatterload                        0x080001b1   Thumb Code     0  entry5.o(.ARM.Collect$$$$00000004)
    __main_after_scatterload                 0x080001b5   Thumb Code     0  entry5.o(.ARM.Collect$$$$00000004)
    _main_clock                              0x080001b5   Thumb Code     0  entry7b.o(.ARM.Collect$$$$00000008)
    _main_cpp_init                           0x080001b5   Thumb Code     0  entry8b.o(.ARM.Collect$$$$0000000A)
    _main_init                               0x080001b5   Thumb Code     0  entry9a.o(.ARM.Collect$$$$0000000B)
    __rt_final_cpp                           0x080001bd   Thumb Code     0  entry10a.o(.ARM.Collect$$$$0000000D)
    __rt_final_exit                          0x080001bd   Thumb Code     0  entry11a.o(.ARM.Collect$$$$0000000F)
    Reset_Handler                            0x080001c1   Thumb Code     8  startup_stm32f429xx.o(.text)
    NMI_Handler                              0x080001c9   Thumb Code     2  startup_stm32f429xx.o(.text)
    HardFault_Handler                        0x080001cb   Thumb Code     2  startup_stm32f429xx.o(.text)
    MemManage_Handler                        0x080001cd   Thumb Code     2  startup_stm32f429xx.o(.text)
    BusFault_Handler                         0x080001cf   Thumb Code     2  startup_stm32f429xx.o(.text)
    UsageFault_Handler                       0x080001d1   Thumb Code     2  startup_stm32f429xx.o(.text)
    SVC_Handler                              0x080001d3   Thumb Code     2  startup_stm32f429xx.o(.text)
    DebugMon_Handler                         0x080001d5   Thumb Code     2  startup_stm32f429xx.o(.text)
    PendSV_Handler                           0x080001d7   Thumb Code     2  startup_stm32f429xx.o(.text)
    CAN1_RX0_IRQHandler                      0x080001db   Thumb Code     0  startup_stm32f429xx.o(.text)
    CAN1_RX1_IRQHandler                      0x080001db   Thumb Code     0  startup_stm32f429xx.o(.text)
    CAN1_SCE_IRQHandler                      0x080001db   Thumb Code     0  startup_stm32f429xx.o(.text)
    CAN1_TX_IRQHandler                       0x080001db   Thumb Code     0  startup_stm32f429xx.o(.text)
    CAN2_RX0_IRQHandler                      0x080001db   Thumb Code     0  startup_stm32f429xx.o(.text)
    CAN2_RX1_IRQHandler                      0x080001db   Thumb Code     0  startup_stm32f429xx.o(.text)
    CAN2_SCE_IRQHandler                      0x080001db   Thumb Code     0  startup_stm32f429xx.o(.text)
    CAN2_TX_IRQHandler                       0x080001db   Thumb Code     0  startup_stm32f429xx.o(.text)
    DCMI_IRQHandler                          0x080001db   Thumb Code     0  startup_stm32f429xx.o(.text)
    DMA1_Stream0_IRQHandler                  0x080001db   Thumb Code     0  startup_stm32f429xx.o(.text)
    DMA1_Stream1_IRQHandler                  0x080001db   Thumb Code     0  startup_stm32f429xx.o(.text)
    DMA1_Stream2_IRQHandler                  0x080001db   Thumb Code     0  startup_stm32f429xx.o(.text)
    DMA1_Stream3_IRQHandler                  0x080001db   Thumb Code     0  startup_stm32f429xx.o(.text)
    DMA1_Stream4_IRQHandler                  0x080001db   Thumb Code     0  startup_stm32f429xx.o(.text)
    DMA1_Stream5_IRQHandler                  0x080001db   Thumb Code     0  startup_stm32f429xx.o(.text)
    DMA1_Stream6_IRQHandler                  0x080001db   Thumb Code     0  startup_stm32f429xx.o(.text)
    DMA1_Stream7_IRQHandler                  0x080001db   Thumb Code     0  startup_stm32f429xx.o(.text)
    DMA2D_IRQHandler                         0x080001db   Thumb Code     0  startup_stm32f429xx.o(.text)
    DMA2_Stream0_IRQHandler                  0x080001db   Thumb Code     0  startup_stm32f429xx.o(.text)
    DMA2_Stream1_IRQHandler                  0x080001db   Thumb Code     0  startup_stm32f429xx.o(.text)
    DMA2_Stream2_IRQHandler                  0x080001db   Thumb Code     0  startup_stm32f429xx.o(.text)
    DMA2_Stream3_IRQHandler                  0x080001db   Thumb Code     0  startup_stm32f429xx.o(.text)
    DMA2_Stream4_IRQHandler                  0x080001db   Thumb Code     0  startup_stm32f429xx.o(.text)
    DMA2_Stream5_IRQHandler                  0x080001db   Thumb Code     0  startup_stm32f429xx.o(.text)
    DMA2_Stream6_IRQHandler                  0x080001db   Thumb Code     0  startup_stm32f429xx.o(.text)
    DMA2_Stream7_IRQHandler                  0x080001db   Thumb Code     0  startup_stm32f429xx.o(.text)
    ETH_IRQHandler                           0x080001db   Thumb Code     0  startup_stm32f429xx.o(.text)
    ETH_WKUP_IRQHandler                      0x080001db   Thumb Code     0  startup_stm32f429xx.o(.text)
    EXTI0_IRQHandler                         0x080001db   Thumb Code     0  startup_stm32f429xx.o(.text)
    EXTI15_10_IRQHandler                     0x080001db   Thumb Code     0  startup_stm32f429xx.o(.text)
    EXTI1_IRQHandler                         0x080001db   Thumb Code     0  startup_stm32f429xx.o(.text)
    EXTI2_IRQHandler                         0x080001db   Thumb Code     0  startup_stm32f429xx.o(.text)
    EXTI4_IRQHandler                         0x080001db   Thumb Code     0  startup_stm32f429xx.o(.text)
    FLASH_IRQHandler                         0x080001db   Thumb Code     0  startup_stm32f429xx.o(.text)
    FMC_IRQHandler                           0x080001db   Thumb Code     0  startup_stm32f429xx.o(.text)
    FPU_IRQHandler                           0x080001db   Thumb Code     0  startup_stm32f429xx.o(.text)
    HASH_RNG_IRQHandler                      0x080001db   Thumb Code     0  startup_stm32f429xx.o(.text)
    I2C1_ER_IRQHandler                       0x080001db   Thumb Code     0  startup_stm32f429xx.o(.text)
    I2C1_EV_IRQHandler                       0x080001db   Thumb Code     0  startup_stm32f429xx.o(.text)
    I2C2_ER_IRQHandler                       0x080001db   Thumb Code     0  startup_stm32f429xx.o(.text)
    I2C2_EV_IRQHandler                       0x080001db   Thumb Code     0  startup_stm32f429xx.o(.text)
    I2C3_ER_IRQHandler                       0x080001db   Thumb Code     0  startup_stm32f429xx.o(.text)
    I2C3_EV_IRQHandler                       0x080001db   Thumb Code     0  startup_stm32f429xx.o(.text)
    LTDC_ER_IRQHandler                       0x080001db   Thumb Code     0  startup_stm32f429xx.o(.text)
    LTDC_IRQHandler                          0x080001db   Thumb Code     0  startup_stm32f429xx.o(.text)
    OTG_FS_IRQHandler                        0x080001db   Thumb Code     0  startup_stm32f429xx.o(.text)
    OTG_FS_WKUP_IRQHandler                   0x080001db   Thumb Code     0  startup_stm32f429xx.o(.text)
    OTG_HS_EP1_IN_IRQHandler                 0x080001db   Thumb Code     0  startup_stm32f429xx.o(.text)
    OTG_HS_EP1_OUT_IRQHandler                0x080001db   Thumb Code     0  startup_stm32f429xx.o(.text)
    OTG_HS_IRQHandler                        0x080001db   Thumb Code     0  startup_stm32f429xx.o(.text)
    OTG_HS_WKUP_IRQHandler                   0x080001db   Thumb Code     0  startup_stm32f429xx.o(.text)
    PVD_IRQHandler                           0x080001db   Thumb Code     0  startup_stm32f429xx.o(.text)
    RTC_Alarm_IRQHandler                     0x080001db   Thumb Code     0  startup_stm32f429xx.o(.text)
    RTC_WKUP_IRQHandler                      0x080001db   Thumb Code     0  startup_stm32f429xx.o(.text)
    SAI1_IRQHandler                          0x080001db   Thumb Code     0  startup_stm32f429xx.o(.text)
    SDIO_IRQHandler                          0x080001db   Thumb Code     0  startup_stm32f429xx.o(.text)
    SPI2_IRQHandler                          0x080001db   Thumb Code     0  startup_stm32f429xx.o(.text)
    SPI4_IRQHandler                          0x080001db   Thumb Code     0  startup_stm32f429xx.o(.text)
    SPI5_IRQHandler                          0x080001db   Thumb Code     0  startup_stm32f429xx.o(.text)
    SPI6_IRQHandler                          0x080001db   Thumb Code     0  startup_stm32f429xx.o(.text)
    TAMP_STAMP_IRQHandler                    0x080001db   Thumb Code     0  startup_stm32f429xx.o(.text)
    TIM1_BRK_TIM9_IRQHandler                 0x080001db   Thumb Code     0  startup_stm32f429xx.o(.text)
    TIM1_CC_IRQHandler                       0x080001db   Thumb Code     0  startup_stm32f429xx.o(.text)
    TIM1_TRG_COM_TIM11_IRQHandler            0x080001db   Thumb Code     0  startup_stm32f429xx.o(.text)
    TIM1_UP_TIM10_IRQHandler                 0x080001db   Thumb Code     0  startup_stm32f429xx.o(.text)
    TIM3_IRQHandler                          0x080001db   Thumb Code     0  startup_stm32f429xx.o(.text)
    TIM4_IRQHandler                          0x080001db   Thumb Code     0  startup_stm32f429xx.o(.text)
    TIM5_IRQHandler                          0x080001db   Thumb Code     0  startup_stm32f429xx.o(.text)
    TIM6_DAC_IRQHandler                      0x080001db   Thumb Code     0  startup_stm32f429xx.o(.text)
    TIM7_IRQHandler                          0x080001db   Thumb Code     0  startup_stm32f429xx.o(.text)
    TIM8_BRK_TIM12_IRQHandler                0x080001db   Thumb Code     0  startup_stm32f429xx.o(.text)
    TIM8_CC_IRQHandler                       0x080001db   Thumb Code     0  startup_stm32f429xx.o(.text)
    TIM8_TRG_COM_TIM14_IRQHandler            0x080001db   Thumb Code     0  startup_stm32f429xx.o(.text)
    TIM8_UP_TIM13_IRQHandler                 0x080001db   Thumb Code     0  startup_stm32f429xx.o(.text)
    UART4_IRQHandler                         0x080001db   Thumb Code     0  startup_stm32f429xx.o(.text)
    UART5_IRQHandler                         0x080001db   Thumb Code     0  startup_stm32f429xx.o(.text)
    UART7_IRQHandler                         0x080001db   Thumb Code     0  startup_stm32f429xx.o(.text)
    UART8_IRQHandler                         0x080001db   Thumb Code     0  startup_stm32f429xx.o(.text)
    USART1_IRQHandler                        0x080001db   Thumb Code     0  startup_stm32f429xx.o(.text)
    USART2_IRQHandler                        0x080001db   Thumb Code     0  startup_stm32f429xx.o(.text)
    USART3_IRQHandler                        0x080001db   Thumb Code     0  startup_stm32f429xx.o(.text)
    USART6_IRQHandler                        0x080001db   Thumb Code     0  startup_stm32f429xx.o(.text)
    WWDG_IRQHandler                          0x080001db   Thumb Code     0  startup_stm32f429xx.o(.text)
    __aeabi_uldivmod                         0x080001e5   Thumb Code    98  uldiv.o(.text)
    __scatterload                            0x08000249   Thumb Code    28  init.o(.text)
    __scatterload_rt2                        0x08000249   Thumb Code     0  init.o(.text)
    __aeabi_llsl                             0x0800026d   Thumb Code    30  llshl.o(.text)
    _ll_shift_l                              0x0800026d   Thumb Code     0  llshl.o(.text)
    __aeabi_llsr                             0x0800028b   Thumb Code    32  llushr.o(.text)
    _ll_ushift_r                             0x0800028b   Thumb Code     0  llushr.o(.text)
    ADC_IRQHandler                           0x080002ad   Thumb Code    20  stm32f4xx_it.o(i.ADC_IRQHandler)
    EXTI3_IRQHandler                         0x0800040d   Thumb Code    34  stm32f4xx_it.o(i.EXTI3_IRQHandler)
    EXTI9_5_IRQHandler                       0x08000439   Thumb Code    36  stm32f4xx_it.o(i.EXTI9_5_IRQHandler)
    HAL_ADCEx_InjectedConvCpltCallback       0x08000465   Thumb Code     2  stm32f4xx_hal_adc_ex.o(i.HAL_ADCEx_InjectedConvCpltCallback)
    HAL_ADC_ConfigChannel                    0x08000469   Thumb Code   348  stm32f4xx_hal_adc.o(i.HAL_ADC_ConfigChannel)
    HAL_ADC_ConvCpltCallback                 0x080005d1   Thumb Code     2  stm32f4xx_hal_adc.o(i.HAL_ADC_ConvCpltCallback)
    HAL_ADC_ErrorCallback                    0x080005d3   Thumb Code     2  stm32f4xx_hal_adc.o(i.HAL_ADC_ErrorCallback)
    HAL_ADC_IRQHandler                       0x080005d5   Thumb Code   342  stm32f4xx_hal_adc.o(i.HAL_ADC_IRQHandler)
    HAL_ADC_Init                             0x0800072b   Thumb Code    58  stm32f4xx_hal_adc.o(i.HAL_ADC_Init)
    HAL_ADC_LevelOutOfWindowCallback         0x08000765   Thumb Code     2  stm32f4xx_hal_adc.o(i.HAL_ADC_LevelOutOfWindowCallback)
    HAL_ADC_MspInit                          0x08000769   Thumb Code    66  stm32f4xx_hal_msp.o(i.HAL_ADC_MspInit)
    HAL_DAC_ConfigChannel                    0x080007b9   Thumb Code    90  stm32f4xx_hal_dac.o(i.HAL_DAC_ConfigChannel)
    HAL_DAC_Init                             0x08000813   Thumb Code    36  stm32f4xx_hal_dac.o(i.HAL_DAC_Init)
    HAL_DAC_MspInit                          0x08000839   Thumb Code    50  stm32f4xx_hal_msp.o(i.HAL_DAC_MspInit)
    HAL_GPIO_Init                            0x08000879   Thumb Code   466  stm32f4xx_hal_gpio.o(i.HAL_GPIO_Init)
    HAL_GPIO_ReadPin                         0x08000a81   Thumb Code    16  stm32f4xx_hal_gpio.o(i.HAL_GPIO_ReadPin)
    HAL_GetTick                              0x08000a91   Thumb Code     6  stm32f4xx_hal.o(i.HAL_GetTick)
    HAL_IncTick                              0x08000a9d   Thumb Code    12  stm32f4xx_hal.o(i.HAL_IncTick)
    HAL_Init                                 0x08000aad   Thumb Code    54  stm32f4xx_hal.o(i.HAL_Init)
    HAL_InitTick                             0x08000ae9   Thumb Code    36  stm32f4xx_hal.o(i.HAL_InitTick)
    HAL_MspInit                              0x08000b0d   Thumb Code    36  stm32f4xx_hal_msp.o(i.HAL_MspInit)
    HAL_NVIC_EnableIRQ                       0x08000b31   Thumb Code    26  stm32f4xx_hal_cortex.o(i.HAL_NVIC_EnableIRQ)
    HAL_NVIC_SetPriority                     0x08000b4b   Thumb Code   124  stm32f4xx_hal_cortex.o(i.HAL_NVIC_SetPriority)
    HAL_NVIC_SetPriorityGrouping             0x08000bc9   Thumb Code    32  stm32f4xx_hal_cortex.o(i.HAL_NVIC_SetPriorityGrouping)
    HAL_RCC_ClockConfig                      0x08000bf1   Thumb Code   588  stm32f4xx_hal_rcc.o(i.HAL_RCC_ClockConfig)
    HAL_RCC_GetHCLKFreq                      0x08000e45   Thumb Code    42  stm32f4xx_hal_rcc.o(i.HAL_RCC_GetHCLKFreq)
    HAL_RCC_GetSysClockFreq                  0x08000e7d   Thumb Code   182  stm32f4xx_hal_rcc.o(i.HAL_RCC_GetSysClockFreq)
    HAL_RCC_OscConfig                        0x08000f41   Thumb Code  1002  stm32f4xx_hal_rcc.o(i.HAL_RCC_OscConfig)
    HAL_SPI_Init                             0x0800133d   Thumb Code   132  stm32f4xx_hal_spi.o(i.HAL_SPI_Init)
    HAL_SPI_MspInit                          0x080013c1   Thumb Code   146  spi.o(i.HAL_SPI_MspInit)
    HAL_SYSTICK_Callback                     0x08001469   Thumb Code     2  stm32f4xx_hal_cortex.o(i.HAL_SYSTICK_Callback)
    HAL_SYSTICK_Config                       0x0800146b   Thumb Code    52  stm32f4xx_hal_cortex.o(i.HAL_SYSTICK_Config)
    HAL_SYSTICK_IRQHandler                   0x0800149f   Thumb Code     8  stm32f4xx_hal_cortex.o(i.HAL_SYSTICK_IRQHandler)
    HAL_TIMEx_BreakCallback                  0x080014a7   Thumb Code     2  stm32f4xx_hal_tim_ex.o(i.HAL_TIMEx_BreakCallback)
    HAL_TIMEx_CommutationCallback            0x080014a9   Thumb Code     2  stm32f4xx_hal_tim_ex.o(i.HAL_TIMEx_CommutationCallback)
    HAL_TIM_Base_Init                        0x080014ab   Thumb Code    46  stm32f4xx_hal_tim.o(i.HAL_TIM_Base_Init)
    HAL_TIM_Base_MspInit                     0x080014d9   Thumb Code    42  stm32f4xx_hal_msp.o(i.HAL_TIM_Base_MspInit)
    HAL_TIM_IC_CaptureCallback               0x08001509   Thumb Code     2  stm32f4xx_hal_tim.o(i.HAL_TIM_IC_CaptureCallback)
    HAL_TIM_IRQHandler                       0x0800150b   Thumb Code   406  stm32f4xx_hal_tim.o(i.HAL_TIM_IRQHandler)
    HAL_TIM_OC_DelayElapsedCallback          0x080016a1   Thumb Code     2  stm32f4xx_hal_tim.o(i.HAL_TIM_OC_DelayElapsedCallback)
    HAL_TIM_PWM_PulseFinishedCallback        0x080016a3   Thumb Code     2  stm32f4xx_hal_tim.o(i.HAL_TIM_PWM_PulseFinishedCallback)
    HAL_TIM_PeriodElapsedCallback            0x080016a5   Thumb Code     2  stm32f4xx_hal_tim.o(i.HAL_TIM_PeriodElapsedCallback)
    HAL_TIM_TriggerCallback                  0x080016a7   Thumb Code     2  stm32f4xx_hal_tim.o(i.HAL_TIM_TriggerCallback)
    MX_ADC3_Init                             0x080016d9   Thumb Code    88  adc.o(i.MX_ADC3_Init)
    MX_DAC_Init                              0x0800173d   Thumb Code    34  dac.o(i.MX_DAC_Init)
    MX_GPIO_Init                             0x08001769   Thumb Code   244  gpio.o(i.MX_GPIO_Init)
    MX_SPI1_Init                             0x08001875   Thumb Code    84  spi.o(i.MX_SPI1_Init)
    MX_SPI3_Init                             0x080018d1   Thumb Code    84  spi.o(i.MX_SPI3_Init)
    Mconn_cant_send_callback                 0x08001965   Thumb Code    80  rfm73_callbacks.o(i.Mconn_cant_send_callback)
    Mconn_packet_sent_callback               0x080019b9   Thumb Code     8  rfm73_callbacks.o(i.Mconn_packet_sent_callback)
    Mconn_rcv_data_callback                  0x080019c5   Thumb Code     2  rfm73_callbacks.o(i.Mconn_rcv_data_callback)
    RCC_IRQHandler                           0x08001a59   Thumb Code     2  stm32f4xx_it.o(i.RCC_IRQHandler)
    RFM73_CE                                 0x08001a5b   Thumb Code    34  radio_lib.o(i.RFM73_CE)
    RFM73_CSN                                0x08001a7d   Thumb Code    34  radio_lib.o(i.RFM73_CSN)
    SPI1_IRQHandler                          0x08001aa1   Thumb Code    70  stm32f4xx_it.o(i.SPI1_IRQHandler)
    SPI3_IRQHandler                          0x08001aed   Thumb Code    70  stm32f4xx_it.o(i.SPI3_IRQHandler)
    Sconn_cant_send_callback                 0x08001b39   Thumb Code     6  rfm73_callbacks.o(i.Sconn_cant_send_callback)
    Sconn_packet_sent_callback               0x08001b3f   Thumb Code     2  rfm73_callbacks.o(i.Sconn_packet_sent_callback)
    Sconn_rcv_data_callback                  0x08001b41   Thumb Code    76  rfm73_callbacks.o(i.Sconn_rcv_data_callback)
    SysTick_Handler                          0x08001b9d   Thumb Code    12  stm32f4xx_it.o(i.SysTick_Handler)
    SystemClock_Config                       0x08001ba9   Thumb Code   100  main.o(i.SystemClock_Config)
    SystemInit                               0x08001c15   Thumb Code    82  system_stm32f4xx.o(i.SystemInit)
    TIM2_IRQHandler                          0x08001c79   Thumb Code    90  stm32f4xx_it.o(i.TIM2_IRQHandler)
    TIM_Base_SetConfig                       0x08001ce1   Thumb Code   184  stm32f4xx_hal_tim.o(i.TIM_Base_SetConfig)
    __0printf$5                              0x08001dc5   Thumb Code    22  printf5.o(i.__0printf$5)
    __1printf$5                              0x08001dc5   Thumb Code     0  printf5.o(i.__0printf$5)
    __2printf                                0x08001dc5   Thumb Code     0  printf5.o(i.__0printf$5)
    __scatterload_copy                       0x08001de5   Thumb Code    14  handlers.o(i.__scatterload_copy)
    __scatterload_null                       0x08001df3   Thumb Code     2  handlers.o(i.__scatterload_null)
    __scatterload_zeroinit                   0x08001df5   Thumb Code    14  handlers.o(i.__scatterload_zeroinit)
    _rfm73_analyze                           0x080020c5   Thumb Code   302  radio_lib.o(i._rfm73_analyze)
    adc_OFF                                  0x080021f9   Thumb Code    30  adc.o(i.adc_OFF)
    adc_ON                                   0x08002221   Thumb Code    30  adc.o(i.adc_ON)
    adc_buff_append                          0x08002249   Thumb Code   196  adc.o(i.adc_buff_append)
    adc_buff_clear                           0x08002311   Thumb Code    82  adc.o(i.adc_buff_clear)
    adc_buff_init                            0x08002369   Thumb Code    30  adc.o(i.adc_buff_init)
    adc_data_ready                           0x0800238d   Thumb Code   112  adc.o(i.adc_data_ready)
    dac_OFF                                  0x08002405   Thumb Code    30  dac.o(i.dac_OFF)
    dac_ON                                   0x0800242d   Thumb Code    30  dac.o(i.dac_ON)
    dac_buff_append                          0x08002455   Thumb Code   144  dac.o(i.dac_buff_append)
    dac_buff_init                            0x080024e9   Thumb Code    28  dac.o(i.dac_buff_init)
    dac_data_ready                           0x08002509   Thumb Code    80  dac.o(i.dac_data_ready)
    disc_cant_send_callback                  0x0800255d   Thumb Code     6  rfm73_callbacks.o(i.disc_cant_send_callback)
    disc_packet_sent_callback                0x08002563   Thumb Code     2  rfm73_callbacks.o(i.disc_packet_sent_callback)
    disc_rcv_data_callback                   0x08002565   Thumb Code    76  rfm73_callbacks.o(i.disc_rcv_data_callback)
    fputc                                    0x080025c5   Thumb Code    50  main.o(i.fputc)
    main                                     0x080025fd   Thumb Code   358  main.o(i.main)
    master_cant_conn_callback                0x08002799   Thumb Code    62  rfm73_callbacks.o(i.master_cant_conn_callback)
    master_connected_callback                0x080027ed   Thumb Code    62  rfm73_callbacks.o(i.master_connected_callback)
    master_disconnect_main                   0x08002841   Thumb Code   136  sys_connect.o(i.master_disconnect_main)
    master_rcv_data_callback                 0x080028e1   Thumb Code     2  rfm73_callbacks.o(i.master_rcv_data_callback)
    rfm73_SPI_RW                             0x080028e3   Thumb Code    66  radio_lib.o(i.rfm73_SPI_RW)
    rfm73_bank                               0x08002925   Thumb Code    38  radio_lib.o(i.rfm73_bank)
    rfm73_buffer_write                       0x0800294b   Thumb Code    68  radio_lib.o(i.rfm73_buffer_write)
    rfm73_channel_payload_size               0x0800298f   Thumb Code    72  radio_lib.o(i.rfm73_channel_payload_size)
    rfm73_check                              0x080029d7   Thumb Code    50  radio_lib.o(i.rfm73_check)
    rfm73_init                               0x08002a09   Thumb Code   200  radio_lib.o(i.rfm73_init)
    rfm73_init_bank1                         0x08002ae1   Thumb Code   216  radio_lib.o(i.rfm73_init_bank1)
    rfm73_mode_receive                       0x08002bc1   Thumb Code    80  radio_lib.o(i.rfm73_mode_receive)
    rfm73_mode_transmit                      0x08002c11   Thumb Code    80  radio_lib.o(i.rfm73_mode_transmit)
    rfm73_receive_address_p0                 0x08002c61   Thumb Code    20  radio_lib.o(i.rfm73_receive_address_p0)
    rfm73_receive_address_p1                 0x08002c75   Thumb Code    20  radio_lib.o(i.rfm73_receive_address_p1)
    rfm73_receive_address_pn                 0x08002c89   Thumb Code    24  radio_lib.o(i.rfm73_receive_address_pn)
    rfm73_register_read                      0x08002ca1   Thumb Code    50  radio_lib.o(i.rfm73_register_read)
    rfm73_register_write                     0x08002cd3   Thumb Code    50  radio_lib.o(i.rfm73_register_write)
    rfm73_rx_interrupt_handle                0x08002d05   Thumb Code   118  radio_lib.o(i.rfm73_rx_interrupt_handle)
    rfm73_set_Tpipe                          0x08002d7b   Thumb Code    24  radio_lib.o(i.rfm73_set_Tpipe)
    rfm73_transmit_address                   0x08002d93   Thumb Code    20  radio_lib.o(i.rfm73_transmit_address)
    rfm73_transmit_message                   0x08002da7   Thumb Code    28  radio_lib.o(i.rfm73_transmit_message)
    rfm73_wait_ms                            0x08002dc3   Thumb Code    24  radio_lib.o(i.rfm73_wait_ms)
    slave_disconnect                         0x08002ddd   Thumb Code    58  sys_connect.o(i.slave_disconnect)
    try_connect                              0x08002e2d   Thumb Code   148  sys_connect.o(i.try_connect)
    Bank1_Reg0_13                            0x08002ed4   Data          56  radio_lib.o(.constdata)
    Bank1_Reg14                              0x08002f0c   Data          11  radio_lib.o(.constdata)
    Bank0_Reg                                0x08002f17   Data          20  radio_lib.o(.constdata)
    RX0_Address                              0x08002f2b   Data           5  radio_lib.o(.constdata)
    RX1_Address                              0x08002f30   Data           5  radio_lib.o(.constdata)
    RX2_Address                              0x08002f35   Data           5  radio_lib.o(.constdata)
    APBAHBPrescTable                         0x08002f3a   Data          16  stm32f4xx_hal_rcc.o(.constdata)
    Region$$Table$$Base                      0x08002f4c   Number         0  anon$$obj.o(Region$$Table)
    Region$$Table$$Limit                     0x08002f6c   Number         0  anon$$obj.o(Region$$Table)
    system                                   0x20000000   Data           8  main.o(.data)
    SystemCoreClock                          0x2000000c   Data           4  system_stm32f4xx.o(.data)
    AHBPrescTable                            0x20000010   Data          16  system_stm32f4xx.o(.data)
    __stdout                                 0x20000020   Data           4  stdout.o(.data)
    radio1                                   0x20000024   Data          84  main.o(.bss)
    radio2                                   0x20000078   Data          84  main.o(.bss)
    htim2                                    0x200000cc   Data          60  main.o(.bss)
    gpio_init_struct                         0x20000108   Data          20  gpio.o(.bss)
    hspi1                                    0x2000011c   Data          84  spi.o(.bss)
    hspi3                                    0x20000170   Data          84  spi.o(.bss)
    adc_buff                                 0x200001c4   Data          76  adc.o(.bss)
    hadc3                                    0x20000210   Data          68  adc.o(.bss)
    dac_buff                                 0x20000254   Data         376  dac.o(.bss)
    hdac                                     0x200003cc   Data          20  dac.o(.bss)
    __initial_sp                             0x200007e0   Data           0  startup_stm32f429xx.o(STACK)



==============================================================================

Memory Map of the image

  Image Entry point : 0x080001ad

  Load Region LR_IROM1 (Base: 0x08000000, Size: 0x00002f90, Max: 0x00200000, ABSOLUTE)

    Execution Region ER_IROM1 (Base: 0x08000000, Size: 0x00002f6c, Max: 0x00200000, ABSOLUTE)

    Base Addr    Size         Type   Attr      Idx    E Section Name        Object

    0x08000000   0x000001ac   Data   RO         3551    RESET               startup_stm32f429xx.o
    0x080001ac   0x00000000   Code   RO         3556  * .ARM.Collect$$$$00000000  mc_w.l(entry.o)
    0x080001ac   0x00000004   Code   RO         3820    .ARM.Collect$$$$00000001  mc_w.l(entry2.o)
    0x080001b0   0x00000004   Code   RO         3823    .ARM.Collect$$$$00000004  mc_w.l(entry5.o)
    0x080001b4   0x00000000   Code   RO         3825    .ARM.Collect$$$$00000008  mc_w.l(entry7b.o)
    0x080001b4   0x00000000   Code   RO         3827    .ARM.Collect$$$$0000000A  mc_w.l(entry8b.o)
    0x080001b4   0x00000008   Code   RO         3828    .ARM.Collect$$$$0000000B  mc_w.l(entry9a.o)
    0x080001bc   0x00000000   Code   RO         3830    .ARM.Collect$$$$0000000D  mc_w.l(entry10a.o)
    0x080001bc   0x00000000   Code   RO         3832    .ARM.Collect$$$$0000000F  mc_w.l(entry11a.o)
    0x080001bc   0x00000004   Code   RO         3821    .ARM.Collect$$$$00002712  mc_w.l(entry2.o)
    0x080001c0   0x00000024   Code   RO         3552    .text               startup_stm32f429xx.o
    0x080001e4   0x00000062   Code   RO         3837    .text               mc_w.l(uldiv.o)
    0x08000246   0x00000002   PAD
    0x08000248   0x00000024   Code   RO         3850    .text               mc_w.l(init.o)
    0x0800026c   0x0000001e   Code   RO         3852    .text               mc_w.l(llshl.o)
    0x0800028a   0x00000020   Code   RO         3854    .text               mc_w.l(llushr.o)
    0x080002aa   0x00000002   PAD
    0x080002ac   0x0000001c   Code   RO          254    i.ADC_IRQHandler    stm32f4xx_it.o
    0x080002c8   0x00000144   Code   RO         2166    i.ADC_Init          stm32f4xx_hal_adc.o
    0x0800040c   0x0000002c   Code   RO          255    i.EXTI3_IRQHandler  stm32f4xx_it.o
    0x08000438   0x0000002c   Code   RO          256    i.EXTI9_5_IRQHandler  stm32f4xx_it.o
    0x08000464   0x00000002   Code   RO         2333    i.HAL_ADCEx_InjectedConvCpltCallback  stm32f4xx_hal_adc_ex.o
    0x08000466   0x00000002   PAD
    0x08000468   0x00000168   Code   RO         2168    i.HAL_ADC_ConfigChannel  stm32f4xx_hal_adc.o
    0x080005d0   0x00000002   Code   RO         2169    i.HAL_ADC_ConvCpltCallback  stm32f4xx_hal_adc.o
    0x080005d2   0x00000002   Code   RO         2172    i.HAL_ADC_ErrorCallback  stm32f4xx_hal_adc.o
    0x080005d4   0x00000156   Code   RO         2176    i.HAL_ADC_IRQHandler  stm32f4xx_hal_adc.o
    0x0800072a   0x0000003a   Code   RO         2177    i.HAL_ADC_Init      stm32f4xx_hal_adc.o
    0x08000764   0x00000002   Code   RO         2178    i.HAL_ADC_LevelOutOfWindowCallback  stm32f4xx_hal_adc.o
    0x08000766   0x00000002   PAD
    0x08000768   0x00000050   Code   RO          172    i.HAL_ADC_MspInit   stm32f4xx_hal_msp.o
    0x080007b8   0x0000005a   Code   RO         2433    i.HAL_DAC_ConfigChannel  stm32f4xx_hal_dac.o
    0x08000812   0x00000024   Code   RO         2443    i.HAL_DAC_Init      stm32f4xx_hal_dac.o
    0x08000836   0x00000002   PAD
    0x08000838   0x00000040   Code   RO          174    i.HAL_DAC_MspInit   stm32f4xx_hal_msp.o
    0x08000878   0x00000208   Code   RO         1550    i.HAL_GPIO_Init     stm32f4xx_hal_gpio.o
    0x08000a80   0x00000010   Code   RO         1552    i.HAL_GPIO_ReadPin  stm32f4xx_hal_gpio.o
    0x08000a90   0x0000000c   Code   RO         1830    i.HAL_GetTick       stm32f4xx_hal.o
    0x08000a9c   0x00000010   Code   RO         1831    i.HAL_IncTick       stm32f4xx_hal.o
    0x08000aac   0x0000003c   Code   RO         1832    i.HAL_Init          stm32f4xx_hal.o
    0x08000ae8   0x00000024   Code   RO         1833    i.HAL_InitTick      stm32f4xx_hal.o
    0x08000b0c   0x00000024   Code   RO          175    i.HAL_MspInit       stm32f4xx_hal_msp.o
    0x08000b30   0x0000001a   Code   RO         1251    i.HAL_NVIC_EnableIRQ  stm32f4xx_hal_cortex.o
    0x08000b4a   0x0000007c   Code   RO         1257    i.HAL_NVIC_SetPriority  stm32f4xx_hal_cortex.o
    0x08000bc6   0x00000002   PAD
    0x08000bc8   0x00000028   Code   RO         1258    i.HAL_NVIC_SetPriorityGrouping  stm32f4xx_hal_cortex.o
    0x08000bf0   0x00000254   Code   RO         1970    i.HAL_RCC_ClockConfig  stm32f4xx_hal_rcc.o
    0x08000e44   0x00000038   Code   RO         1975    i.HAL_RCC_GetHCLKFreq  stm32f4xx_hal_rcc.o
    0x08000e7c   0x000000c4   Code   RO         1979    i.HAL_RCC_GetSysClockFreq  stm32f4xx_hal_rcc.o
    0x08000f40   0x000003fc   Code   RO         1982    i.HAL_RCC_OscConfig  stm32f4xx_hal_rcc.o
    0x0800133c   0x00000084   Code   RO          949    i.HAL_SPI_Init      stm32f4xx_hal_spi.o
    0x080013c0   0x000000a8   Code   RO          321    i.HAL_SPI_MspInit   spi.o
    0x08001468   0x00000002   Code   RO         1261    i.HAL_SYSTICK_Callback  stm32f4xx_hal_cortex.o
    0x0800146a   0x00000034   Code   RO         1262    i.HAL_SYSTICK_Config  stm32f4xx_hal_cortex.o
    0x0800149e   0x00000008   Code   RO         1263    i.HAL_SYSTICK_IRQHandler  stm32f4xx_hal_cortex.o
    0x080014a6   0x00000002   Code   RO         3284    i.HAL_TIMEx_BreakCallback  stm32f4xx_hal_tim_ex.o
    0x080014a8   0x00000002   Code   RO         3285    i.HAL_TIMEx_CommutationCallback  stm32f4xx_hal_tim_ex.o
    0x080014aa   0x0000002e   Code   RO         2649    i.HAL_TIM_Base_Init  stm32f4xx_hal_tim.o
    0x080014d8   0x00000030   Code   RO          177    i.HAL_TIM_Base_MspInit  stm32f4xx_hal_msp.o
    0x08001508   0x00000002   Code   RO         2678    i.HAL_TIM_IC_CaptureCallback  stm32f4xx_hal_tim.o
    0x0800150a   0x00000196   Code   RO         2691    i.HAL_TIM_IRQHandler  stm32f4xx_hal_tim.o
    0x080016a0   0x00000002   Code   RO         2694    i.HAL_TIM_OC_DelayElapsedCallback  stm32f4xx_hal_tim.o
    0x080016a2   0x00000002   Code   RO         2721    i.HAL_TIM_PWM_PulseFinishedCallback  stm32f4xx_hal_tim.o
    0x080016a4   0x00000002   Code   RO         2728    i.HAL_TIM_PeriodElapsedCallback  stm32f4xx_hal_tim.o
    0x080016a6   0x00000002   Code   RO         2732    i.HAL_TIM_TriggerCallback  stm32f4xx_hal_tim.o
    0x080016a8   0x00000030   Code   RO          674    i.ITM_SendChar      rfm73_callbacks.o
    0x080016d8   0x00000064   Code   RO          821    i.MX_ADC3_Init      adc.o
    0x0800173c   0x0000002c   Code   RO          884    i.MX_DAC_Init       dac.o
    0x08001768   0x0000010c   Code   RO          231    i.MX_GPIO_Init      gpio.o
    0x08001874   0x0000005c   Code   RO          322    i.MX_SPI1_Init      spi.o
    0x080018d0   0x0000005c   Code   RO          323    i.MX_SPI3_Init      spi.o
    0x0800192c   0x00000038   Code   RO            3    i.MX_TIM2_Init      main.o
    0x08001964   0x00000054   Code   RO          675    i.Mconn_cant_send_callback  rfm73_callbacks.o
    0x080019b8   0x0000000c   Code   RO          676    i.Mconn_packet_sent_callback  rfm73_callbacks.o
    0x080019c4   0x00000002   Code   RO          677    i.Mconn_rcv_data_callback  rfm73_callbacks.o
    0x080019c6   0x00000002   PAD
    0x080019c8   0x00000018   Code   RO          324    i.NVIC_ClearPendingIRQ  spi.o
    0x080019e0   0x00000016   Code   RO          325    i.NVIC_EnableIRQ    spi.o
    0x080019f6   0x00000002   PAD
    0x080019f8   0x00000010   Code   RO         1264    i.NVIC_GetPriorityGrouping  stm32f4xx_hal_cortex.o
    0x08001a08   0x00000028   Code   RO          326    i.NVIC_SetPriority  spi.o
    0x08001a30   0x00000028   Code   RO         1265    i.NVIC_SetPriority  stm32f4xx_hal_cortex.o
    0x08001a58   0x00000002   Code   RO          257    i.RCC_IRQHandler    stm32f4xx_it.o
    0x08001a5a   0x00000022   Code   RO          383    i.RFM73_CE          radio_lib.o
    0x08001a7c   0x00000022   Code   RO          384    i.RFM73_CSN         radio_lib.o
    0x08001a9e   0x00000002   PAD
    0x08001aa0   0x0000004c   Code   RO          258    i.SPI1_IRQHandler   stm32f4xx_it.o
    0x08001aec   0x0000004c   Code   RO          259    i.SPI3_IRQHandler   stm32f4xx_it.o
    0x08001b38   0x00000006   Code   RO          678    i.Sconn_cant_send_callback  rfm73_callbacks.o
    0x08001b3e   0x00000002   Code   RO          679    i.Sconn_packet_sent_callback  rfm73_callbacks.o
    0x08001b40   0x0000005c   Code   RO          680    i.Sconn_rcv_data_callback  rfm73_callbacks.o
    0x08001b9c   0x0000000c   Code   RO          260    i.SysTick_Handler   stm32f4xx_it.o
    0x08001ba8   0x0000006c   Code   RO            4    i.SystemClock_Config  main.o
    0x08001c14   0x00000064   Code   RO         3520    i.SystemInit        system_stm32f4xx.o
    0x08001c78   0x00000068   Code   RO          261    i.TIM2_IRQHandler   stm32f4xx_it.o
    0x08001ce0   0x000000e4   Code   RO         2733    i.TIM_Base_SetConfig  stm32f4xx_hal_tim.o
    0x08001dc4   0x00000020   Code   RO         3692    i.__0printf$5       mc_w.l(printf5.o)
    0x08001de4   0x0000000e   Code   RO         3862    i.__scatterload_copy  mc_w.l(handlers.o)
    0x08001df2   0x00000002   Code   RO         3863    i.__scatterload_null  mc_w.l(handlers.o)
    0x08001df4   0x0000000e   Code   RO         3864    i.__scatterload_zeroinit  mc_w.l(handlers.o)
    0x08001e02   0x00000002   PAD
    0x08001e04   0x000002c0   Code   RO         3699    i._printf_core      mc_w.l(printf5.o)
    0x080020c4   0x00000134   Code   RO          385    i._rfm73_analyze    radio_lib.o
    0x080021f8   0x00000028   Code   RO          822    i.adc_OFF           adc.o
    0x08002220   0x00000028   Code   RO          823    i.adc_ON            adc.o
    0x08002248   0x000000c8   Code   RO          824    i.adc_buff_append   adc.o
    0x08002310   0x00000058   Code   RO          825    i.adc_buff_clear    adc.o
    0x08002368   0x00000024   Code   RO          826    i.adc_buff_init     adc.o
    0x0800238c   0x00000078   Code   RO          827    i.adc_data_ready    adc.o
    0x08002404   0x00000028   Code   RO          885    i.dac_OFF           dac.o
    0x0800242c   0x00000028   Code   RO          886    i.dac_ON            dac.o
    0x08002454   0x00000094   Code   RO          887    i.dac_buff_append   dac.o
    0x080024e8   0x00000020   Code   RO          888    i.dac_buff_init     dac.o
    0x08002508   0x00000054   Code   RO          889    i.dac_data_ready    dac.o
    0x0800255c   0x00000006   Code   RO          683    i.disc_cant_send_callback  rfm73_callbacks.o
    0x08002562   0x00000002   Code   RO          684    i.disc_packet_sent_callback  rfm73_callbacks.o
    0x08002564   0x00000060   Code   RO          685    i.disc_rcv_data_callback  rfm73_callbacks.o
    0x080025c4   0x00000038   Code   RO            5    i.fputc             main.o
    0x080025fc   0x0000019c   Code   RO            6    i.main              main.o
    0x08002798   0x00000054   Code   RO          686    i.master_cant_conn_callback  rfm73_callbacks.o
    0x080027ec   0x00000054   Code   RO          687    i.master_connected_callback  rfm73_callbacks.o
    0x08002840   0x000000a0   Code   RO          788    i.master_disconnect_main  sys_connect.o
    0x080028e0   0x00000002   Code   RO          688    i.master_rcv_data_callback  rfm73_callbacks.o
    0x080028e2   0x00000042   Code   RO          386    i.rfm73_SPI_RW      radio_lib.o
    0x08002924   0x00000026   Code   RO          389    i.rfm73_bank        radio_lib.o
    0x0800294a   0x00000044   Code   RO          391    i.rfm73_buffer_write  radio_lib.o
    0x0800298e   0x00000048   Code   RO          393    i.rfm73_channel_payload_size  radio_lib.o
    0x080029d6   0x00000032   Code   RO          394    i.rfm73_check       radio_lib.o
    0x08002a08   0x000000d8   Code   RO          396    i.rfm73_init        radio_lib.o
    0x08002ae0   0x000000e0   Code   RO          397    i.rfm73_init_bank1  radio_lib.o
    0x08002bc0   0x00000050   Code   RO          404    i.rfm73_mode_receive  radio_lib.o
    0x08002c10   0x00000050   Code   RO          406    i.rfm73_mode_transmit  radio_lib.o
    0x08002c60   0x00000014   Code   RO          411    i.rfm73_receive_address_p0  radio_lib.o
    0x08002c74   0x00000014   Code   RO          412    i.rfm73_receive_address_p1  radio_lib.o
    0x08002c88   0x00000018   Code   RO          413    i.rfm73_receive_address_pn  radio_lib.o
    0x08002ca0   0x00000032   Code   RO          417    i.rfm73_register_read  radio_lib.o
    0x08002cd2   0x00000032   Code   RO          418    i.rfm73_register_write  radio_lib.o
    0x08002d04   0x00000076   Code   RO          421    i.rfm73_rx_interrupt_handle  radio_lib.o
    0x08002d7a   0x00000018   Code   RO          422    i.rfm73_set_Tpipe   radio_lib.o
    0x08002d92   0x00000014   Code   RO          423    i.rfm73_transmit_address  radio_lib.o
    0x08002da6   0x0000001c   Code   RO          425    i.rfm73_transmit_message  radio_lib.o
    0x08002dc2   0x00000018   Code   RO          427    i.rfm73_wait_ms     radio_lib.o
    0x08002dda   0x00000002   PAD
    0x08002ddc   0x00000050   Code   RO          789    i.slave_disconnect  sys_connect.o
    0x08002e2c   0x000000a8   Code   RO          790    i.try_connect       sys_connect.o
    0x08002ed4   0x00000066   Data   RO          428    .constdata          radio_lib.o
    0x08002f3a   0x00000010   Data   RO         1983    .constdata          stm32f4xx_hal_rcc.o
    0x08002f4a   0x00000002   PAD
    0x08002f4c   0x00000020   Data   RO         3860    Region$$Table       anon$$obj.o


    Execution Region RW_IRAM1 (Base: 0x20000000, Size: 0x000007e0, Max: 0x00030000, ABSOLUTE)

    Base Addr    Size         Type   Attr      Idx    E Section Name        Object

    0x20000000   0x00000008   Data   RW            8    .data               main.o
    0x20000008   0x00000004   Data   RW         1838    .data               stm32f4xx_hal.o
    0x2000000c   0x00000014   Data   RW         3521    .data               system_stm32f4xx.o
    0x20000020   0x00000004   Data   RW         3834    .data               mc_w.l(stdout.o)
    0x20000024   0x000000e4   Zero   RW            7    .bss                main.o
    0x20000108   0x00000014   Zero   RW          232    .bss                gpio.o
    0x2000011c   0x000000a8   Zero   RW          327    .bss                spi.o
    0x200001c4   0x00000090   Zero   RW          828    .bss                adc.o
    0x20000254   0x0000018c   Zero   RW          890    .bss                dac.o
    0x200003e0   0x00000400   Zero   RW         3549    STACK               startup_stm32f429xx.o


==============================================================================

Image component sizes


      Code (inc. data)   RO Data    RW Data    ZI Data      Debug   Object Name

       624         56          0          0        144       4543   adc.o
       388         42          0          0        396       4388   dac.o
       268         24          0          0         20        906   gpio.o
       632         72          0          8        228     408712   main.o
      1648         30        102          0          0      42114   radio_lib.o
       520         94          0          0          0       7654   rfm73_callbacks.o
       438         52          0          0        168      30249   spi.o
        36          8        428          0       1024        960   startup_stm32f429xx.o
       124         16          0          4          0       3722   stm32f4xx_hal.o
      1090         20          0          0          0       5414   stm32f4xx_hal_adc.o
         2          0          0          0          0       1077   stm32f4xx_hal_adc_ex.o
       308         22          0          0          0      32139   stm32f4xx_hal_cortex.o
       126          0          0          0          0       2019   stm32f4xx_hal_dac.o
       536         54          0          0          0       3275   stm32f4xx_hal_gpio.o
       228         34          0          0          0       2797   stm32f4xx_hal_msp.o
      1868         54         16          0          0       5005   stm32f4xx_hal_rcc.o
       132          0          0          0          0       1159   stm32f4xx_hal_spi.o
       690         44          0          0          0       5971   stm32f4xx_hal_tim.o
         4          0          0          0          0       1690   stm32f4xx_hal_tim_ex.o
       386         52          0          0          0       4226   stm32f4xx_it.o
       408         66          0          0          0       2483   sys_connect.o
       100         18          0         20          0       1449   system_stm32f4xx.o

    ----------------------------------------------------------------------
     10572        758        580         32       1980     571952   Object Totals
         0          0         32          0          0          0   (incl. Generated)
        16          0          2          0          0          0   (incl. Padding)

    ----------------------------------------------------------------------

      Code (inc. data)   RO Data    RW Data    ZI Data      Debug   Library Member Name

         0          0          0          0          0          0   entry.o
         0          0          0          0          0          0   entry10a.o
         0          0          0          0          0          0   entry11a.o
         8          4          0          0          0          0   entry2.o
         4          0          0          0          0          0   entry5.o
         0          0          0          0          0          0   entry7b.o
         0          0          0          0          0          0   entry8b.o
         8          4          0          0          0          0   entry9a.o
        30          0          0          0          0          0   handlers.o
        36          8          0          0          0         68   init.o
        30          0          0          0          0         68   llshl.o
        32          0          0          0          0         68   llushr.o
       736         56          0          0          0        184   printf5.o
         0          0          0          4          0          0   stdout.o
        98          0          0          0          0         92   uldiv.o

    ----------------------------------------------------------------------
       988         72          0          4          0        480   Library Totals
         6          0          0          0          0          0   (incl. Padding)

    ----------------------------------------------------------------------

      Code (inc. data)   RO Data    RW Data    ZI Data      Debug   Library Name

       982         72          0          4          0        480   mc_w.l

    ----------------------------------------------------------------------
       988         72          0          4          0        480   Library Totals

    ----------------------------------------------------------------------

==============================================================================


      Code (inc. data)   RO Data    RW Data    ZI Data      Debug   

     11560        830        580         36       1980     561680   Grand Totals
     11560        830        580         36       1980     561680   ELF Image Totals
     11560        830        580         36          0          0   ROM Totals

==============================================================================

    Total RO  Size (Code + RO Data)                12140 (  11.86kB)
    Total RW  Size (RW Data + ZI Data)              2016 (   1.97kB)
    Total ROM Size (Code + RO Data + RW Data)      12176 (  11.89kB)

==============================================================================

